Component: ARM Compiler 5.06 update 5 (build 528) Tool: armlink [4d35e2]

==============================================================================

Section Cross References

    startup_stm32f10x_md.o(RESET) refers to startup_stm32f10x_md.o(STACK) for __initial_sp
    startup_stm32f10x_md.o(RESET) refers to startup_stm32f10x_md.o(.text) for Reset_Handler
    startup_stm32f10x_md.o(RESET) refers to stm32f10x_it.o(i.NMI_Handler) for NMI_Handler
    startup_stm32f10x_md.o(RESET) refers to stm32f10x_it.o(i.HardFault_Handler) for HardFault_Handler
    startup_stm32f10x_md.o(RESET) refers to stm32f10x_it.o(i.MemManage_Handler) for MemManage_Handler
    startup_stm32f10x_md.o(RESET) refers to stm32f10x_it.o(i.BusFault_Handler) for BusFault_Handler
    startup_stm32f10x_md.o(RESET) refers to stm32f10x_it.o(i.UsageFault_Handler) for UsageFault_Handler
    startup_stm32f10x_md.o(RESET) refers to port.o(.emb_text) for SVC_Handler
    startup_stm32f10x_md.o(RESET) refers to stm32f10x_it.o(i.DebugMon_Handler) for DebugMon_Handler
    startup_stm32f10x_md.o(RESET) refers to port.o(i.SysTick_Handler) for SysTick_Handler
    startup_stm32f10x_md.o(RESET) refers to main.o(i.EXTI4_IRQHandler) for EXTI4_IRQHandler
    startup_stm32f10x_md.o(RESET) refers to stm32f10x_it.o(i.USB_LP_CAN1_RX0_IRQHandler) for USB_LP_CAN1_RX0_IRQHandler
    startup_stm32f10x_md.o(RESET) refers to uart.o(i.USART1_IRQHandler) for USART1_IRQHandler
    startup_stm32f10x_md.o(.text) refers to system_stm32f10x.o(i.SystemInit) for SystemInit
    startup_stm32f10x_md.o(.text) refers to entry.o(.ARM.Collect$$$$00000000) for __main
    system_stm32f10x.o(i.SetSysClock) refers to system_stm32f10x.o(i.SetSysClockTo72) for SetSysClockTo72
    system_stm32f10x.o(i.SystemCoreClockUpdate) refers to system_stm32f10x.o(.data) for SystemCoreClock
    system_stm32f10x.o(i.SystemInit) refers to system_stm32f10x.o(i.SetSysClock) for SetSysClock
    stm32f10x_adc.o(i.ADC_DeInit) refers to stm32f10x_rcc.o(i.RCC_APB2PeriphResetCmd) for RCC_APB2PeriphResetCmd
    stm32f10x_bkp.o(i.BKP_DeInit) refers to stm32f10x_rcc.o(i.RCC_BackupResetCmd) for RCC_BackupResetCmd
    stm32f10x_can.o(i.CAN_DeInit) refers to stm32f10x_rcc.o(i.RCC_APB1PeriphResetCmd) for RCC_APB1PeriphResetCmd
    stm32f10x_can.o(i.CAN_GetITStatus) refers to stm32f10x_can.o(i.CheckITStatus) for CheckITStatus
    stm32f10x_cec.o(i.CEC_DeInit) refers to stm32f10x_rcc.o(i.RCC_APB1PeriphResetCmd) for RCC_APB1PeriphResetCmd
    stm32f10x_dac.o(i.DAC_DeInit) refers to stm32f10x_rcc.o(i.RCC_APB1PeriphResetCmd) for RCC_APB1PeriphResetCmd
    stm32f10x_flash.o(i.FLASH_EnableWriteProtection) refers to stm32f10x_flash.o(i.FLASH_WaitForLastOperation) for FLASH_WaitForLastOperation
    stm32f10x_flash.o(i.FLASH_EraseAllBank1Pages) refers to stm32f10x_flash.o(i.FLASH_WaitForLastBank1Operation) for FLASH_WaitForLastBank1Operation
    stm32f10x_flash.o(i.FLASH_EraseAllPages) refers to stm32f10x_flash.o(i.FLASH_WaitForLastOperation) for FLASH_WaitForLastOperation
    stm32f10x_flash.o(i.FLASH_EraseOptionBytes) refers to stm32f10x_flash.o(i.FLASH_GetReadOutProtectionStatus) for FLASH_GetReadOutProtectionStatus
    stm32f10x_flash.o(i.FLASH_EraseOptionBytes) refers to stm32f10x_flash.o(i.FLASH_WaitForLastOperation) for FLASH_WaitForLastOperation
    stm32f10x_flash.o(i.FLASH_ErasePage) refers to stm32f10x_flash.o(i.FLASH_WaitForLastOperation) for FLASH_WaitForLastOperation
    stm32f10x_flash.o(i.FLASH_ProgramHalfWord) refers to stm32f10x_flash.o(i.FLASH_WaitForLastOperation) for FLASH_WaitForLastOperation
    stm32f10x_flash.o(i.FLASH_ProgramOptionByteData) refers to stm32f10x_flash.o(i.FLASH_WaitForLastOperation) for FLASH_WaitForLastOperation
    stm32f10x_flash.o(i.FLASH_ProgramWord) refers to stm32f10x_flash.o(i.FLASH_WaitForLastOperation) for FLASH_WaitForLastOperation
    stm32f10x_flash.o(i.FLASH_ReadOutProtection) refers to stm32f10x_flash.o(i.FLASH_WaitForLastOperation) for FLASH_WaitForLastOperation
    stm32f10x_flash.o(i.FLASH_UserOptionByteConfig) refers to stm32f10x_flash.o(i.FLASH_WaitForLastOperation) for FLASH_WaitForLastOperation
    stm32f10x_flash.o(i.FLASH_WaitForLastBank1Operation) refers to stm32f10x_flash.o(i.FLASH_GetBank1Status) for FLASH_GetBank1Status
    stm32f10x_flash.o(i.FLASH_WaitForLastOperation) refers to stm32f10x_flash.o(i.FLASH_GetBank1Status) for FLASH_GetBank1Status
    stm32f10x_gpio.o(i.GPIO_AFIODeInit) refers to stm32f10x_rcc.o(i.RCC_APB2PeriphResetCmd) for RCC_APB2PeriphResetCmd
    stm32f10x_gpio.o(i.GPIO_DeInit) refers to stm32f10x_rcc.o(i.RCC_APB2PeriphResetCmd) for RCC_APB2PeriphResetCmd
    stm32f10x_i2c.o(i.I2C_DeInit) refers to stm32f10x_rcc.o(i.RCC_APB1PeriphResetCmd) for RCC_APB1PeriphResetCmd
    stm32f10x_i2c.o(i.I2C_Init) refers to stm32f10x_rcc.o(i.RCC_GetClocksFreq) for RCC_GetClocksFreq
    stm32f10x_pwr.o(i.PWR_DeInit) refers to stm32f10x_rcc.o(i.RCC_APB1PeriphResetCmd) for RCC_APB1PeriphResetCmd
[...]
    i.__scatterload_zeroinit                 0x08003a48   Section       14  handlers.o(i.__scatterload_zeroinit)
    i._fp_digits                             0x08003a58   Section        0  printfa.o(i._fp_digits)
    _fp_digits                               0x08003a59   Thumb Code   366  printfa.o(i._fp_digits)
    i._printf_core                           0x08003bdc   Section        0  printfa.o(i._printf_core)
    _printf_core                             0x08003bdd   Thumb Code  1744  printfa.o(i._printf_core)
    i._printf_post_padding                   0x080042b8   Section        0  printfa.o(i._printf_post_padding)
    _printf_post_padding                     0x080042b9   Thumb Code    36  printfa.o(i._printf_post_padding)
    i._printf_pre_padding                    0x080042dc   Section        0  printfa.o(i._printf_pre_padding)
    _printf_pre_padding                      0x080042dd   Thumb Code    46  printfa.o(i._printf_pre_padding)
    i._sputc                                 0x0800430a   Section        0  printfa.o(i._sputc)
    _sputc                                   0x0800430b   Thumb Code    10  printfa.o(i._sputc)
    i.fputc                                  0x08004314   Section        0  uart.o(i.fputc)
    i.main                                   0x08004338   Section        0  main.o(i.main)
    i.prvAddCurrentTaskToDelayedList         0x080044fc   Section        0  tasks.o(i.prvAddCurrentTaskToDelayedList)
    prvAddCurrentTaskToDelayedList           0x080044fd   Thumb Code   174  tasks.o(i.prvAddCurrentTaskToDelayedList)
    i.prvAddNewTaskToReadyList               0x080045c8   Section        0  tasks.o(i.prvAddNewTaskToReadyList)
    prvAddNewTaskToReadyList                 0x080045c9   Thumb Code   212  tasks.o(i.prvAddNewTaskToReadyList)
    i.prvCheckTasksWaitingTermination        0x080046b8   Section        0  tasks.o(i.prvCheckTasksWaitingTermination)
    prvCheckTasksWaitingTermination          0x080046b9   Thumb Code    60  tasks.o(i.prvCheckTasksWaitingTermination)
    i.prvCopyDataFromQueue                   0x08004700   Section        0  queue.o(i.prvCopyDataFromQueue)
    prvCopyDataFromQueue                     0x08004701   Thumb Code    42  queue.o(i.prvCopyDataFromQueue)
    i.prvCopyDataToQueue                     0x0800472a   Section        0  queue.o(i.prvCopyDataToQueue)
    prvCopyDataToQueue                       0x0800472b   Thumb Code   126  queue.o(i.prvCopyDataToQueue)
    i.prvCreateIdleTasks                     0x080047a8   Section        0  tasks.o(i.prvCreateIdleTasks)
    prvCreateIdleTasks                       0x080047a9   Thumb Code   104  tasks.o(i.prvCreateIdleTasks)
    i.prvCreateTask                          0x08004820   Section        0  tasks.o(i.prvCreateTask)
    prvCreateTask                            0x08004821   Thumb Code    90  tasks.o(i.prvCreateTask)
    i.prvDeleteTCB                           0x0800487a   Section        0  tasks.o(i.prvDeleteTCB)
    prvDeleteTCB                             0x0800487b   Thumb Code    18  tasks.o(i.prvDeleteTCB)
    i.prvGetHighestPriorityOfWaitToReceiveList 0x0800488c   Section        0  queue.o(i.prvGetHighestPriorityOfWaitToReceiveList)
    prvGetHighestPriorityOfWaitToReceiveList 0x0800488d   Thumb Code    20  queue.o(i.prvGetHighestPriorityOfWaitToReceiveList)
    i.prvHeapInit                            0x080048a0   Section        0  heap_4.o(i.prvHeapInit)
    prvHeapInit                              0x080048a1   Thumb Code    88  heap_4.o(i.prvHeapInit)
    i.prvIdleTask                            0x0800490c   Section        0  tasks.o(i.prvIdleTask)
    prvIdleTask                              0x0800490d   Thumb Code    32  tasks.o(i.prvIdleTask)
    i.prvInitialiseMutex                     0x08004934   Section        0  queue.o(i.prvInitialiseMutex)
    prvInitialiseMutex                       0x08004935   Thumb Code    30  queue.o(i.prvInitialiseMutex)
    i.prvInitialiseNewQueue                  0x08004952   Section        0  queue.o(i.prvInitialiseNewQueue)
    prvInitialiseNewQueue                    0x08004953   Thumb Code    38  queue.o(i.prvInitialiseNewQueue)
    i.prvInitialiseNewTask                   0x08004978   Section        0  tasks.o(i.prvInitialiseNewTask)
    prvInitialiseNewTask                     0x08004979   Thumb Code   124  tasks.o(i.prvInitialiseNewTask)
    i.prvInitialiseTaskLists                 0x080049f4   Section        0  tasks.o(i.prvInitialiseTaskLists)
    prvInitialiseTaskLists                   0x080049f5   Thumb Code    70  tasks.o(i.prvInitialiseTaskLists)
    i.prvInsertBlockIntoFreeList             0x08004a5c   Section        0  heap_4.o(i.prvInsertBlockIntoFreeList)
    prvInsertBlockIntoFreeList               0x08004a5d   Thumb Code    96  heap_4.o(i.prvInsertBlockIntoFreeList)
    i.prvIsQueueEmpty                        0x08004ac4   Section        0  queue.o(i.prvIsQueueEmpty)
    prvIsQueueEmpty                          0x08004ac5   Thumb Code    26  queue.o(i.prvIsQueueEmpty)
    i.prvIsQueueFull                         0x08004ade   Section        0  queue.o(i.prvIsQueueFull)
    prvIsQueueFull                           0x08004adf   Thumb Code    30  queue.o(i.prvIsQueueFull)
    i.prvResetNextTaskUnblockTime            0x08004afc   Section        0  tasks.o(i.prvResetNextTaskUnblockTime)
    prvResetNextTaskUnblockTime              0x08004afd   Thumb Code    40  tasks.o(i.prvResetNextTaskUnblockTime)
    i.prvTaskExitError                       0x08004b2c   Section        0  port.o(i.prvTaskExitError)
    prvTaskExitError                         0x08004b2d   Thumb Code    22  port.o(i.prvTaskExitError)
    i.prvUnlockQueue                         0x08004b42   Section        0  queue.o(i.prvUnlockQueue)
    prvUnlockQueue                           0x08004b43   Thumb Code   126  queue.o(i.prvUnlockQueue)
    i.pvPortMalloc                           0x08004bc0   Section        0  heap_4.o(i.pvPortMalloc)
    i.pvTaskIncrementMutexHeldCount          0x08004cc4   Section        0  tasks.o(i.pvTaskIncrementMutexHeldCount)
    i.pxPortInitialiseStack                  0x08004cd8   Section        0  port.o(i.pxPortInitialiseStack)
    i.uxListRemove                           0x08004cfc   Section        0  list.o(i.uxListRemove)
    i.uxTaskGetNumberOfTasks                 0x08004d24   Section        0  tasks.o(i.uxTaskGetNumberOfTasks)
    i.vListInitialise                        0x08004d30   Section        0  list.o(i.vListInitialise)
    i.vListInitialiseItem                    0x08004d4a   Section        0  list.o(i.vListInitialiseItem)
    i.vListInsert                            0x08004d50   Section        0  list.o(i.vListInsert)
    i.vPortEnterCritical                     0x08004d84   Section        0  port.o(i.vPortEnterCritical)
    i.vPortExitCritical                      0x08004da8   Section        0  port.o(i.vPortExitCritical)
    i.vPortFree                              0x08004dc8   Section        0  heap_4.o(i.vPortFree)
    i.vPortSetupTimerInterrupt               0x08004e14   Section        0  port.o(i.vPortSetupTimerInterrupt)
    i.vTaskDelay                             0x08004e2c   Section        0  tasks.o(i.vTaskDelay)
    i.vTaskInternalSetTimeOutState           0x08004e60   Section        0  tasks.o(i.vTaskInternalSetTimeOutState)
    i.vTaskMissedYield                       0x08004e78   Section        0  tasks.o(i.vTaskMissedYield)
    i.vTaskPlaceOnEventList                  0x08004e84   Section        0  tasks.o(i.vTaskPlaceOnEventList)
    i.vTaskPriorityDisinheritAfterTimeout    0x08004ea4   Section        0  tasks.o(i.vTaskPriorityDisinheritAfterTimeout)
    i.vTaskStartScheduler                    0x08004f7c   Section        0  tasks.o(i.vTaskStartScheduler)
    i.vTaskSuspendAll                        0x08004fc8   Section        0  tasks.o(i.vTaskSuspendAll)
    i.vTaskSwitchContext                     0x08004fd8   Section        0  tasks.o(i.vTaskSwitchContext)
    i.vTask_ACPI                             0x08005040   Section        0  main.o(i.vTask_ACPI)
    i.vTask_KeyProcess                       0x08005054   Section        0  main.o(i.vTask_KeyProcess)
    i.vTask_OLED                             0x080050dc   Section        0  main.o(i.vTask_OLED)
    i.vTask_Thermal                          0x0800525c   Section        0  main.o(i.vTask_Thermal)
    i.vTask_UART                             0x080052c0   Section        0  main.o(i.vTask_UART)
    i.xPortStartScheduler                    0x0800531c   Section        0  port.o(i.xPortStartScheduler)
    i.xQueueCreateMutex                      0x08005350   Section        0  queue.o(i.xQueueCreateMutex)
    i.xQueueGenericCreate                    0x08005372   Section        0  queue.o(i.xQueueGenericCreate)
    i.xQueueGenericReset                     0x080053c0   Section        0  queue.o(i.xQueueGenericReset)
    i.xQueueGenericSend                      0x08005460   Section        0  queue.o(i.xQueueGenericSend)
    i.xQueueGiveFromISR                      0x08005578   Section        0  queue.o(i.xQueueGiveFromISR)
    i.xQueueReceive                          0x08005600   Section        0  queue.o(i.xQueueReceive)
    i.xQueueSemaphoreTake                    0x08005704   Section        0  queue.o(i.xQueueSemaphoreTake)
    i.xTaskCheckForTimeOut                   0x08005834   Section        0  tasks.o(i.xTaskCheckForTimeOut)
    i.xTaskCreate                            0x08005894   Section        0  tasks.o(i.xTaskCreate)
    i.xTaskGetTickCount                      0x080058cc   Section        0  tasks.o(i.xTaskGetTickCount)
    i.xTaskIncrementTick                     0x080058d8   Section        0  tasks.o(i.xTaskIncrementTick)
    i.xTaskPriorityDisinherit                0x08005a78   Section        0  tasks.o(i.xTaskPriorityDisinherit)
    i.xTaskPriorityInherit                   0x08005b2c   Section        0  tasks.o(i.xTaskPriorityInherit)
    i.xTaskRemoveFromEventList               0x08005c20   Section        0  tasks.o(i.xTaskRemoveFromEventList)
    i.xTaskResumeAll                         0x08005d38   Section        0  tasks.o(i.xTaskResumeAll)
    .constdata                               0x08005eb0   Section     1520  oled.o(.constdata)
    .constdata                               0x080064a0   Section       22  temperature.o(.constdata)
    NTC_ADC_Table                            0x080064a0   Data          22  temperature.o(.constdata)
    .constdata                               0x080064b6   Section      167  usb_desc.o(.constdata)
    .data                                    0x20000000   Section       20  stm32f10x_rcc.o(.data)
    APBAHBPrescTable                         0x20000000   Data          16  stm32f10x_rcc.o(.data)
    ADCPrescTable                            0x20000010   Data           4  stm32f10x_rcc.o(.data)
    .data                                    0x20000014   Section       38  main.o(.data)
    lid_state                                0x20000039   Data           1  main.o(.data)
    .data                                    0x2000003a   Section        4  uart.o(.data)
    gUartRxHead                              0x2000003a   Data           2  uart.o(.data)
    gUartRxTail                              0x2000003c   Data           2  uart.o(.data)
    .data                                    0x20000040   Section       64  tasks.o(.data)
    pxDelayedTaskList                        0x20000044   Data           4  tasks.o(.data)
    pxOverflowDelayedTaskList                0x20000048   Data           4  tasks.o(.data)
    uxDeletedTasksWaitingCleanUp             0x2000004c   Data           4  tasks.o(.data)
    uxCurrentNumberOfTasks                   0x20000050   Data           4  tasks.o(.data)
    xTickCount                               0x20000054   Data           4  tasks.o(.data)
    uxTopReadyPriority                       0x20000058   Data           4  tasks.o(.data)
    xSchedulerRunning                        0x2000005c   Data           4  tasks.o(.data)
    xPendedTicks                             0x20000060   Data           4  tasks.o(.data)
    xYieldPendings                           0x20000064   Data           4  tasks.o(.data)
    xNumOfOverflows                          0x20000068   Data           4  tasks.o(.data)
    uxTaskNumber                             0x2000006c   Data           4  tasks.o(.data)
    xNextTaskUnblockTime                     0x20000070   Data           4  tasks.o(.data)
    xIdleTaskHandles                         0x20000074   Data           4  tasks.o(.data)
    uxTopUsedPriority                        0x20000078   Data           4  tasks.o(.data)
    uxSchedulerSuspended                     0x2000007c   Data           4  tasks.o(.data)
    .data                                    0x20000080   Section       28  heap_4.o(.data)
    xStart                                   0x20000080   Data           8  heap_4.o(.data)
    pxEnd                                    0x20000088   Data           4  heap_4.o(.data)
    xFreeBytesRemaining                      0x2000008c   Data           4  heap_4.o(.data)
    xMinimumEverFreeBytesRemaining           0x20000090   Data           4  heap_4.o(.data)
    xNumberOfSuccessfulAllocations           0x20000094   Data           4  heap_4.o(.data)
    xNumberOfSuccessfulFrees                 0x20000098   Data           4  heap_4.o(.data)
    .data                                    0x2000009c   Section        4  port.o(.data)
    uxCriticalNesting                        0x2000009c   Data           4  port.o(.data)
    .data                                    0x200000a0   Section        3  usb_core.o(.data)
    .data                                    0x200000a3   Section       26  usb_desc.o(.data)
    .data                                    0x200000c0   Section       20  usb_init.o(.data)
    .data                                    0x200000d4   Section        4  usb_int.o(.data)
    .data                                    0x200000d8   Section       60  usb_istr.o(.data)
    .data                                    0x20000114   Section      156  usb_prop.o(.data)
    .data                                    0x200001b0   Section        7  usb_pwr.o(.data)
    .data                                    0x200001b8   Section       39  acpi.o(.data)
    gUartState                               0x200001d0   Data           1  acpi.o(.data)
    gUartCmdLen                              0x200001d1   Data           1  acpi.o(.data)
    gUartParamIdx                            0x200001d2   Data           1  acpi.o(.data)
    gUartParamLen                            0x200001d3   Data           1  acpi.o(.data)
    gUartSkipPrefix                          0x200001d4   Data           1  acpi.o(.data)
    gUartCommand                             0x200001d5   Data           1  acpi.o(.data)
    gEventHead                               0x200001d6   Data           1  acpi.o(.data)
    gEventTail                               0x200001d7   Data           1  acpi.o(.data)
    gLastTempWarn                            0x200001d8   Data           1  acpi.o(.data)
    gLastTempCrit                            0x200001d9   Data           1  acpi.o(.data)
    gLastBatLow                              0x200001da   Data           1  acpi.o(.data)
    gLastBatCrit                             0x200001db   Data           1  acpi.o(.data)
    gLastLid                                 0x200001dc   Data           1  acpi.o(.data)
    gLastAc                                  0x200001dd   Data           1  acpi.o(.data)
    param_char_idx                           0x200001de   Data           1  acpi.o(.data)
    .data                                    0x200001e0   Section        4  stdout.o(.data)
    .bss                                     0x200001e4   Section      128  uart.o(.bss)
    gUartRxBuf                               0x200001e4   Data         128  uart.o(.bss)
    .bss                                     0x20000264   Section      200  tasks.o(.bss)
    pxReadyTasksLists                        0x20000264   Data         100  tasks.o(.bss)
    xDelayedTaskList1                        0x200002c8   Data          20  tasks.o(.bss)
    xDelayedTaskList2                        0x200002dc   Data          20  tasks.o(.bss)
    xPendingReadyList                        0x200002f0   Data          20  tasks.o(.bss)
    xTasksWaitingTermination                 0x20000304   Data          20  tasks.o(.bss)
    xSuspendedTaskList                       0x20000318   Data          20  tasks.o(.bss)
    .bss                                     0x2000032c   Section    17408  heap_4.o(.bss)
    ucHeap                                   0x2000032c   Data       17408  heap_4.o(.bss)
    .bss                                     0x2000472c   Section       28  usb_init.o(.bss)
    .bss                                     0x20004748   Section      288  acpi.o(.bss)
    gUartCmd                                 0x20004748   Data          16  acpi.o(.bss)
    gUartParam                               0x20004758   Data         128  acpi.o(.bss)
    gEventQueue                              0x200047d8   Data          16  acpi.o(.bss)
    gTxBuf                                   0x200047e8   Data         128  acpi.o(.bss)
    STACK                                    0x20004868   Section     1024  startup_stm32f10x_md.o(STACK)

    Global Symbols

    Symbol Name                              Value     Ov Type        Size  Object(Section)

    BuildAttributes$$THM_ISAv4$P$D$K$B$S$PE$A:L22UL41UL21$X:L11$S22US41US21$IEEE1$IW$USESV6$~STKCKD$USESV7$~SHL$OSPACE$ROPI$EBA8$MICROLIB$REQ8$PRES8$EABIv2 0x00000000   Number         0  anon$$obj.o ABSOLUTE
    __ARM_use_no_argv                        0x00000000   Number         0  main.o ABSOLUTE
    _printf_a                                0x00000000   Number         0  stubs.o ABSOLUTE
    _printf_c                                0x00000000   Number         0  stubs.o ABSOLUTE
    _printf_charcount                        0x00000000   Number         0  stubs.o ABSOLUTE
    _printf_d                                0x00000000   Number         0  stubs.o ABSOLUTE
    _printf_e                                0x00000000   Number         0  stubs.o ABSOLUTE
    _printf_f                                0x00000000   Number         0  stubs.o ABSOLUTE
    _printf_flags                            0x00000000   Number         0  stubs.o ABSOLUTE
    _printf_fp_dec                           0x00000000   Number         0  stubs.o ABSOLUTE
    _printf_fp_hex                           0x00000000   Number         0  stubs.o ABSOLUTE
    _printf_g                                0x00000000   Number         0  stubs.o ABSOLUTE
    _printf_i                                0x00000000   Number         0  stubs.o ABSOLUTE
    _printf_int_dec                          0x00000000   Number         0  stubs.o ABSOLUTE
    _printf_l                                0x00000000   Number         0  stubs.o ABSOLUTE
    _printf_lc                               0x00000000   Number         0  stubs.o ABSOLUTE
    _printf_ll                               0x00000000   Number         0  stubs.o ABSOLUTE
    _printf_lld                              0x00000000   Number         0  stubs.o ABSOLUTE
    _printf_lli                              0x00000000   Number         0  stubs.o ABSOLUTE
    _printf_llo                              0x00000000   Number         0  stubs.o ABSOLUTE
    _printf_llu                              0x00000000   Number         0  stubs.o ABSOLUTE
    _printf_llx                              0x00000000   Number         0  stubs.o ABSOLUTE
    _printf_longlong_dec                     0x00000000   Number         0  stubs.o ABSOLUTE
    _printf_longlong_hex                     0x00000000   Number         0  stubs.o ABSOLUTE
    _printf_longlong_oct                     0x00000000   Number         0  stubs.o ABSOLUTE
    _printf_ls                               0x00000000   Number         0  stubs.o ABSOLUTE
    _printf_mbtowc                           0x00000000   Number         0  stubs.o ABSOLUTE
    _printf_n                                0x00000000   Number         0  stubs.o ABSOLUTE
    _printf_o                                0x00000000   Number         0  stubs.o ABSOLUTE
    _printf_p                                0x00000000   Number         0  stubs.o ABSOLUTE
    _printf_percent                          0x00000000   Number         0  stubs.o ABSOLUTE
    _printf_pre_padding                      0x00000000   Number         0  stubs.o ABSOLUTE
    _printf_return_value                     0x00000000   Number         0  stubs.o ABSOLUTE
    _printf_s                                0x00000000   Number         0  stubs.o ABSOLUTE
    _printf_sizespec                         0x00000000   Number         0  stubs.o ABSOLUTE
    _printf_str                              0x00000000   Number         0  stubs.o ABSOLUTE
    _printf_truncate_signed                  0x00000000   Number         0  stubs.o ABSOLUTE
    _printf_truncate_unsigned                0x00000000   Number         0  stubs.o ABSOLUTE
    _printf_u                                0x00000000   Number         0  stubs.o ABSOLUTE
    _printf_wc                               0x00000000   Number         0  stubs.o ABSOLUTE
    _printf_wctomb                           0x00000000   Number         0  stubs.o ABSOLUTE
    _printf_widthprec                        0x00000000   Number         0  stubs.o ABSOLUTE
    _printf_x                                0x00000000   Number         0  stubs.o ABSOLUTE
    __cpp_initialize__aeabi_                  - Undefined Weak Reference
    __cxa_finalize                            - Undefined Weak Reference
    _clock_init                               - Undefined Weak Reference
    _microlib_exit                            - Undefined Weak Reference
    __Vectors_Size                           0x000000ec   Number         0  startup_stm32f10x_md.o ABSOLUTE
    __Vectors                                0x08000000   Data           4  startup_stm32f10x_md.o(RESET)
    __Vectors_End                            0x080000ec   Data           0  startup_stm32f10x_md.o(RESET)
    __main                                   0x080000ed   Thumb Code     0  entry.o(.ARM.Collect$$$$00000000)
    _main_stk                                0x080000ed   Thumb Code     0  entry2.o(.ARM.Collect$$$$00000001)
    _main_scatterload                        0x080000f1   Thumb Code     0  entry5.o(.ARM.Collect$$$$00000004)
    __main_after_scatterload                 0x080000f5   Thumb Code     0  entry5.o(.ARM.Collect$$$$00000004)
    _main_clock                              0x080000f5   Thumb Code     0  entry7b.o(.ARM.Collect$$$$00000008)
    _main_cpp_init                           0x080000f5   Thumb Code     0  entry8b.o(.ARM.Collect$$$$0000000A)
    _main_init                               0x080000f5   Thumb Code     0  entry9a.o(.ARM.Collect$$$$0000000B)
    __rt_final_cpp                           0x080000fd   Thumb Code     0  entry10a.o(.ARM.Collect$$$$0000000D)
    __rt_final_exit                          0x080000fd   Thumb Code     0  entry11a.o(.ARM.Collect$$$$0000000F)
    SVC_Handler                              0x08000101   Thumb Code    32  port.o(.emb_text)
    __asm___6_port_c_39a90d8d__prvStartFirstTask 0x08000125   Thumb Code    28  port.o(.emb_text)
    PendSV_Handler                           0x08000145   Thumb Code    72  port.o(.emb_text)
    vPortGetIPSR                             0x08000191   Thumb Code     6  port.o(.emb_text)
    Reset_Handler                            0x08000199   Thumb Code     8  startup_stm32f10x_md.o(.text)
    ADC1_2_IRQHandler                        0x080001b3   Thumb Code     0  startup_stm32f10x_md.o(.text)
    CAN1_RX1_IRQHandler                      0x080001b3   Thumb Code     0  startup_stm32f10x_md.o(.text)
    CAN1_SCE_IRQHandler                      0x080001b3   Thumb Code     0  startup_stm32f10x_md.o(.text)
    DMA1_Channel1_IRQHandler                 0x080001b3   Thumb Code     0  startup_stm32f10x_md.o(.text)
    DMA1_Channel2_IRQHandler                 0x080001b3   Thumb Code     0  startup_stm32f10x_md.o(.text)
    DMA1_Channel3_IRQHandler                 0x080001b3   Thumb Code     0  startup_stm32f10x_md.o(.text)
    DMA1_Channel4_IRQHandler                 0x080001b3   Thumb Code     0  startup_stm32f10x_md.o(.text)
    DMA1_Channel5_IRQHandler                 0x080001b3   Thumb Code     0  startup_stm32f10x_md.o(.text)
    DMA1_Channel6_IRQHandler                 0x080001b3   Thumb Code     0  startup_stm32f10x_md.o(.text)
    DMA1_Channel7_IRQHandler                 0x080001b3   Thumb Code     0  startup_stm32f10x_md.o(.text)
    EXTI0_IRQHandler                         0x080001b3   Thumb Code     0  startup_stm32f10x_md.o(.text)
    EXTI15_10_IRQHandler                     0x080001b3   Thumb Code     0  startup_stm32f10x_md.o(.text)
    EXTI1_IRQHandler                         0x080001b3   Thumb Code     0  startup_stm32f10x_md.o(.text)
    EXTI2_IRQHandler                         0x080001b3   Thumb Code     0  startup_stm32f10x_md.o(.text)
    EXTI3_IRQHandler                         0x080001b3   Thumb Code     0  startup_stm32f10x_md.o(.text)
    EXTI9_5_IRQHandler                       0x080001b3   Thumb Code     0  startup_stm32f10x_md.o(.text)
    FLASH_IRQHandler                         0x080001b3   Thumb Code     0  startup_stm32f10x_md.o(.text)
    I2C1_ER_IRQHandler                       0x080001b3   Thumb Code     0  startup_stm32f10x_md.o(.text)
    I2C1_EV_IRQHandler                       0x080001b3   Thumb Code     0  startup_stm32f10x_md.o(.text)
    I2C2_ER_IRQHandler                       0x080001b3   Thumb Code     0  startup_stm32f10x_md.o(.text)
    I2C2_EV_IRQHandler                       0x080001b3   Thumb Code     0  startup_stm32f10x_md.o(.text)
    PVD_IRQHandler                           0x080001b3   Thumb Code     0  startup_stm32f10x_md.o(.text)
    RCC_IRQHandler                           0x080001b3   Thumb Code     0  startup_stm32f10x_md.o(.text)
    RTCAlarm_IRQHandler                      0x080001b3   Thumb Code     0  startup_stm32f10x_md.o(.text)
    RTC_IRQHandler                           0x080001b3   Thumb Code     0  startup_stm32f10x_md.o(.text)
    SPI1_IRQHandler                          0x080001b3   Thumb Code     0  startup_stm32f10x_md.o(.text)
    SPI2_IRQHandler                          0x080001b3   Thumb Code     0  startup_stm32f10x_md.o(.text)
    TAMPER_IRQHandler                        0x080001b3   Thumb Code     0  startup_stm32f10x_md.o(.text)
    TIM1_BRK_IRQHandler                      0x080001b3   Thumb Code     0  startup_stm32f10x_md.o(.text)
    TIM1_CC_IRQHandler                       0x080001b3   Thumb Code     0  startup_stm32f10x_md.o(.text)
    TIM1_TRG_COM_IRQHandler                  0x080001b3   Thumb Code     0  startup_stm32f10x_md.o(.text)
    TIM1_UP_IRQHandler                       0x080001b3   Thumb Code     0  startup_stm32f10x_md.o(.text)
    TIM2_IRQHandler                          0x080001b3   Thumb Code     0  startup_stm32f10x_md.o(.text)
    TIM3_IRQHandler                          0x080001b3   Thumb Code     0  startup_stm32f10x_md.o(.text)
    TIM4_IRQHandler                          0x080001b3   Thumb Code     0  startup_stm32f10x_md.o(.text)
    USART2_IRQHandler                        0x080001b3   Thumb Code     0  startup_stm32f10x_md.o(.text)
    USART3_IRQHandler                        0x080001b3   Thumb Code     0  startup_stm32f10x_md.o(.text)
    USBWakeUp_IRQHandler                     0x080001b3   Thumb Code     0  startup_stm32f10x_md.o(.text)
    USB_HP_CAN1_TX_IRQHandler                0x080001b3   Thumb Code     0  startup_stm32f10x_md.o(.text)
    WWDG_IRQHandler                          0x080001b3   Thumb Code     0  startup_stm32f10x_md.o(.text)
    __aeabi_memcpy                           0x080001bd   Thumb Code    36  memcpya.o(.text)
    __aeabi_memcpy4                          0x080001bd   Thumb Code     0  memcpya.o(.text)
    __aeabi_memcpy8                          0x080001bd   Thumb Code     0  memcpya.o(.text)
    __aeabi_memset                           0x080001e1   Thumb Code    14  memseta.o(.text)
    __aeabi_memset4                          0x080001e1   Thumb Code     0  memseta.o(.text)
    __aeabi_memset8                          0x080001e1   Thumb Code     0  memseta.o(.text)
    __aeabi_memclr                           0x080001ef   Thumb Code     4  memseta.o(.text)
    __aeabi_memclr4                          0x080001ef   Thumb Code     0  memseta.o(.text)
    __aeabi_memclr8                          0x080001ef   Thumb Code     0  memseta.o(.text)
    _memset$wrapper                          0x080001f3   Thumb Code    18  memseta.o(.text)
    strlen                                   0x08000205   Thumb Code    14  strlen.o(.text)
    __aeabi_uidiv                            0x08000213   Thumb Code     0  uidiv.o(.text)
    __aeabi_uidivmod                         0x08000213   Thumb Code    44  uidiv.o(.text)
    __aeabi_uldivmod                         0x0800023f   Thumb Code    98  uldiv.o(.text)
    __I$use$fp                               0x080002a1   Thumb Code     0  iusefp.o(.text)
    __aeabi_dadd                             0x080002a1   Thumb Code   322  dadd.o(.text)
    __aeabi_dsub                             0x080003e3   Thumb Code     6  dadd.o(.text)
    __aeabi_drsub                            0x080003e9   Thumb Code     6  dadd.o(.text)
    __aeabi_dmul                             0x080003ef   Thumb Code   228  dmul.o(.text)
    __aeabi_ddiv                             0x080004d3   Thumb Code   222  ddiv.o(.text)
    __aeabi_d2ulz                            0x080005b1   Thumb Code    48  dfixul.o(.text)
    __aeabi_cdrcmple                         0x080005e1   Thumb Code    48  cdrcmple.o(.text)
    __scatterload                            0x08000611   Thumb Code    28  init.o(.text)
    __scatterload_rt2                        0x08000611   Thumb Code     0  init.o(.text)
    __aeabi_llsl                             0x08000635   Thumb Code    30  llshl.o(.text)
    _ll_shift_l                              0x08000635   Thumb Code     0  llshl.o(.text)
    __aeabi_llsr                             0x08000653   Thumb Code    32  llushr.o(.text)
    _ll_ushift_r                             0x08000653   Thumb Code     0  llushr.o(.text)
    __aeabi_lasr                             0x08000673   Thumb Code    36  llsshr.o(.text)
    _ll_sshift_r                             0x08000673   Thumb Code     0  llsshr.o(.text)
    _double_round                            0x08000697   Thumb Code    30  depilogue.o(.text)
    _double_epilogue                         0x080006b5   Thumb Code   156  depilogue.o(.text)
    __decompress                             0x08000751   Thumb Code     0  __dczerorl2.o(.text)
    __decompress1                            0x08000751   Thumb Code    86  __dczerorl2.o(.text)
    ACPI_GetPendingEvent                     0x08000901   Thumb Code    70  acpi.o(i.ACPI_GetPendingEvent)
    ACPI_HandleUartChar                      0x08000959   Thumb Code   332  acpi.o(i.ACPI_HandleUartChar)
    ACPI_Init                                0x08000ac9   Thumb Code    86  acpi.o(i.ACPI_Init)
    ACPI_Process                             0x08000c91   Thumb Code     8  acpi.o(i.ACPI_Process)
    ACPI_SendEvent                           0x08000ea5   Thumb Code   408  acpi.o(i.ACPI_SendEvent)
    ACPI_SendResponse                        0x080010a9   Thumb Code   322  acpi.o(i.ACPI_SendResponse)
    ACPI_SetLid                              0x080011f1   Thumb Code    14  acpi.o(i.ACPI_SetLid)
    ACPI_SetTemperature                      0x08001205   Thumb Code     6  acpi.o(i.ACPI_SetTemperature)
    ADC_Cmd                                  0x08001211   Thumb Code    22  stm32f10x_adc.o(i.ADC_Cmd)
    ADC_GetCalibrationStatus                 0x08001227   Thumb Code    20  stm32f10x_adc.o(i.ADC_GetCalibrationStatus)
    ADC_GetConversionValue                   0x0800123b   Thumb Code     8  stm32f10x_adc.o(i.ADC_GetConversionValue)
    ADC_GetFlagStatus                        0x08001243   Thumb Code    18  stm32f10x_adc.o(i.ADC_GetFlagStatus)
    ADC_GetResetCalibrationStatus            0x08001255   Thumb Code    20  stm32f10x_adc.o(i.ADC_GetResetCalibrationStatus)
    ADC_Init                                 0x08001269   Thumb Code    70  stm32f10x_adc.o(i.ADC_Init)
    ADC_RegularChannelConfig                 0x080012b9   Thumb Code   184  stm32f10x_adc.o(i.ADC_RegularChannelConfig)
    ADC_ResetCalibration                     0x08001371   Thumb Code    10  stm32f10x_adc.o(i.ADC_ResetCalibration)
    ADC_SoftwareStartConvCmd                 0x0800137b   Thumb Code    22  stm32f10x_adc.o(i.ADC_SoftwareStartConvCmd)
    ADC_StartCalibration                     0x08001391   Thumb Code    10  stm32f10x_adc.o(i.ADC_StartCalibration)
    BusFault_Handler                         0x0800139b   Thumb Code     4  stm32f10x_it.o(i.BusFault_Handler)
    ByteSwap                                 0x0800139f   Thumb Code    12  usb_regs.o(i.ByteSwap)
    CTR_LP                                   0x080013ad   Thumb Code   616  usb_int.o(i.CTR_LP)
    ClearDTOG_RX                             0x08001635   Thumb Code    48  usb_regs.o(i.ClearDTOG_RX)
    ClearDTOG_TX                             0x08001669   Thumb Code    48  usb_regs.o(i.ClearDTOG_TX)
    Clear_Status_Out                         0x0800169d   Thumb Code    34  usb_regs.o(i.Clear_Status_Out)
    CustomHID_Data_Setup                     0x080016c5   Thumb Code   108  usb_prop.o(i.CustomHID_Data_Setup)
    CustomHID_GetConfigDescriptor            0x08001741   Thumb Code    14  usb_prop.o(i.CustomHID_GetConfigDescriptor)
    CustomHID_GetDeviceDescriptor            0x08001755   Thumb Code    14  usb_prop.o(i.CustomHID_GetDeviceDescriptor)
    CustomHID_GetHIDDescriptor               0x08001769   Thumb Code    14  usb_prop.o(i.CustomHID_GetHIDDescriptor)
    CustomHID_GetProtocolValue               0x0800177d   Thumb Code    20  usb_prop.o(i.CustomHID_GetProtocolValue)
    CustomHID_GetReportDescriptor            0x08001799   Thumb Code    14  usb_prop.o(i.CustomHID_GetReportDescriptor)
    CustomHID_GetStringDescriptor            0x080017ad   Thumb Code    32  usb_prop.o(i.CustomHID_GetStringDescriptor)
    CustomHID_Get_Interface_Setting          0x080017d5   Thumb Code    22  usb_prop.o(i.CustomHID_Get_Interface_Setting)
    CustomHID_NoData_Setup                   0x080017ed   Thumb Code    32  usb_prop.o(i.CustomHID_NoData_Setup)
    CustomHID_Reset                          0x08001811   Thumb Code   146  usb_prop.o(i.CustomHID_Reset)
    CustomHID_SetConfiguration               0x080018b5   Thumb Code    14  usb_prop.o(i.CustomHID_SetConfiguration)
    CustomHID_SetDeviceAddress               0x080018cd   Thumb Code     8  usb_prop.o(i.CustomHID_SetDeviceAddress)
    CustomHID_SetProtocol                    0x080018d9   Thumb Code    14  usb_prop.o(i.CustomHID_SetProtocol)
    CustomHID_Status_In                      0x080018f1   Thumb Code     2  usb_prop.o(i.CustomHID_Status_In)
    CustomHID_Status_Out                     0x080018f3   Thumb Code     2  usb_prop.o(i.CustomHID_Status_Out)
    CustomHID_init                           0x080018f5   Thumb Code    30  usb_prop.o(i.CustomHID_init)
    DebugMon_Handler                         0x08001d31   Thumb Code     2  stm32f10x_it.o(i.DebugMon_Handler)
    EP1_IN_Callback                          0x08001d33   Thumb Code     2  usb_endp.o(i.EP1_IN_Callback)
    EP1_OUT_Callback                         0x08001d35   Thumb Code     2  usb_endp.o(i.EP1_OUT_Callback)
    EP2_IN_Callback                          0x08001d37   Thumb Code     2  usb_endp.o(i.EP2_IN_Callback)
    EXTI4_IRQHandler                         0x08001d39   Thumb Code    56  main.o(i.EXTI4_IRQHandler)
    EXTI_ClearITPendingBit                   0x08001d79   Thumb Code     6  stm32f10x_exti.o(i.EXTI_ClearITPendingBit)
    EXTI_GetITStatus                         0x08001d85   Thumb Code    34  stm32f10x_exti.o(i.EXTI_GetITStatus)
    EXTI_Init                                0x08001dad   Thumb Code   142  stm32f10x_exti.o(i.EXTI_Init)
    GPIO_EXTILineConfig                      0x08001e41   Thumb Code    60  stm32f10x_gpio.o(i.GPIO_EXTILineConfig)
    GPIO_Init                                0x08001e81   Thumb Code   278  stm32f10x_gpio.o(i.GPIO_Init)
    GPIO_WriteBit                            0x08001f97   Thumb Code    10  stm32f10x_gpio.o(i.GPIO_WriteBit)
    GetEPRxAddr                              0x08001fa1   Thumb Code    24  usb_regs.o(i.GetEPRxAddr)
    GetEPTxAddr                              0x08001fc1   Thumb Code    22  usb_regs.o(i.GetEPTxAddr)
    Get_SerialNum                            0x08001fe1   Thumb Code    42  usb_prop.o(i.Get_SerialNum)
    HardFault_Handler                        0x08002015   Thumb Code     4  stm32f10x_it.o(i.HardFault_Handler)
    In0_Process                              0x08002019   Thumb Code    98  usb_core.o(i.In0_Process)
    Key_EXTI_Init                            0x080020c9   Thumb Code    96  key.o(i.Key_EXTI_Init)
    MemManage_Handler                        0x0800212d   Thumb Code     4  stm32f10x_it.o(i.MemManage_Handler)
    NMI_Handler                              0x08002131   Thumb Code     2  stm32f10x_it.o(i.NMI_Handler)
    NOP_Process                              0x08002133   Thumb Code     2  usb_core.o(i.NOP_Process)
    NTC_ADC_Init                             0x08002135   Thumb Code   118  temperature.o(i.NTC_ADC_Init)
    NTC_ConvertToTemp_LUT                    0x080021b5   Thumb Code   108  temperature.o(i.NTC_ConvertToTemp_LUT)
    NTC_GetFilteredADC                       0x08002225   Thumb Code    36  temperature.o(i.NTC_GetFilteredADC)
    NVIC_Init                                0x0800227d   Thumb Code   100  misc.o(i.NVIC_Init)
    NVIC_PriorityGroupConfig                 0x080022ed   Thumb Code    10  misc.o(i.NVIC_PriorityGroupConfig)
    OLED_Clear                               0x08002439   Thumb Code    42  oled.o(i.OLED_Clear)
    OLED_I2C_Init                            0x08002465   Thumb Code    76  oled.o(i.OLED_I2C_Init)
    OLED_I2C_SendByte                        0x080024b5   Thumb Code    80  oled.o(i.OLED_I2C_SendByte)
    OLED_I2C_Start                           0x08002509   Thumb Code    48  oled.o(i.OLED_I2C_Start)
    OLED_I2C_Stop                            0x0800253d   Thumb Code    36  oled.o(i.OLED_I2C_Stop)
    OLED_Init                                0x08002565   Thumb Code   174  oled.o(i.OLED_Init)
    OLED_Pow                                 0x08002613   Thumb Code    20  oled.o(i.OLED_Pow)
    OLED_SetCursor                           0x08002627   Thumb Code    34  oled.o(i.OLED_SetCursor)
    OLED_ShowChar                            0x08002649   Thumb Code   110  oled.o(i.OLED_ShowChar)
    OLED_ShowNum                             0x080026bd   Thumb Code    68  oled.o(i.OLED_ShowNum)
    OLED_ShowString                          0x08002701   Thumb Code    40  oled.o(i.OLED_ShowString)
    OLED_WriteCommand                        0x08002729   Thumb Code    32  oled.o(i.OLED_WriteCommand)
    OLED_WriteData                           0x08002749   Thumb Code    32  oled.o(i.OLED_WriteData)
    Out0_Process                             0x08002769   Thumb Code    70  usb_core.o(i.Out0_Process)
    PMAToUserBufferCopy                      0x080027b9   Thumb Code    34  usb_mem.o(i.PMAToUserBufferCopy)
    PWM_SG90_Init                            0x080027e1   Thumb Code   124  pwm.o(i.PWM_SG90_Init)
    PWM_SG90_SetAngle                        0x08002865   Thumb Code    38  pwm.o(i.PWM_SG90_SetAngle)
    Post0_Process                            0x08002891   Thumb Code    54  usb_core.o(i.Post0_Process)
    PowerOn                                  0x080028d9   Thumb Code    46  usb_pwr.o(i.PowerOn)
    RCC_APB1PeriphClockCmd                   0x08002911   Thumb Code    26  stm32f10x_rcc.o(i.RCC_APB1PeriphClockCmd)
    RCC_APB2PeriphClockCmd                   0x08002931   Thumb Code    26  stm32f10x_rcc.o(i.RCC_APB2PeriphClockCmd)
    RCC_GetClocksFreq                        0x08002951   Thumb Code   192  stm32f10x_rcc.o(i.RCC_GetClocksFreq)
    Resume                                   0x08002a25   Thumb Code   168  usb_pwr.o(i.Resume)
    Resume_Init                              0x08002ad5   Thumb Code    24  usb_pwr.o(i.Resume_Init)
    Safe_Printf                              0x08002af1   Thumb Code    58  main.o(i.Safe_Printf)
    SetBTABLE                                0x08002b31   Thumb Code    12  usb_regs.o(i.SetBTABLE)
    SetDeviceAddress                         0x08002b41   Thumb Code    68  usb_core.o(i.SetDeviceAddress)
    SetEPRxAddr                              0x08002b91   Thumb Code    26  usb_regs.o(i.SetEPRxAddr)
    SetEPRxCount                             0x08002bb5   Thumb Code    68  usb_regs.o(i.SetEPRxCount)
    SetEPRxStatus                            0x08002c01   Thumb Code    60  usb_regs.o(i.SetEPRxStatus)
    SetEPRxValid                             0x08002c41   Thumb Code    48  usb_regs.o(i.SetEPRxValid)
    SetEPTxAddr                              0x08002c75   Thumb Code    24  usb_regs.o(i.SetEPTxAddr)
    SetEPTxCount                             0x08002c95   Thumb Code    20  usb_regs.o(i.SetEPTxCount)
    SetEPTxStatus                            0x08002cb1   Thumb Code    60  usb_regs.o(i.SetEPTxStatus)
    SetEPType                                0x08002cf1   Thumb Code    32  usb_regs.o(i.SetEPType)
    Setup0_Process                           0x08002dfd   Thumb Code   170  usb_core.o(i.Setup0_Process)
    Standard_ClearFeature                    0x08002eb5   Thumb Code   342  usb_core.o(i.Standard_ClearFeature)
    Standard_GetConfiguration                0x08003021   Thumb Code    34  usb_core.o(i.Standard_GetConfiguration)
    Standard_GetDescriptorData               0x0800304d   Thumb Code    32  usb_core.o(i.Standard_GetDescriptorData)
    Standard_GetInterface                    0x08003071   Thumb Code    34  usb_core.o(i.Standard_GetInterface)
    Standard_GetStatus                       0x0800309d   Thumb Code   238  usb_core.o(i.Standard_GetStatus)
    Standard_SetConfiguration                0x0800319d   Thumb Code    60  usb_core.o(i.Standard_SetConfiguration)
    Standard_SetDeviceFeature                0x080031e5   Thumb Code    30  usb_core.o(i.Standard_SetDeviceFeature)
    Standard_SetEndPointFeature              0x0800320d   Thumb Code   192  usb_core.o(i.Standard_SetEndPointFeature)
    Standard_SetInterface                    0x080032dd   Thumb Code    96  usb_core.o(i.Standard_SetInterface)
    Suspend                                  0x08003349   Thumb Code    28  usb_pwr.o(i.Suspend)
    SysTick_Handler                          0x08003369   Thumb Code    46  port.o(i.SysTick_Handler)
    SystemInit                               0x0800339d   Thumb Code    78  system_stm32f10x.o(i.SystemInit)
    TIM_Cmd                                  0x080033fd   Thumb Code    24  stm32f10x_tim.o(i.TIM_Cmd)
    TIM_OC1Init                              0x08003415   Thumb Code   132  stm32f10x_tim.o(i.TIM_OC1Init)
    TIM_SetCompare1                          0x080034ad   Thumb Code     4  stm32f10x_tim.o(i.TIM_SetCompare1)
    TIM_TimeBaseInit                         0x080034b1   Thumb Code   122  stm32f10x_tim.o(i.TIM_TimeBaseInit)
    UART_Init                                0x08003555   Thumb Code   156  uart.o(i.UART_Init)
    UART_ProcessRx                           0x080035f9   Thumb Code    56  uart.o(i.UART_ProcessRx)
    UART_SendString                          0x0800363d   Thumb Code    38  uart.o(i.UART_SendString)
    USART1_IRQHandler                        0x08003669   Thumb Code    76  uart.o(i.USART1_IRQHandler)
    USART_ClearITPendingBit                  0x080036c5   Thumb Code    30  stm32f10x_usart.o(i.USART_ClearITPendingBit)
    USART_Cmd                                0x080036e3   Thumb Code    24  stm32f10x_usart.o(i.USART_Cmd)
    USART_GetFlagStatus                      0x080036fb   Thumb Code    26  stm32f10x_usart.o(i.USART_GetFlagStatus)
    USART_GetITStatus                        0x08003715   Thumb Code    84  stm32f10x_usart.o(i.USART_GetITStatus)
    USART_ITConfig                           0x08003769   Thumb Code    74  stm32f10x_usart.o(i.USART_ITConfig)
    USART_Init                               0x080037b5   Thumb Code   210  stm32f10x_usart.o(i.USART_Init)
    USART_ReceiveData                        0x0800388d   Thumb Code    10  stm32f10x_usart.o(i.USART_ReceiveData)
    USART_SendData                           0x08003897   Thumb Code     8  stm32f10x_usart.o(i.USART_SendData)
    USB_Istr                                 0x080038a1   Thumb Code   222  usb_istr.o(i.USB_Istr)
    USB_LP_CAN1_RX0_IRQHandler               0x08003999   Thumb Code     8  stm32f10x_it.o(i.USB_LP_CAN1_RX0_IRQHandler)
    USB_SIL_Init                             0x080039a1   Thumb Code    28  usb_sil.o(i.USB_SIL_Init)
    UsageFault_Handler                       0x080039c5   Thumb Code     4  stm32f10x_it.o(i.UsageFault_Handler)
    UserToPMABufferCopy                      0x080039c9   Thumb Code    52  usb_mem.o(i.UserToPMABufferCopy)
    __0sprintf                               0x08003a01   Thumb Code    34  printfa.o(i.__0sprintf)
    __1sprintf                               0x08003a01   Thumb Code     0  printfa.o(i.__0sprintf)
    __2sprintf                               0x08003a01   Thumb Code     0  printfa.o(i.__0sprintf)
    __c89sprintf                             0x08003a01   Thumb Code     0  printfa.o(i.__0sprintf)
    sprintf                                  0x08003a01   Thumb Code     0  printfa.o(i.__0sprintf)
    __0vprintf                               0x08003a29   Thumb Code     8  printfa.o(i.__0vprintf)
    __1vprintf                               0x08003a29   Thumb Code     0  printfa.o(i.__0vprintf)
    __2vprintf                               0x08003a29   Thumb Code     0  printfa.o(i.__0vprintf)
    __c89vprintf                             0x08003a29   Thumb Code     0  printfa.o(i.__0vprintf)
    vprintf                                  0x08003a29   Thumb Code     0  printfa.o(i.__0vprintf)
    __scatterload_copy                       0x08003a39   Thumb Code    14  handlers.o(i.__scatterload_copy)
    __scatterload_null                       0x08003a47   Thumb Code     2  handlers.o(i.__scatterload_null)
    __scatterload_zeroinit                   0x08003a49   Thumb Code    14  handlers.o(i.__scatterload_zeroinit)
    fputc                                    0x08004315   Thumb Code    32  uart.o(i.fputc)
    main                                     0x08004339   Thumb Code   282  main.o(i.main)
    pvPortMalloc                             0x08004bc1   Thumb Code   240  heap_4.o(i.pvPortMalloc)
    pvTaskIncrementMutexHeldCount            0x08004cc5   Thumb Code    14  tasks.o(i.pvTaskIncrementMutexHeldCount)
    pxPortInitialiseStack                    0x08004cd9   Thumb Code    30  port.o(i.pxPortInitialiseStack)
    uxListRemove                             0x08004cfd   Thumb Code    40  list.o(i.uxListRemove)
    uxTaskGetNumberOfTasks                   0x08004d25   Thumb Code     6  tasks.o(i.uxTaskGetNumberOfTasks)
    vListInitialise                          0x08004d31   Thumb Code    26  list.o(i.vListInitialise)
    vListInitialiseItem                      0x08004d4b   Thumb Code     6  list.o(i.vListInitialiseItem)
    vListInsert                              0x08004d51   Thumb Code    52  list.o(i.vListInsert)
    vPortEnterCritical                       0x08004d85   Thumb Code    30  port.o(i.vPortEnterCritical)
    vPortExitCritical                        0x08004da9   Thumb Code    28  port.o(i.vPortExitCritical)
    vPortFree                                0x08004dc9   Thumb Code    68  heap_4.o(i.vPortFree)
    vPortSetupTimerInterrupt                 0x08004e15   Thumb Code    20  port.o(i.vPortSetupTimerInterrupt)
    vTaskDelay                               0x08004e2d   Thumb Code    46  tasks.o(i.vTaskDelay)
    vTaskInternalSetTimeOutState             0x08004e61   Thumb Code    14  tasks.o(i.vTaskInternalSetTimeOutState)
    vTaskMissedYield                         0x08004e79   Thumb Code     8  tasks.o(i.vTaskMissedYield)
    vTaskPlaceOnEventList                    0x08004e85   Thumb Code    28  tasks.o(i.vTaskPlaceOnEventList)
    vTaskPriorityDisinheritAfterTimeout      0x08004ea5   Thumb Code   208  tasks.o(i.vTaskPriorityDisinheritAfterTimeout)
    vTaskStartScheduler                      0x08004f7d   Thumb Code    60  tasks.o(i.vTaskStartScheduler)
    vTaskSuspendAll                          0x08004fc9   Thumb Code    12  tasks.o(i.vTaskSuspendAll)
    vTaskSwitchContext                       0x08004fd9   Thumb Code    84  tasks.o(i.vTaskSwitchContext)
    vTask_ACPI                               0x08005041   Thumb Code    18  main.o(i.vTask_ACPI)
    vTask_KeyProcess                         0x08005055   Thumb Code    92  main.o(i.vTask_KeyProcess)
    vTask_OLED                               0x080050dd   Thumb Code   252  main.o(i.vTask_OLED)
    vTask_Thermal                            0x0800525d   Thumb Code    92  main.o(i.vTask_Thermal)
    vTask_UART                               0x080052c1   Thumb Code    40  main.o(i.vTask_UART)
    xPortStartScheduler                      0x0800531d   Thumb Code    42  port.o(i.xPortStartScheduler)
    xQueueCreateMutex                        0x08005351   Thumb Code    34  queue.o(i.xQueueCreateMutex)
    xQueueGenericCreate                      0x08005373   Thumb Code    76  queue.o(i.xQueueGenericCreate)
    xQueueGenericReset                       0x080053c1   Thumb Code   156  queue.o(i.xQueueGenericReset)
    xQueueGenericSend                        0x08005461   Thumb Code   276  queue.o(i.xQueueGenericSend)
    xQueueGiveFromISR                        0x08005579   Thumb Code   134  queue.o(i.xQueueGiveFromISR)
    xQueueReceive                            0x08005601   Thumb Code   256  queue.o(i.xQueueReceive)
    xQueueSemaphoreTake                      0x08005705   Thumb Code   300  queue.o(i.xQueueSemaphoreTake)
    xTaskCheckForTimeOut                     0x08005835   Thumb Code    88  tasks.o(i.xTaskCheckForTimeOut)
    xTaskCreate                              0x08005895   Thumb Code    56  tasks.o(i.xTaskCreate)
    xTaskGetTickCount                        0x080058cd   Thumb Code     6  tasks.o(i.xTaskGetTickCount)
    xTaskIncrementTick                       0x080058d9   Thumb Code   372  tasks.o(i.xTaskIncrementTick)
    xTaskPriorityDisinherit                  0x08005a79   Thumb Code   170  tasks.o(i.xTaskPriorityDisinherit)
    xTaskPriorityInherit                     0x08005b2d   Thumb Code   230  tasks.o(i.xTaskPriorityInherit)
    xTaskRemoveFromEventList                 0x08005c21   Thumb Code   256  tasks.o(i.xTaskRemoveFromEventList)
    xTaskResumeAll                           0x08005d39   Thumb Code   340  tasks.o(i.xTaskResumeAll)
    OLED_F8x16                               0x08005eb0   Data        1520  oled.o(.constdata)
    CustomHID_DeviceDescriptor               0x080064b6   Data          18  usb_desc.o(.constdata)
    CustomHID_ConfigDescriptor               0x080064c8   Data          34  usb_desc.o(.constdata)
    CustomHID_ReportDescriptor               0x080064ea   Data          63  usb_desc.o(.constdata)
    CustomHID_StringLangID                   0x08006529   Data           4  usb_desc.o(.constdata)
    CustomHID_StringVendor                   0x0800652d   Data          20  usb_desc.o(.constdata)
    CustomHID_StringProduct                  0x08006541   Data          28  usb_desc.o(.constdata)
    Region$$Table$$Base                      0x08006560   Number         0  anon$$obj.o(Region$$Table)
    Region$$Table$$Limit                     0x08006580   Number         0  anon$$obj.o(Region$$Table)
    TempQueue_OLED                           0x20000014   Data           4  main.o(.data)
    TempQueue_UART                           0x20000018   Data           4  main.o(.data)
    UART_Mutex                               0x2000001c   Data           4  main.o(.data)
    Key_Semaphore                            0x20000020   Data           4  main.o(.data)
    ThermalTask_Handler                      0x20000024   Data           4  main.o(.data)
    OLEDTask_Handler                         0x20000028   Data           4  main.o(.data)
    UARTTask_Handler                         0x2000002c   Data           4  main.o(.data)
    KeyProcessTask_Handler                   0x20000030   Data           4  main.o(.data)
    ACPITask_Handler                         0x20000034   Data           4  main.o(.data)
    g_display_mode                           0x20000038   Data           1  main.o(.data)
    pxCurrentTCB                             0x20000040   Data           4  tasks.o(.data)
    StatusInfo                               0x200000a0   Data           2  usb_core.o(.data)
    Data_Mul_MaxPacketSize                   0x200000a2   Data           1  usb_core.o(.data)
    CustomHID_StringSerial                   0x200000a3   Data          26  usb_desc.o(.data)
    EPindex                                  0x200000c0   Data           1  usb_init.o(.data)
    pInformation                             0x200000c4   Data           4  usb_init.o(.data)
    pProperty                                0x200000c8   Data           4  usb_init.o(.data)
    SaveState                                0x200000cc   Data           2  usb_init.o(.data)
    wInterrupt_Mask                          0x200000ce   Data           2  usb_init.o(.data)
    pUser_Standard_Requests                  0x200000d0   Data           4  usb_init.o(.data)
    SaveRState                               0x200000d4   Data           2  usb_int.o(.data)
    SaveTState                               0x200000d6   Data           2  usb_int.o(.data)
    wIstr                                    0x200000d8   Data           2  usb_istr.o(.data)
    bIntPackSOF                              0x200000da   Data           1  usb_istr.o(.data)
    pEpInt_IN                                0x200000dc   Data          28  usb_istr.o(.data)
    pEpInt_OUT                               0x200000f8   Data          28  usb_istr.o(.data)
    ProtocolValue                            0x20000114   Data           4  usb_prop.o(.data)
    Device_Table                             0x20000118   Data           2  usb_prop.o(.data)
    Device_Property                          0x2000011c   Data          48  usb_prop.o(.data)
    User_Standard_Requests                   0x2000014c   Data          36  usb_prop.o(.data)
    Device_Descriptor                        0x20000170   Data           8  usb_prop.o(.data)
    Config_Descriptor                        0x20000178   Data           8  usb_prop.o(.data)
    CustomHID_Report_Descriptor              0x20000180   Data           8  usb_prop.o(.data)
    CustomHID_Descriptor                     0x20000188   Data           8  usb_prop.o(.data)
    String_Descriptor                        0x20000190   Data          32  usb_prop.o(.data)
    bDeviceState                             0x200001b0   Data           4  usb_pwr.o(.data)
    fSuspendEnabled                          0x200001b4   Data           1  usb_pwr.o(.data)
    ResumeS                                  0x200001b5   Data           2  usb_pwr.o(.data)
    gAcpiInfo                                0x200001b8   Data          24  acpi.o(.data)
    __stdout                                 0x200001e0   Data           4  stdout.o(.data)
    Device_Info                              0x2000472c   Data          28  usb_init.o(.bss)
    __initial_sp                             0x20004c68   Data           0  startup_stm32f10x_md.o(STACK)



==============================================================================

Memory Map of the image

  Image Entry point : 0x080000ed

  Load Region LR_IROM1 (Base: 0x08000000, Size: 0x00006764, Max: 0x00010000, ABSOLUTE, COMPRESSED[0x00006628])

    Execution Region ER_IROM1 (Exec base: 0x08000000, Load base: 0x08000000, Size: 0x00006580, Max: 0x00010000, ABSOLUTE)

    Exec Addr    Load Addr    Size         Type   Attr      Idx    E Section Name        Object

    0x08000000   0x08000000   0x000000ec   Data   RO            3    RESET               startup_stm32f10x_md.o
    0x080000ec   0x080000ec   0x00000000   Code   RO         5391  * .ARM.Collect$$$$00000000  mc_w.l(entry.o)
    0x080000ec   0x080000ec   0x00000004   Code   RO         5663    .ARM.Collect$$$$00000001  mc_w.l(entry2.o)
    0x080000f0   0x080000f0   0x00000004   Code   RO         5666    .ARM.Collect$$$$00000004  mc_w.l(entry5.o)
    0x080000f4   0x080000f4   0x00000000   Code   RO         5668    .ARM.Collect$$$$00000008  mc_w.l(entry7b.o)
    0x080000f4   0x080000f4   0x00000000   Code   RO         5670    .ARM.Collect$$$$0000000A  mc_w.l(entry8b.o)
    0x080000f4   0x080000f4   0x00000008   Code   RO         5671    .ARM.Collect$$$$0000000B  mc_w.l(entry9a.o)
    0x080000fc   0x080000fc   0x00000000   Code   RO         5673    .ARM.Collect$$$$0000000D  mc_w.l(entry10a.o)
    0x080000fc   0x080000fc   0x00000000   Code   RO         5675    .ARM.Collect$$$$0000000F  mc_w.l(entry11a.o)
    0x080000fc   0x080000fc   0x00000004   Code   RO         5664    .ARM.Collect$$$$00002712  mc_w.l(entry2.o)
    0x08000100   0x08000100   0x00000096   Code   RO         4299    .emb_text           port.o
    0x08000196   0x08000196   0x00000002   PAD
    0x08000198   0x08000198   0x00000024   Code   RO            4    .text               startup_stm32f10x_md.o
    0x080001bc   0x080001bc   0x00000024   Code   RO         5394    .text               mc_w.l(memcpya.o)
    0x080001e0   0x080001e0   0x00000024   Code   RO         5396    .text               mc_w.l(memseta.o)
    0x08000204   0x08000204   0x0000000e   Code   RO         5398    .text               mc_w.l(strlen.o)
    0x08000212   0x08000212   0x0000002c   Code   RO         5678    .text               mc_w.l(uidiv.o)
    0x0800023e   0x0800023e   0x00000062   Code   RO         5680    .text               mc_w.l(uldiv.o)
    0x080002a0   0x080002a0   0x00000000   Code   RO         5682    .text               mc_w.l(iusefp.o)
    0x080002a0   0x080002a0   0x0000014e   Code   RO         5683    .text               mf_w.l(dadd.o)
    0x080003ee   0x080003ee   0x000000e4   Code   RO         5685    .text               mf_w.l(dmul.o)
    0x080004d2   0x080004d2   0x000000de   Code   RO         5687    .text               mf_w.l(ddiv.o)
    0x080005b0   0x080005b0   0x00000030   Code   RO         5689    .text               mf_w.l(dfixul.o)
    0x080005e0   0x080005e0   0x00000030   Code   RO         5691    .text               mf_w.l(cdrcmple.o)
    0x08000610   0x08000610   0x00000024   Code   RO         5693    .text               mc_w.l(init.o)
    0x08000634   0x08000634   0x0000001e   Code   RO         5695    .text               mc_w.l(llshl.o)
    0x08000652   0x08000652   0x00000020   Code   RO         5697    .text               mc_w.l(llushr.o)
    0x08000672   0x08000672   0x00000024   Code   RO         5699    .text               mc_w.l(llsshr.o)
    0x08000696   0x08000696   0x000000ba   Code   RO         5701    .text               mf_w.l(depilogue.o)
    0x08000750   0x08000750   0x00000056   Code   RO         5711    .text               mc_w.l(__dczerorl2.o)
    0x080007a6   0x080007a6   0x00000002   PAD
    0x080007a8   0x080007a8   0x00000114   Code   RO         5236    i.ACPI_CheckAllEvents  acpi.o
    0x080008bc   0x080008bc   0x00000044   Code   RO         5237    i.ACPI_EnqueueEvent  acpi.o
    0x08000900   0x08000900   0x00000058   Code   RO         5238    i.ACPI_GetPendingEvent  acpi.o
    0x08000958   0x08000958   0x00000170   Code   RO         5239    i.ACPI_HandleUartChar  acpi.o
    0x08000ac8   0x08000ac8   0x000000b4   Code   RO         5241    i.ACPI_Init         acpi.o
    0x08000b7c   0x08000b7c   0x00000114   Code   RO         5242    i.ACPI_ParseCommand  acpi.o
    0x08000c90   0x08000c90   0x00000008   Code   RO         5243    i.ACPI_Process      acpi.o
    0x08000c98   0x08000c98   0x0000003c   Code   RO         5244    i.ACPI_ProcessGetBattery  acpi.o
    0x08000cd4   0x08000cd4   0x00000024   Code   RO         5245    i.ACPI_ProcessGetEvent  acpi.o
    0x08000cf8   0x08000cf8   0x00000018   Code   RO         5246    i.ACPI_ProcessGetFan  acpi.o
    0x08000d10   0x08000d10   0x00000018   Code   RO         5247    i.ACPI_ProcessGetLid  acpi.o
    0x08000d28   0x08000d28   0x00000034   Code   RO         5248    i.ACPI_ProcessGetState  acpi.o
    0x08000d5c   0x08000d5c   0x00000040   Code   RO         5249    i.ACPI_ProcessGetTemp  acpi.o
    0x08000d9c   0x08000d9c   0x00000024   Code   RO         5250    i.ACPI_ProcessGetVersion  acpi.o
    0x08000dc0   0x08000dc0   0x00000044   Code   RO         5251    i.ACPI_ProcessReset  acpi.o
    0x08000e04   0x08000e04   0x0000002c   Code   RO         5252    i.ACPI_ProcessSetFan  acpi.o
    0x08000e30   0x08000e30   0x0000005c   Code   RO         5253    i.ACPI_ProcessSetState  acpi.o
    0x08000e8c   0x08000e8c   0x00000018   Code   RO         5254    i.ACPI_ProcessTriggerSci  acpi.o
    0x08000ea4   0x08000ea4   0x00000204   Code   RO         5255    i.ACPI_SendEvent    acpi.o
    0x080010a8   0x080010a8   0x00000148   Code   RO         5256    i.ACPI_SendResponse  acpi.o
    0x080011f0   0x080011f0   0x00000014   Code   RO         5259    i.ACPI_SetLid       acpi.o
    0x08001204   0x08001204   0x0000000c   Code   RO         5260    i.ACPI_SetTemperature  acpi.o
    0x08001210   0x08001210   0x00000016   Code   RO          202    i.ADC_Cmd           stm32f10x_adc.o
    0x08001226   0x08001226   0x00000014   Code   RO          210    i.ADC_GetCalibrationStatus  stm32f10x_adc.o
    0x0800123a   0x0800123a   0x00000008   Code   RO          211    i.ADC_GetConversionValue  stm32f10x_adc.o
    0x08001242   0x08001242   0x00000012   Code   RO          213    i.ADC_GetFlagStatus  stm32f10x_adc.o
    0x08001254   0x08001254   0x00000014   Code   RO          216    i.ADC_GetResetCalibrationStatus  stm32f10x_adc.o
    0x08001268   0x08001268   0x00000050   Code   RO          220    i.ADC_Init          stm32f10x_adc.o
    0x080012b8   0x080012b8   0x000000b8   Code   RO          224    i.ADC_RegularChannelConfig  stm32f10x_adc.o
    0x08001370   0x08001370   0x0000000a   Code   RO          225    i.ADC_ResetCalibration  stm32f10x_adc.o
    0x0800137a   0x0800137a   0x00000016   Code   RO          227    i.ADC_SoftwareStartConvCmd  stm32f10x_adc.o
    0x08001390   0x08001390   0x0000000a   Code   RO          229    i.ADC_StartCalibration  stm32f10x_adc.o
    0x0800139a   0x0800139a   0x00000004   Code   RO         3315    i.BusFault_Handler  stm32f10x_it.o
    0x0800139e   0x0800139e   0x0000000c   Code   RO         4852    i.ByteSwap          usb_regs.o
    0x080013aa   0x080013aa   0x00000002   PAD
    0x080013ac   0x080013ac   0x00000288   Code   RO         4596    i.CTR_LP            usb_int.o
    0x08001634   0x08001634   0x00000034   Code   RO         4853    i.ClearDTOG_RX      usb_regs.o
    0x08001668   0x08001668   0x00000034   Code   RO         4854    i.ClearDTOG_TX      usb_regs.o
    0x0800169c   0x0800169c   0x00000028   Code   RO         4859    i.Clear_Status_Out  usb_regs.o
    0x080016c4   0x080016c4   0x0000007c   Code   RO         4686    i.CustomHID_Data_Setup  usb_prop.o
    0x08001740   0x08001740   0x00000014   Code   RO         4687    i.CustomHID_GetConfigDescriptor  usb_prop.o
    0x08001754   0x08001754   0x00000014   Code   RO         4688    i.CustomHID_GetDeviceDescriptor  usb_prop.o
    0x08001768   0x08001768   0x00000014   Code   RO         4689    i.CustomHID_GetHIDDescriptor  usb_prop.o
    0x0800177c   0x0800177c   0x0000001c   Code   RO         4690    i.CustomHID_GetProtocolValue  usb_prop.o
    0x08001798   0x08001798   0x00000014   Code   RO         4691    i.CustomHID_GetReportDescriptor  usb_prop.o
    0x080017ac   0x080017ac   0x00000028   Code   RO         4692    i.CustomHID_GetStringDescriptor  usb_prop.o
    0x080017d4   0x080017d4   0x00000016   Code   RO         4693    i.CustomHID_Get_Interface_Setting  usb_prop.o
    0x080017ea   0x080017ea   0x00000002   PAD
    0x080017ec   0x080017ec   0x00000024   Code   RO         4694    i.CustomHID_NoData_Setup  usb_prop.o
    0x08001810   0x08001810   0x000000a4   Code   RO         4695    i.CustomHID_Reset   usb_prop.o
    0x080018b4   0x080018b4   0x00000018   Code   RO         4696    i.CustomHID_SetConfiguration  usb_prop.o
    0x080018cc   0x080018cc   0x0000000c   Code   RO         4697    i.CustomHID_SetDeviceAddress  usb_prop.o
    0x080018d8   0x080018d8   0x00000018   Code   RO         4698    i.CustomHID_SetProtocol  usb_prop.o
    0x080018f0   0x080018f0   0x00000002   Code   RO         4699    i.CustomHID_Status_In  usb_prop.o
    0x080018f2   0x080018f2   0x00000002   Code   RO         4700    i.CustomHID_Status_Out  usb_prop.o
    0x080018f4   0x080018f4   0x00000028   Code   RO         4701    i.CustomHID_init    usb_prop.o
    0x0800191c   0x0800191c   0x000000c0   Code   RO         4370    i.DataStageIn       usb_core.o
    0x080019dc   0x080019dc   0x000000bc   Code   RO         4371    i.DataStageOut      usb_core.o
    0x08001a98   0x08001a98   0x00000298   Code   RO         4372    i.Data_Setup0       usb_core.o
    0x08001d30   0x08001d30   0x00000002   Code   RO         3316    i.DebugMon_Handler  stm32f10x_it.o
    0x08001d32   0x08001d32   0x00000002   Code   RO         4535    i.EP1_IN_Callback   usb_endp.o
    0x08001d34   0x08001d34   0x00000002   Code   RO         4536    i.EP1_OUT_Callback  usb_endp.o
    0x08001d36   0x08001d36   0x00000002   Code   RO         4537    i.EP2_IN_Callback   usb_endp.o
    0x08001d38   0x08001d38   0x00000040   Code   RO         3196    i.EXTI4_IRQHandler  main.o
    0x08001d78   0x08001d78   0x0000000c   Code   RO          985    i.EXTI_ClearITPendingBit  stm32f10x_exti.o
    0x08001d84   0x08001d84   0x00000028   Code   RO          989    i.EXTI_GetITStatus  stm32f10x_exti.o
    0x08001dac   0x08001dac   0x00000094   Code   RO          990    i.EXTI_Init         stm32f10x_exti.o
    0x08001e40   0x08001e40   0x00000040   Code   RO         1344    i.GPIO_EXTILineConfig  stm32f10x_gpio.o
    0x08001e80   0x08001e80   0x00000116   Code   RO         1347    i.GPIO_Init         stm32f10x_gpio.o
    0x08001f96   0x08001f96   0x0000000a   Code   RO         1358    i.GPIO_WriteBit     stm32f10x_gpio.o
    0x08001fa0   0x08001fa0   0x00000020   Code   RO         4871    i.GetEPRxAddr       usb_regs.o
    0x08001fc0   0x08001fc0   0x00000020   Code   RO         4874    i.GetEPTxAddr       usb_regs.o
    0x08001fe0   0x08001fe0   0x00000034   Code   RO         4702    i.Get_SerialNum     usb_prop.o
    0x08002014   0x08002014   0x00000004   Code   RO         3317    i.HardFault_Handler  stm32f10x_it.o
    0x08002018   0x08002018   0x00000070   Code   RO         4373    i.In0_Process       usb_core.o
    0x08002088   0x08002088   0x0000003e   Code   RO         4703    i.IntToUnicode      usb_prop.o
    0x080020c6   0x080020c6   0x00000002   PAD
    0x080020c8   0x080020c8   0x00000064   Code   RO         3626    i.Key_EXTI_Init     key.o
    0x0800212c   0x0800212c   0x00000004   Code   RO         3318    i.MemManage_Handler  stm32f10x_it.o
    0x08002130   0x08002130   0x00000002   Code   RO         3319    i.NMI_Handler       stm32f10x_it.o
    0x08002132   0x08002132   0x00000002   Code   RO         4374    i.NOP_Process       usb_core.o
    0x08002134   0x08002134   0x00000080   Code   RO         3519    i.NTC_ADC_Init      temperature.o
    0x080021b4   0x080021b4   0x00000070   Code   RO         3520    i.NTC_ConvertToTemp_LUT  temperature.o
    0x08002224   0x08002224   0x00000024   Code   RO         3521    i.NTC_GetFilteredADC  temperature.o
    0x08002248   0x08002248   0x00000034   Code   RO         3522    i.NTC_ReadRawADC    temperature.o
    0x0800227c   0x0800227c   0x00000070   Code   RO          137    i.NVIC_Init         misc.o
    0x080022ec   0x080022ec   0x00000014   Code   RO          138    i.NVIC_PriorityGroupConfig  misc.o
    0x08002300   0x08002300   0x00000138   Code   RO         4375    i.NoData_Setup0     usb_core.o
    0x08002438   0x08002438   0x0000002a   Code   RO         3387    i.OLED_Clear        oled.o
    0x08002462   0x08002462   0x00000002   PAD
    0x08002464   0x08002464   0x00000050   Code   RO         3388    i.OLED_I2C_Init     oled.o
    0x080024b4   0x080024b4   0x00000054   Code   RO         3389    i.OLED_I2C_SendByte  oled.o
    0x08002508   0x08002508   0x00000034   Code   RO         3390    i.OLED_I2C_Start    oled.o
    0x0800253c   0x0800253c   0x00000028   Code   RO         3391    i.OLED_I2C_Stop     oled.o
    0x08002564   0x08002564   0x000000ae   Code   RO         3392    i.OLED_Init         oled.o
    0x08002612   0x08002612   0x00000014   Code   RO         3393    i.OLED_Pow          oled.o
    0x08002626   0x08002626   0x00000022   Code   RO         3394    i.OLED_SetCursor    oled.o
    0x08002648   0x08002648   0x00000074   Code   RO         3396    i.OLED_ShowChar     oled.o
    0x080026bc   0x080026bc   0x00000044   Code   RO         3398    i.OLED_ShowNum      oled.o
    0x08002700   0x08002700   0x00000028   Code   RO         3400    i.OLED_ShowString   oled.o
    0x08002728   0x08002728   0x00000020   Code   RO         3401    i.OLED_WriteCommand  oled.o
    0x08002748   0x08002748   0x00000020   Code   RO         3402    i.OLED_WriteData    oled.o
    0x08002768   0x08002768   0x00000050   Code   RO         4376    i.Out0_Process      usb_core.o
    0x080027b8   0x080027b8   0x00000028   Code   RO         4668    i.PMAToUserBufferCopy  usb_mem.o
    0x080027e0   0x080027e0   0x00000084   Code   RO         3553    i.PWM_SG90_Init     pwm.o
    0x08002864   0x08002864   0x0000002c   Code   RO         3554    i.PWM_SG90_SetAngle  pwm.o
    0x08002890   0x08002890   0x00000048   Code   RO         4377    i.Post0_Process     usb_core.o
    0x080028d8   0x080028d8   0x00000038   Code   RO         4811    i.PowerOn           usb_pwr.o
    0x08002910   0x08002910   0x00000020   Code   RO         1775    i.RCC_APB1PeriphClockCmd  stm32f10x_rcc.o
    0x08002930   0x08002930   0x00000020   Code   RO         1777    i.RCC_APB2PeriphClockCmd  stm32f10x_rcc.o
    0x08002950   0x08002950   0x000000d4   Code   RO         1785    i.RCC_GetClocksFreq  stm32f10x_rcc.o
    0x08002a24   0x08002a24   0x000000b0   Code   RO         4812    i.Resume            usb_pwr.o
    0x08002ad4   0x08002ad4   0x0000001c   Code   RO         4813    i.Resume_Init       usb_pwr.o
    0x08002af0   0x08002af0   0x00000040   Code   RO         3197    i.Safe_Printf       main.o
    0x08002b30   0x08002b30   0x00000010   Code   RO         4882    i.SetBTABLE         usb_regs.o
    0x08002b40   0x08002b40   0x00000050   Code   RO         4378    i.SetDeviceAddress  usb_core.o
    0x08002b90   0x08002b90   0x00000024   Code   RO         4896    i.SetEPRxAddr       usb_regs.o
    0x08002bb4   0x08002bb4   0x0000004c   Code   RO         4897    i.SetEPRxCount      usb_regs.o
    0x08002c00   0x08002c00   0x00000040   Code   RO         4898    i.SetEPRxStatus     usb_regs.o
    0x08002c40   0x08002c40   0x00000034   Code   RO         4899    i.SetEPRxValid      usb_regs.o
    0x08002c74   0x08002c74   0x00000020   Code   RO         4900    i.SetEPTxAddr       usb_regs.o
    0x08002c94   0x08002c94   0x0000001c   Code   RO         4901    i.SetEPTxCount      usb_regs.o
    0x08002cb0   0x08002cb0   0x00000040   Code   RO         4902    i.SetEPTxStatus     usb_regs.o
    0x08002cf0   0x08002cf0   0x00000024   Code   RO         4904    i.SetEPType         usb_regs.o
    0x08002d14   0x08002d14   0x00000008   Code   RO           24    i.SetSysClock       system_stm32f10x.o
    0x08002d1c   0x08002d1c   0x000000e0   Code   RO           25    i.SetSysClockTo72   system_stm32f10x.o
    0x08002dfc   0x08002dfc   0x000000b8   Code   RO         4379    i.Setup0_Process    usb_core.o
    0x08002eb4   0x08002eb4   0x0000016c   Code   RO         4380    i.Standard_ClearFeature  usb_core.o
    0x08003020   0x08003020   0x0000002c   Code   RO         4381    i.Standard_GetConfiguration  usb_core.o
    0x0800304c   0x0800304c   0x00000024   Code   RO         4382    i.Standard_GetDescriptorData  usb_core.o
    0x08003070   0x08003070   0x0000002c   Code   RO         4383    i.Standard_GetInterface  usb_core.o
    0x0800309c   0x0800309c   0x00000100   Code   RO         4384    i.Standard_GetStatus  usb_core.o
    0x0800319c   0x0800319c   0x00000048   Code   RO         4385    i.Standard_SetConfiguration  usb_core.o
    0x080031e4   0x080031e4   0x00000028   Code   RO         4386    i.Standard_SetDeviceFeature  usb_core.o
    0x0800320c   0x0800320c   0x000000d0   Code   RO         4387    i.Standard_SetEndPointFeature  usb_core.o
    0x080032dc   0x080032dc   0x0000006c   Code   RO         4388    i.Standard_SetInterface  usb_core.o
    0x08003348   0x08003348   0x00000020   Code   RO         4814    i.Suspend           usb_pwr.o
    0x08003368   0x08003368   0x00000034   Code   RO         4300    i.SysTick_Handler   port.o
    0x0800339c   0x0800339c   0x00000060   Code   RO           27    i.SystemInit        system_stm32f10x.o
    0x080033fc   0x080033fc   0x00000018   Code   RO         2421    i.TIM_Cmd           stm32f10x_tim.o
    0x08003414   0x08003414   0x00000098   Code   RO         2450    i.TIM_OC1Init       stm32f10x_tim.o
    0x080034ac   0x080034ac   0x00000004   Code   RO         2482    i.TIM_SetCompare1   stm32f10x_tim.o
    0x080034b0   0x080034b0   0x000000a4   Code   RO         2492    i.TIM_TimeBaseInit  stm32f10x_tim.o
    0x08003554   0x08003554   0x000000a4   Code   RO         3574    i.UART_Init         uart.o
    0x080035f8   0x080035f8   0x00000044   Code   RO         3575    i.UART_ProcessRx    uart.o
    0x0800363c   0x0800363c   0x0000002c   Code   RO         3576    i.UART_SendString   uart.o
    0x08003668   0x08003668   0x0000005c   Code   RO         3577    i.USART1_IRQHandler  uart.o
    0x080036c4   0x080036c4   0x0000001e   Code   RO         2957    i.USART_ClearITPendingBit  stm32f10x_usart.o
    0x080036e2   0x080036e2   0x00000018   Code   RO         2960    i.USART_Cmd         stm32f10x_usart.o
    0x080036fa   0x080036fa   0x0000001a   Code   RO         2963    i.USART_GetFlagStatus  stm32f10x_usart.o
    0x08003714   0x08003714   0x00000054   Code   RO         2964    i.USART_GetITStatus  stm32f10x_usart.o
    0x08003768   0x08003768   0x0000004a   Code   RO         2966    i.USART_ITConfig    stm32f10x_usart.o
    0x080037b2   0x080037b2   0x00000002   PAD
    0x080037b4   0x080037b4   0x000000d8   Code   RO         2967    i.USART_Init        stm32f10x_usart.o
    0x0800388c   0x0800388c   0x0000000a   Code   RO         2974    i.USART_ReceiveData  stm32f10x_usart.o
    0x08003896   0x08003896   0x00000008   Code   RO         2977    i.USART_SendData    stm32f10x_usart.o
    0x0800389e   0x0800389e   0x00000002   PAD
    0x080038a0   0x080038a0   0x000000f8   Code   RO         4647    i.USB_Istr          usb_istr.o
    0x08003998   0x08003998   0x00000008   Code   RO         3320    i.USB_LP_CAN1_RX0_IRQHandler  stm32f10x_it.o
    0x080039a0   0x080039a0   0x00000024   Code   RO         5212    i.USB_SIL_Init      usb_sil.o
    0x080039c4   0x080039c4   0x00000004   Code   RO         3321    i.UsageFault_Handler  stm32f10x_it.o
    0x080039c8   0x080039c8   0x00000038   Code   RO         4669    i.UserToPMABufferCopy  usb_mem.o
    0x08003a00   0x08003a00   0x00000028   Code   RO         5637    i.__0sprintf        mc_w.l(printfa.o)
    0x08003a28   0x08003a28   0x00000010   Code   RO         5639    i.__0vprintf        mc_w.l(printfa.o)
    0x08003a38   0x08003a38   0x0000000e   Code   RO         5705    i.__scatterload_copy  mc_w.l(handlers.o)
    0x08003a46   0x08003a46   0x00000002   Code   RO         5706    i.__scatterload_null  mc_w.l(handlers.o)
    0x08003a48   0x08003a48   0x0000000e   Code   RO         5707    i.__scatterload_zeroinit  mc_w.l(handlers.o)
    0x08003a56   0x08003a56   0x00000002   PAD
    0x08003a58   0x08003a58   0x00000184   Code   RO         5642    i._fp_digits        mc_w.l(printfa.o)
    0x08003bdc   0x08003bdc   0x000006dc   Code   RO         5643    i._printf_core      mc_w.l(printfa.o)
    0x080042b8   0x080042b8   0x00000024   Code   RO         5644    i._printf_post_padding  mc_w.l(printfa.o)
    0x080042dc   0x080042dc   0x0000002e   Code   RO         5645    i._printf_pre_padding  mc_w.l(printfa.o)
    0x0800430a   0x0800430a   0x0000000a   Code   RO         5647    i._sputc            mc_w.l(printfa.o)
    0x08004314   0x08004314   0x00000024   Code   RO         3578    i.fputc             uart.o
    0x08004338   0x08004338   0x000001c4   Code   RO         3198    i.main              main.o
    0x080044fc   0x080044fc   0x000000cc   Code   RO         3868    i.prvAddCurrentTaskToDelayedList  tasks.o
    0x080045c8   0x080045c8   0x000000f0   Code   RO         3869    i.prvAddNewTaskToReadyList  tasks.o
    0x080046b8   0x080046b8   0x00000048   Code   RO         3870    i.prvCheckTasksWaitingTermination  tasks.o
    0x08004700   0x08004700   0x0000002a   Code   RO         3689    i.prvCopyDataFromQueue  queue.o
    0x0800472a   0x0800472a   0x0000007e   Code   RO         3690    i.prvCopyDataToQueue  queue.o
    0x080047a8   0x080047a8   0x00000078   Code   RO         3871    i.prvCreateIdleTasks  tasks.o
    0x08004820   0x08004820   0x0000005a   Code   RO         3872    i.prvCreateTask     tasks.o
    0x0800487a   0x0800487a   0x00000012   Code   RO         3873    i.prvDeleteTCB      tasks.o
    0x0800488c   0x0800488c   0x00000014   Code   RO         3691    i.prvGetHighestPriorityOfWaitToReceiveList  queue.o
    0x080048a0   0x080048a0   0x0000006c   Code   RO         4226    i.prvHeapInit       heap_4.o
    0x0800490c   0x0800490c   0x00000028   Code   RO         3874    i.prvIdleTask       tasks.o
    0x08004934   0x08004934   0x0000001e   Code   RO         3692    i.prvInitialiseMutex  queue.o
    0x08004952   0x08004952   0x00000026   Code   RO         3693    i.prvInitialiseNewQueue  queue.o
    0x08004978   0x08004978   0x0000007c   Code   RO         3875    i.prvInitialiseNewTask  tasks.o
    0x080049f4   0x080049f4   0x00000068   Code   RO         3876    i.prvInitialiseTaskLists  tasks.o
    0x08004a5c   0x08004a5c   0x00000068   Code   RO         4227    i.prvInsertBlockIntoFreeList  heap_4.o
    0x08004ac4   0x08004ac4   0x0000001a   Code   RO         3694    i.prvIsQueueEmpty   queue.o
    0x08004ade   0x08004ade   0x0000001e   Code   RO         3695    i.prvIsQueueFull    queue.o
    0x08004afc   0x08004afc   0x00000030   Code   RO         3877    i.prvResetNextTaskUnblockTime  tasks.o
    0x08004b2c   0x08004b2c   0x00000016   Code   RO         4301    i.prvTaskExitError  port.o
    0x08004b42   0x08004b42   0x0000007e   Code   RO         3696    i.prvUnlockQueue    queue.o
    0x08004bc0   0x08004bc0   0x00000104   Code   RO         4229    i.pvPortMalloc      heap_4.o
    0x08004cc4   0x08004cc4   0x00000014   Code   RO         3879    i.pvTaskIncrementMutexHeldCount  tasks.o
    0x08004cd8   0x08004cd8   0x00000024   Code   RO         4302    i.pxPortInitialiseStack  port.o
    0x08004cfc   0x08004cfc   0x00000028   Code   RO         3641    i.uxListRemove      list.o
    0x08004d24   0x08004d24   0x0000000c   Code   RO         3884    i.uxTaskGetNumberOfTasks  tasks.o
    0x08004d30   0x08004d30   0x0000001a   Code   RO         3642    i.vListInitialise   list.o
    0x08004d4a   0x08004d4a   0x00000006   Code   RO         3643    i.vListInitialiseItem  list.o
    0x08004d50   0x08004d50   0x00000034   Code   RO         3644    i.vListInsert       list.o
    0x08004d84   0x08004d84   0x00000024   Code   RO         4304    i.vPortEnterCritical  port.o
    0x08004da8   0x08004da8   0x00000020   Code   RO         4305    i.vPortExitCritical  port.o
    0x08004dc8   0x08004dc8   0x0000004c   Code   RO         4230    i.vPortFree         heap_4.o
    0x08004e14   0x08004e14   0x00000018   Code   RO         4306    i.vPortSetupTimerInterrupt  port.o
    0x08004e2c   0x08004e2c   0x00000034   Code   RO         3888    i.vTaskDelay        tasks.o
    0x08004e60   0x08004e60   0x00000018   Code   RO         3892    i.vTaskInternalSetTimeOutState  tasks.o
    0x08004e78   0x08004e78   0x0000000c   Code   RO         3893    i.vTaskMissedYield  tasks.o
    0x08004e84   0x08004e84   0x00000020   Code   RO         3894    i.vTaskPlaceOnEventList  tasks.o
    0x08004ea4   0x08004ea4   0x000000d8   Code   RO         3896    i.vTaskPriorityDisinheritAfterTimeout  tasks.o
    0x08004f7c   0x08004f7c   0x0000004c   Code   RO         3902    i.vTaskStartScheduler  tasks.o
    0x08004fc8   0x08004fc8   0x00000010   Code   RO         3904    i.vTaskSuspendAll   tasks.o
    0x08004fd8   0x08004fd8   0x00000068   Code   RO         3905    i.vTaskSwitchContext  tasks.o
    0x08005040   0x08005040   0x00000012   Code   RO         3199    i.vTask_ACPI        main.o
    0x08005052   0x08005052   0x00000002   PAD
    0x08005054   0x08005054   0x00000088   Code   RO         3200    i.vTask_KeyProcess  main.o
    0x080050dc   0x080050dc   0x00000180   Code   RO         3201    i.vTask_OLED        main.o
    0x0800525c   0x0800525c   0x00000064   Code   RO         3202    i.vTask_Thermal     main.o
    0x080052c0   0x080052c0   0x0000005c   Code   RO         3203    i.vTask_UART        main.o
    0x0800531c   0x0800531c   0x00000034   Code   RO         4307    i.xPortStartScheduler  port.o
    0x08005350   0x08005350   0x00000022   Code   RO         3703    i.xQueueCreateMutex  queue.o
    0x08005372   0x08005372   0x0000004c   Code   RO         3704    i.xQueueGenericCreate  queue.o
    0x080053be   0x080053be   0x00000002   PAD
    0x080053c0   0x080053c0   0x000000a0   Code   RO         3705    i.xQueueGenericReset  queue.o
    0x08005460   0x08005460   0x00000118   Code   RO         3706    i.xQueueGenericSend  queue.o
    0x08005578   0x08005578   0x00000086   Code   RO         3708    i.xQueueGiveFromISR  queue.o
    0x080055fe   0x080055fe   0x00000002   PAD
    0x08005600   0x08005600   0x00000104   Code   RO         3713    i.xQueueReceive     queue.o
    0x08005704   0x08005704   0x00000130   Code   RO         3715    i.xQueueSemaphoreTake  queue.o
    0x08005834   0x08005834   0x00000060   Code   RO         3907    i.xTaskCheckForTimeOut  tasks.o
    0x08005894   0x08005894   0x00000038   Code   RO         3908    i.xTaskCreate       tasks.o
    0x080058cc   0x080058cc   0x0000000c   Code   RO         3916    i.xTaskGetTickCount  tasks.o
    0x080058d8   0x080058d8   0x000001a0   Code   RO         3918    i.xTaskIncrementTick  tasks.o
    0x08005a78   0x08005a78   0x000000b4   Code   RO         3919    i.xTaskPriorityDisinherit  tasks.o
    0x08005b2c   0x08005b2c   0x000000f4   Code   RO         3920    i.xTaskPriorityInherit  tasks.o
    0x08005c20   0x08005c20   0x00000118   Code   RO         3921    i.xTaskRemoveFromEventList  tasks.o
    0x08005d38   0x08005d38   0x00000178   Code   RO         3922    i.xTaskResumeAll    tasks.o
    0x08005eb0   0x08005eb0   0x000005f0   Data   RO         3403    .constdata          oled.o
    0x080064a0   0x080064a0   0x00000016   Data   RO         3523    .constdata          temperature.o
    0x080064b6   0x080064b6   0x000000a7   Data   RO         4522    .constdata          usb_desc.o
    0x0800655d   0x0800655d   0x00000003   PAD
    0x08006560   0x08006560   0x00000020   Data   RO         5703    Region$$Table       anon$$obj.o


    Execution Region RW_IRAM1 (Exec base: 0x20000000, Load base: 0x08006580, Size: 0x00004c68, Max: 0x00005000, ABSOLUTE, COMPRESSED[0x000000a8])

    Exec Addr    Load Addr    Size         Type   Attr      Idx    E Section Name        Object

    0x20000000   COMPRESSED   0x00000014   Data   RW         1805    .data               stm32f10x_rcc.o
    0x20000014   COMPRESSED   0x00000026   Data   RW         3204    .data               main.o
    0x2000003a   COMPRESSED   0x00000004   Data   RW         3580    .data               uart.o
    0x2000003e   COMPRESSED   0x00000002   PAD
    0x20000040   COMPRESSED   0x00000040   Data   RW         3925    .data               tasks.o
    0x20000080   COMPRESSED   0x0000001c   Data   RW         4238    .data               heap_4.o
    0x2000009c   COMPRESSED   0x00000004   Data   RW         4308    .data               port.o
    0x200000a0   COMPRESSED   0x00000003   Data   RW         4389    .data               usb_core.o
    0x200000a3   COMPRESSED   0x0000001a   Data   RW         4523    .data               usb_desc.o
    0x200000bd   COMPRESSED   0x00000003   PAD
    0x200000c0   COMPRESSED   0x00000014   Data   RW         4574    .data               usb_init.o
    0x200000d4   COMPRESSED   0x00000004   Data   RW         4597    .data               usb_int.o
    0x200000d8   COMPRESSED   0x0000003c   Data   RW         4648    .data               usb_istr.o
    0x20000114   COMPRESSED   0x0000009c   Data   RW         4704    .data               usb_prop.o
    0x200001b0   COMPRESSED   0x00000007   Data   RW         4815    .data               usb_pwr.o
    0x200001b7   COMPRESSED   0x00000001   PAD
    0x200001b8   COMPRESSED   0x00000027   Data   RW         5263    .data               acpi.o
    0x200001df   COMPRESSED   0x00000001   PAD
    0x200001e0   COMPRESSED   0x00000004   Data   RW         5677    .data               mc_w.l(stdout.o)
    0x200001e4        -       0x00000080   Zero   RW         3579    .bss                uart.o
    0x20000264        -       0x000000c8   Zero   RW         3924    .bss                tasks.o
    0x2000032c        -       0x00004400   Zero   RW         4237    .bss                heap_4.o
    0x2000472c        -       0x0000001c   Zero   RW         4573    .bss                usb_init.o
    0x20004748        -       0x00000120   Zero   RW         5262    .bss                acpi.o
    0x20004868        -       0x00000400   Zero   RW            1    STACK               startup_stm32f10x_md.o


==============================================================================

Image component sizes


      Code (inc. data)   RO Data    RW Data    ZI Data      Debug   Object Name

      2664        470          0         39        288      13869   acpi.o
         0          0          0          0          0       4500   core_cm3.o
       548         56          0         28      17408       4631   heap_4.o
       100          4          0          0          0        544   key.o
       124          0          0          0          0       5025   list.o
      1310        420          0         38          0      25336   main.o
       132         22          0          0          0     215747   misc.o
       814         22       1520          0          0       7209   oled.o
       404         48          0          4          0       8552   port.o
       176         14          0          0          0       1096   pwm.o
      1686         16          0          0          0      28261   queue.o
        36          8        236          0       1024        792   startup_stm32f10x_md.o
       394         10          0          0          0      17993   stm32f10x_adc.o
       200         18          0          0          0       3976   stm32f10x_exti.o
       352          4          0          0          0      11214   stm32f10x_gpio.o
        28          0          0          0          0       2814   stm32f10x_it.o
       276         32          0         20          0      12830   stm32f10x_rcc.o
       344         62          0          0          0      22997   stm32f10x_tim.o
       472          6          0          0          0      12255   stm32f10x_usart.o
       328         28          0          0          0      45033   system_stm32f10x.o
      3284        362          0         64        200      35365   tasks.o
       328         20         22          0          0       2984   temperature.o
       404         46          0          4        128       4451   uart.o
      3058        288          0          3          0      15907   usb_core.o
         0          0        167         26          0        944   usb_desc.o
         6          0          0          0          0       1147   usb_endp.o
         0          0          0         20         28       3387   usb_init.o
       648         32          0          4          0       1500   usb_int.o
       248         26          0         60          0       1156   usb_istr.o
        96         10          0          0          0       1512   usb_mem.o
       712        122          0        156          0      12629   usb_prop.o
       292         34          0          7          0       2986   usb_pwr.o
       624         86          0          0          0       7433   usb_regs.o
        36          8          0          0          0        415   usb_sil.o

    ----------------------------------------------------------------------
     20144       2274       1980        480      19076     536490   Object Totals
         0          0         32          0          0          0   (incl. Generated)
        20          0          3          7          0          0   (incl. Padding)

    ----------------------------------------------------------------------

      Code (inc. data)   RO Data    RW Data    ZI Data      Debug   Library Member Name

        86          0          0          0          0          0   __dczerorl2.o
         0          0          0          0          0          0   entry.o
         0          0          0          0          0          0   entry10a.o
         0          0          0          0          0          0   entry11a.o
         8          4          0          0          0          0   entry2.o
         4          0          0          0          0          0   entry5.o
         0          0          0          0          0          0   entry7b.o
         0          0          0          0          0          0   entry8b.o
         8          4          0          0          0          0   entry9a.o
        30          0          0          0          0          0   handlers.o
        36          8          0          0          0         68   init.o
         0          0          0          0          0          0   iusefp.o
        30          0          0          0          0         68   llshl.o
        36          0          0          0          0         68   llsshr.o
        32          0          0          0          0         68   llushr.o
        36          0          0          0          0         68   memcpya.o
        36          0          0          0          0        108   memseta.o
      2292         94          0          0          0        588   printfa.o
         0          0          0          4          0          0   stdout.o
        14          0          0          0          0         68   strlen.o
        44          0          0          0          0         80   uidiv.o
        98          0          0          0          0         92   uldiv.o
        48          0          0          0          0         68   cdrcmple.o
       334          0          0          0          0        148   dadd.o
       222          0          0          0          0        100   ddiv.o
       186          0          0          0          0        176   depilogue.o
        48          0          0          0          0         68   dfixul.o
       228          0          0          0          0         96   dmul.o

    ----------------------------------------------------------------------
      3860        110          0          4          0       1932   Library Totals
         4          0          0          0          0          0   (incl. Padding)

    ----------------------------------------------------------------------

      Code (inc. data)   RO Data    RW Data    ZI Data      Debug   Library Name

      2790        110          0          4          0       1276   mc_w.l
      1066          0          0          0          0        656   mf_w.l

    ----------------------------------------------------------------------
      3860        110          0          4          0       1932   Library Totals

    ----------------------------------------------------------------------

==============================================================================


      Code (inc. data)   RO Data    RW Data    ZI Data      Debug   

     24004       2384       1980        484      19076     526382   Grand Totals
     24004       2384       1980        168      19076     526382   ELF Image Totals (compressed)
     24004       2384       1980        168          0          0   ROM Totals

==============================================================================

    Total RO  Size (Code + RO Data)                25984 (  25.38kB)
    Total RW  Size (RW Data + ZI Data)             19560 (  19.10kB)
    Total ROM Size (Code + RO Data + RW Data)      26152 (  25.54kB)

==============================================================================

