Component: ARM Compiler 5.06 update 5 (build 528) Tool: armlink [4d35e2]

==============================================================================

Section Cross References

    startup_stm32f10x_md.o(RESET) refers to startup_stm32f10x_md.o(STACK) for __initial_sp
    startup_stm32f10x_md.o(RESET) refers to startup_stm32f10x_md.o(.text) for Reset_Handler
    startup_stm32f10x_md.o(RESET) refers to stm32f10x_it.o(i.NMI_Handler) for NMI_Handler
    startup_stm32f10x_md.o(RESET) refers to stm32f10x_it.o(i.HardFault_Handler) for HardFault_Handler
    startup_stm32f10x_md.o(RESET) refers to stm32f10x_it.o(i.MemManage_Handler) for MemManage_Handler
    startup_stm32f10x_md.o(RESET) refers to stm32f10x_it.o(i.BusFault_Handler) for BusFault_Handler
    startup_stm32f10x_md.o(RESET) refers to stm32f10x_it.o(i.UsageFault_Handler) for UsageFault_Handler
    startup_stm32f10x_md.o(RESET) refers to port.o(.emb_text) for SVC_Handler
    startup_stm32f10x_md.o(RESET) refers to stm32f10x_it.o(i.DebugMon_Handler) for DebugMon_Handler
    startup_stm32f10x_md.o(RESET) refers to port.o(i.SysTick_Handler) for SysTick_Handler
    startup_stm32f10x_md.o(RESET) refers to main.o(i.EXTI4_IRQHandler) for EXTI4_IRQHandler
    startup_stm32f10x_md.o(RESET) refers to stm32f10x_it.o(i.USB_LP_CAN1_RX0_IRQHandler) for USB_LP_CAN1_RX0_IRQHandler
    startup_stm32f10x_md.o(.text) refers to system_stm32f10x.o(i.SystemInit) for SystemInit
    startup_stm32f10x_md.o(.text) refers to entry.o(.ARM.Collect$$$$00000000) for __main
    system_stm32f10x.o(i.SetSysClock) refers to system_stm32f10x.o(i.SetSysClockTo72) for SetSysClockTo72
    system_stm32f10x.o(i.SystemCoreClockUpdate) refers to system_stm32f10x.o(.data) for SystemCoreClock
    system_stm32f10x.o(i.SystemInit) refers to system_stm32f10x.o(i.SetSysClock) for SetSysClock
    stm32f10x_adc.o(i.ADC_DeInit) refers to stm32f10x_rcc.o(i.RCC_APB2PeriphResetCmd) for RCC_APB2PeriphResetCmd
    stm32f10x_bkp.o(i.BKP_DeInit) refers to stm32f10x_rcc.o(i.RCC_BackupResetCmd) for RCC_BackupResetCmd
    stm32f10x_can.o(i.CAN_DeInit) refers to stm32f10x_rcc.o(i.RCC_APB1PeriphResetCmd) for RCC_APB1PeriphResetCmd
    stm32f10x_can.o(i.CAN_GetITStatus) refers to stm32f10x_can.o(i.CheckITStatus) for CheckITStatus
    stm32f10x_cec.o(i.CEC_DeInit) refers to stm32f10x_rcc.o(i.RCC_APB1PeriphResetCmd) for RCC_APB1PeriphResetCmd
    stm32f10x_dac.o(i.DAC_DeInit) refers to stm32f10x_rcc.o(i.RCC_APB1PeriphResetCmd) for RCC_APB1PeriphResetCmd
    stm32f10x_flash.o(i.FLASH_EnableWriteProtection) refers to stm32f10x_flash.o(i.FLASH_WaitForLastOperation) for FLASH_WaitForLastOperation
    stm32f10x_flash.o(i.FLASH_EraseAllBank1Pages) refers to stm32f10x_flash.o(i.FLASH_WaitForLastBank1Operation) for FLASH_WaitForLastBank1Operation
    stm32f10x_flash.o(i.FLASH_EraseAllPages) refers to stm32f10x_flash.o(i.FLASH_WaitForLastOperation) for FLASH_WaitForLastOperation
    stm32f10x_flash.o(i.FLASH_EraseOptionBytes) refers to stm32f10x_flash.o(i.FLASH_GetReadOutProtectionStatus) for FLASH_GetReadOutProtectionStatus
    stm32f10x_flash.o(i.FLASH_EraseOptionBytes) refers to stm32f10x_flash.o(i.FLASH_WaitForLastOperation) for FLASH_WaitForLastOperation
    stm32f10x_flash.o(i.FLASH_ErasePage) refers to stm32f10x_flash.o(i.FLASH_WaitForLastOperation) for FLASH_WaitForLastOperation
    stm32f10x_flash.o(i.FLASH_ProgramHalfWord) refers to stm32f10x_flash.o(i.FLASH_WaitForLastOperation) for FLASH_WaitForLastOperation
    stm32f10x_flash.o(i.FLASH_ProgramOptionByteData) refers to stm32f10x_flash.o(i.FLASH_WaitForLastOperation) for FLASH_WaitForLastOperation
    stm32f10x_flash.o(i.FLASH_ProgramWord) refers to stm32f10x_flash.o(i.FLASH_WaitForLastOperation) for FLASH_WaitForLastOperation
    stm32f10x_flash.o(i.FLASH_ReadOutProtection) refers to stm32f10x_flash.o(i.FLASH_WaitForLastOperation) for FLASH_WaitForLastOperation
    stm32f10x_flash.o(i.FLASH_UserOptionByteConfig) refers to stm32f10x_flash.o(i.FLASH_WaitForLastOperation) for FLASH_WaitForLastOperation
    stm32f10x_flash.o(i.FLASH_WaitForLastBank1Operation) refers to stm32f10x_flash.o(i.FLASH_GetBank1Status) for FLASH_GetBank1Status
    stm32f10x_flash.o(i.FLASH_WaitForLastOperation) refers to stm32f10x_flash.o(i.FLASH_GetBank1Status) for FLASH_GetBank1Status
    stm32f10x_gpio.o(i.GPIO_AFIODeInit) refers to stm32f10x_rcc.o(i.RCC_APB2PeriphResetCmd) for RCC_APB2PeriphResetCmd
    stm32f10x_gpio.o(i.GPIO_DeInit) refers to stm32f10x_rcc.o(i.RCC_APB2PeriphResetCmd) for RCC_APB2PeriphResetCmd
    stm32f10x_i2c.o(i.I2C_DeInit) refers to stm32f10x_rcc.o(i.RCC_APB1PeriphResetCmd) for RCC_APB1PeriphResetCmd
    stm32f10x_i2c.o(i.I2C_Init) refers to stm32f10x_rcc.o(i.RCC_GetClocksFreq) for RCC_GetClocksFreq
    stm32f10x_pwr.o(i.PWR_DeInit) refers to stm32f10x_rcc.o(i.RCC_APB1PeriphResetCmd) for RCC_APB1PeriphResetCmd
    stm32f10x_rcc.o(i.RCC_GetClocksFreq) refers to stm32f10x_rcc.o(.data) for APBAHBPrescTable
[...]
    DataStageOut                             0x08000f69   Thumb Code   166  usb_core.o(i.DataStageOut)
    i.Data_Setup0                            0x08001024   Section        0  usb_core.o(i.Data_Setup0)
    Data_Setup0                              0x08001025   Thumb Code   628  usb_core.o(i.Data_Setup0)
    i.DebugMon_Handler                       0x080012bc   Section        0  stm32f10x_it.o(i.DebugMon_Handler)
    i.EP1_IN_Callback                        0x080012be   Section        0  usb_endp.o(i.EP1_IN_Callback)
    i.EP1_OUT_Callback                       0x080012c0   Section        0  usb_endp.o(i.EP1_OUT_Callback)
    i.EP2_IN_Callback                        0x080012c2   Section        0  usb_endp.o(i.EP2_IN_Callback)
    i.EXTI4_IRQHandler                       0x080012c4   Section        0  main.o(i.EXTI4_IRQHandler)
    i.EXTI_ClearITPendingBit                 0x08001304   Section        0  stm32f10x_exti.o(i.EXTI_ClearITPendingBit)
    i.EXTI_GetITStatus                       0x08001310   Section        0  stm32f10x_exti.o(i.EXTI_GetITStatus)
    i.EXTI_Init                              0x08001338   Section        0  stm32f10x_exti.o(i.EXTI_Init)
    i.GPIO_EXTILineConfig                    0x080013cc   Section        0  stm32f10x_gpio.o(i.GPIO_EXTILineConfig)
    i.GPIO_Init                              0x0800140c   Section        0  stm32f10x_gpio.o(i.GPIO_Init)
    i.GPIO_WriteBit                          0x08001522   Section        0  stm32f10x_gpio.o(i.GPIO_WriteBit)
    i.GetEPRxAddr                            0x0800152c   Section        0  usb_regs.o(i.GetEPRxAddr)
    i.GetEPTxAddr                            0x0800154c   Section        0  usb_regs.o(i.GetEPTxAddr)
    i.Get_SerialNum                          0x0800156c   Section        0  usb_prop.o(i.Get_SerialNum)
    i.HardFault_Handler                      0x080015a0   Section        0  stm32f10x_it.o(i.HardFault_Handler)
    i.In0_Process                            0x080015a4   Section        0  usb_core.o(i.In0_Process)
    i.IntToUnicode                           0x08001614   Section        0  usb_prop.o(i.IntToUnicode)
    IntToUnicode                             0x08001615   Thumb Code    62  usb_prop.o(i.IntToUnicode)
    i.Key_EXTI_Init                          0x08001654   Section        0  key.o(i.Key_EXTI_Init)
    i.MemManage_Handler                      0x080016b8   Section        0  stm32f10x_it.o(i.MemManage_Handler)
    i.NMI_Handler                            0x080016bc   Section        0  stm32f10x_it.o(i.NMI_Handler)
    i.NOP_Process                            0x080016be   Section        0  usb_core.o(i.NOP_Process)
    i.NTC_ADC_Init                           0x080016c0   Section        0  temperature.o(i.NTC_ADC_Init)
    i.NTC_ConvertToTemp_LUT                  0x08001740   Section        0  temperature.o(i.NTC_ConvertToTemp_LUT)
    i.NTC_GetFilteredADC                     0x080017b0   Section        0  temperature.o(i.NTC_GetFilteredADC)
    i.NTC_ReadRawADC                         0x080017d4   Section        0  temperature.o(i.NTC_ReadRawADC)
    NTC_ReadRawADC                           0x080017d5   Thumb Code    46  temperature.o(i.NTC_ReadRawADC)
    i.NVIC_Init                              0x08001808   Section        0  misc.o(i.NVIC_Init)
    i.NVIC_PriorityGroupConfig               0x08001878   Section        0  misc.o(i.NVIC_PriorityGroupConfig)
    i.NoData_Setup0                          0x0800188c   Section        0  usb_core.o(i.NoData_Setup0)
    NoData_Setup0                            0x0800188d   Thumb Code   290  usb_core.o(i.NoData_Setup0)
    i.OLED_Clear                             0x080019c4   Section        0  oled.o(i.OLED_Clear)
    i.OLED_I2C_Init                          0x080019f0   Section        0  oled.o(i.OLED_I2C_Init)
    i.OLED_I2C_SendByte                      0x08001a40   Section        0  oled.o(i.OLED_I2C_SendByte)
    i.OLED_I2C_Start                         0x08001a94   Section        0  oled.o(i.OLED_I2C_Start)
    i.OLED_I2C_Stop                          0x08001ac8   Section        0  oled.o(i.OLED_I2C_Stop)
    i.OLED_Init                              0x08001af0   Section        0  oled.o(i.OLED_Init)
    i.OLED_Pow                               0x08001b9e   Section        0  oled.o(i.OLED_Pow)
    i.OLED_SetCursor                         0x08001bb2   Section        0  oled.o(i.OLED_SetCursor)
    i.OLED_ShowChar                          0x08001bd4   Section        0  oled.o(i.OLED_ShowChar)
    i.OLED_ShowNum                           0x08001c48   Section        0  oled.o(i.OLED_ShowNum)
    i.OLED_ShowString                        0x08001c8c   Section        0  oled.o(i.OLED_ShowString)
    i.OLED_WriteCommand                      0x08001cb4   Section        0  oled.o(i.OLED_WriteCommand)
    i.OLED_WriteData                         0x08001cd4   Section        0  oled.o(i.OLED_WriteData)
    i.Out0_Process                           0x08001cf4   Section        0  usb_core.o(i.Out0_Process)
    i.PMAToUserBufferCopy                    0x08001d44   Section        0  usb_mem.o(i.PMAToUserBufferCopy)
    i.PWM_SG90_Init                          0x08001d6c   Section        0  pwm.o(i.PWM_SG90_Init)
    i.PWM_SG90_SetAngle                      0x08001df0   Section        0  pwm.o(i.PWM_SG90_SetAngle)
    i.Post0_Process                          0x08001e1c   Section        0  usb_core.o(i.Post0_Process)
    i.PowerOn                                0x08001e64   Section        0  usb_pwr.o(i.PowerOn)
    i.RCC_APB1PeriphClockCmd                 0x08001e9c   Section        0  stm32f10x_rcc.o(i.RCC_APB1PeriphClockCmd)
    i.RCC_APB2PeriphClockCmd                 0x08001ebc   Section        0  stm32f10x_rcc.o(i.RCC_APB2PeriphClockCmd)
    i.RCC_GetClocksFreq                      0x08001edc   Section        0  stm32f10x_rcc.o(i.RCC_GetClocksFreq)
    i.RCC_USBCLKConfig                       0x08001fb0   Section        0  stm32f10x_rcc.o(i.RCC_USBCLKConfig)
    i.Resume                                 0x08001fbc   Section        0  usb_pwr.o(i.Resume)
    i.Resume_Init                            0x0800206c   Section        0  usb_pwr.o(i.Resume_Init)
    i.Safe_Printf                            0x08002088   Section        0  main.o(i.Safe_Printf)
    i.SetBTABLE                              0x080020c8   Section        0  usb_regs.o(i.SetBTABLE)
    i.SetDeviceAddress                       0x080020d8   Section        0  usb_core.o(i.SetDeviceAddress)
    i.SetEPRxAddr                            0x08002128   Section        0  usb_regs.o(i.SetEPRxAddr)
    i.SetEPRxCount                           0x0800214c   Section        0  usb_regs.o(i.SetEPRxCount)
    i.SetEPRxStatus                          0x08002198   Section        0  usb_regs.o(i.SetEPRxStatus)
    i.SetEPRxValid                           0x080021d8   Section        0  usb_regs.o(i.SetEPRxValid)
    i.SetEPTxAddr                            0x0800220c   Section        0  usb_regs.o(i.SetEPTxAddr)
    i.SetEPTxCount                           0x0800222c   Section        0  usb_regs.o(i.SetEPTxCount)
    i.SetEPTxStatus                          0x08002248   Section        0  usb_regs.o(i.SetEPTxStatus)
    i.SetEPTxValid                           0x08002288   Section        0  usb_regs.o(i.SetEPTxValid)
    i.SetEPType                              0x080022bc   Section        0  usb_regs.o(i.SetEPType)
    i.SetSysClock                            0x080022e0   Section        0  system_stm32f10x.o(i.SetSysClock)
    SetSysClock                              0x080022e1   Thumb Code     8  system_stm32f10x.o(i.SetSysClock)
    i.SetSysClockTo72                        0x080022e8   Section        0  system_stm32f10x.o(i.SetSysClockTo72)
    SetSysClockTo72                          0x080022e9   Thumb Code   214  system_stm32f10x.o(i.SetSysClockTo72)
    i.Setup0_Process                         0x080023c8   Section        0  usb_core.o(i.Setup0_Process)
    i.Standard_ClearFeature                  0x08002480   Section        0  usb_core.o(i.Standard_ClearFeature)
    i.Standard_GetConfiguration              0x080025ec   Section        0  usb_core.o(i.Standard_GetConfiguration)
    i.Standard_GetDescriptorData             0x08002618   Section        0  usb_core.o(i.Standard_GetDescriptorData)
    i.Standard_GetInterface                  0x0800263c   Section        0  usb_core.o(i.Standard_GetInterface)
    i.Standard_GetStatus                     0x08002668   Section        0  usb_core.o(i.Standard_GetStatus)
    i.Standard_SetConfiguration              0x08002768   Section        0  usb_core.o(i.Standard_SetConfiguration)
    i.Standard_SetDeviceFeature              0x080027b0   Section        0  usb_core.o(i.Standard_SetDeviceFeature)
    i.Standard_SetEndPointFeature            0x080027d8   Section        0  usb_core.o(i.Standard_SetEndPointFeature)
    i.Standard_SetInterface                  0x080028a8   Section        0  usb_core.o(i.Standard_SetInterface)
    i.Suspend                                0x08002914   Section        0  usb_pwr.o(i.Suspend)
    i.SysTick_Handler                        0x08002934   Section        0  port.o(i.SysTick_Handler)
    i.SystemInit                             0x08002968   Section        0  system_stm32f10x.o(i.SystemInit)
    i.TIM_Cmd                                0x080029c8   Section        0  stm32f10x_tim.o(i.TIM_Cmd)
    i.TIM_OC1Init                            0x080029e0   Section        0  stm32f10x_tim.o(i.TIM_OC1Init)
    i.TIM_SetCompare1                        0x08002a78   Section        0  stm32f10x_tim.o(i.TIM_SetCompare1)
    i.TIM_TimeBaseInit                       0x08002a7c   Section        0  stm32f10x_tim.o(i.TIM_TimeBaseInit)
    i.UART_Init                              0x08002b20   Section        0  uart.o(i.UART_Init)
    i.USART_Cmd                              0x08002b9c   Section        0  stm32f10x_usart.o(i.USART_Cmd)
    i.USART_GetFlagStatus                    0x08002bb4   Section        0  stm32f10x_usart.o(i.USART_GetFlagStatus)
    i.USART_Init                             0x08002bd0   Section        0  stm32f10x_usart.o(i.USART_Init)
    i.USART_SendData                         0x08002ca8   Section        0  stm32f10x_usart.o(i.USART_SendData)
    i.USB_IO_Init                            0x08002cb0   Section        0  usb_io.o(i.USB_IO_Init)
    i.USB_Init                               0x08002ce8   Section        0  usb_init.o(i.USB_Init)
    i.USB_Istr                               0x08002d24   Section        0  usb_istr.o(i.USB_Istr)
    i.USB_Keyboard_Send                      0x08002e1c   Section        0  usb_io.o(i.USB_Keyboard_Send)
    i.USB_LP_CAN1_RX0_IRQHandler             0x08002e44   Section        0  stm32f10x_it.o(i.USB_LP_CAN1_RX0_IRQHandler)
    i.USB_SIL_Init                           0x08002e4c   Section        0  usb_sil.o(i.USB_SIL_Init)
    i.UsageFault_Handler                     0x08002e70   Section        0  stm32f10x_it.o(i.UsageFault_Handler)
    i.UserToPMABufferCopy                    0x08002e74   Section        0  usb_mem.o(i.UserToPMABufferCopy)
    i.__0vprintf                             0x08002eac   Section        0  printfa.o(i.__0vprintf)
    i.__scatterload_copy                     0x08002ebc   Section       14  handlers.o(i.__scatterload_copy)
    i.__scatterload_null                     0x08002eca   Section        2  handlers.o(i.__scatterload_null)
    i.__scatterload_zeroinit                 0x08002ecc   Section       14  handlers.o(i.__scatterload_zeroinit)
    i._fp_digits                             0x08002edc   Section        0  printfa.o(i._fp_digits)
    _fp_digits                               0x08002edd   Thumb Code   366  printfa.o(i._fp_digits)
    i._printf_core                           0x08003060   Section        0  printfa.o(i._printf_core)
    _printf_core                             0x08003061   Thumb Code  1744  printfa.o(i._printf_core)
    i._printf_post_padding                   0x0800373c   Section        0  printfa.o(i._printf_post_padding)
    _printf_post_padding                     0x0800373d   Thumb Code    36  printfa.o(i._printf_post_padding)
    i._printf_pre_padding                    0x08003760   Section        0  printfa.o(i._printf_pre_padding)
    _printf_pre_padding                      0x08003761   Thumb Code    46  printfa.o(i._printf_pre_padding)
    i.fputc                                  0x08003790   Section        0  uart.o(i.fputc)
    i.main                                   0x080037b4   Section        0  main.o(i.main)
    i.prvAddCurrentTaskToDelayedList         0x08003960   Section        0  tasks.o(i.prvAddCurrentTaskToDelayedList)
    prvAddCurrentTaskToDelayedList           0x08003961   Thumb Code   174  tasks.o(i.prvAddCurrentTaskToDelayedList)
    i.prvAddNewTaskToReadyList               0x08003a2c   Section        0  tasks.o(i.prvAddNewTaskToReadyList)
    prvAddNewTaskToReadyList                 0x08003a2d   Thumb Code   212  tasks.o(i.prvAddNewTaskToReadyList)
    i.prvCheckTasksWaitingTermination        0x08003b1c   Section        0  tasks.o(i.prvCheckTasksWaitingTermination)
    prvCheckTasksWaitingTermination          0x08003b1d   Thumb Code    60  tasks.o(i.prvCheckTasksWaitingTermination)
    i.prvCopyDataFromQueue                   0x08003b64   Section        0  queue.o(i.prvCopyDataFromQueue)
    prvCopyDataFromQueue                     0x08003b65   Thumb Code    42  queue.o(i.prvCopyDataFromQueue)
    i.prvCopyDataToQueue                     0x08003b8e   Section        0  queue.o(i.prvCopyDataToQueue)
    prvCopyDataToQueue                       0x08003b8f   Thumb Code   126  queue.o(i.prvCopyDataToQueue)
    i.prvCreateIdleTasks                     0x08003c0c   Section        0  tasks.o(i.prvCreateIdleTasks)
    prvCreateIdleTasks                       0x08003c0d   Thumb Code   104  tasks.o(i.prvCreateIdleTasks)
    i.prvCreateTask                          0x08003c84   Section        0  tasks.o(i.prvCreateTask)
    prvCreateTask                            0x08003c85   Thumb Code    90  tasks.o(i.prvCreateTask)
    i.prvDeleteTCB                           0x08003cde   Section        0  tasks.o(i.prvDeleteTCB)
    prvDeleteTCB                             0x08003cdf   Thumb Code    18  tasks.o(i.prvDeleteTCB)
    i.prvGetHighestPriorityOfWaitToReceiveList 0x08003cf0   Section        0  queue.o(i.prvGetHighestPriorityOfWaitToReceiveList)
    prvGetHighestPriorityOfWaitToReceiveList 0x08003cf1   Thumb Code    20  queue.o(i.prvGetHighestPriorityOfWaitToReceiveList)
    i.prvHeapInit                            0x08003d04   Section        0  heap_4.o(i.prvHeapInit)
    prvHeapInit                              0x08003d05   Thumb Code    88  heap_4.o(i.prvHeapInit)
    i.prvIdleTask                            0x08003d70   Section        0  tasks.o(i.prvIdleTask)
    prvIdleTask                              0x08003d71   Thumb Code    32  tasks.o(i.prvIdleTask)
    i.prvInitialiseMutex                     0x08003d98   Section        0  queue.o(i.prvInitialiseMutex)
    prvInitialiseMutex                       0x08003d99   Thumb Code    30  queue.o(i.prvInitialiseMutex)
    i.prvInitialiseNewQueue                  0x08003db6   Section        0  queue.o(i.prvInitialiseNewQueue)
    prvInitialiseNewQueue                    0x08003db7   Thumb Code    38  queue.o(i.prvInitialiseNewQueue)
    i.prvInitialiseNewTask                   0x08003ddc   Section        0  tasks.o(i.prvInitialiseNewTask)
    prvInitialiseNewTask                     0x08003ddd   Thumb Code   124  tasks.o(i.prvInitialiseNewTask)
    i.prvInitialiseTaskLists                 0x08003e58   Section        0  tasks.o(i.prvInitialiseTaskLists)
    prvInitialiseTaskLists                   0x08003e59   Thumb Code    70  tasks.o(i.prvInitialiseTaskLists)
    i.prvInsertBlockIntoFreeList             0x08003ec0   Section        0  heap_4.o(i.prvInsertBlockIntoFreeList)
    prvInsertBlockIntoFreeList               0x08003ec1   Thumb Code    96  heap_4.o(i.prvInsertBlockIntoFreeList)
    i.prvIsQueueEmpty                        0x08003f28   Section        0  queue.o(i.prvIsQueueEmpty)
    prvIsQueueEmpty                          0x08003f29   Thumb Code    26  queue.o(i.prvIsQueueEmpty)
    i.prvIsQueueFull                         0x08003f42   Section        0  queue.o(i.prvIsQueueFull)
    prvIsQueueFull                           0x08003f43   Thumb Code    30  queue.o(i.prvIsQueueFull)
    i.prvResetNextTaskUnblockTime            0x08003f60   Section        0  tasks.o(i.prvResetNextTaskUnblockTime)
    prvResetNextTaskUnblockTime              0x08003f61   Thumb Code    40  tasks.o(i.prvResetNextTaskUnblockTime)
    i.prvTaskExitError                       0x08003f90   Section        0  port.o(i.prvTaskExitError)
    prvTaskExitError                         0x08003f91   Thumb Code    22  port.o(i.prvTaskExitError)
    i.prvUnlockQueue                         0x08003fa6   Section        0  queue.o(i.prvUnlockQueue)
    prvUnlockQueue                           0x08003fa7   Thumb Code   126  queue.o(i.prvUnlockQueue)
    i.pvPortMalloc                           0x08004024   Section        0  heap_4.o(i.pvPortMalloc)
    i.pvTaskIncrementMutexHeldCount          0x08004128   Section        0  tasks.o(i.pvTaskIncrementMutexHeldCount)
    i.pxPortInitialiseStack                  0x0800413c   Section        0  port.o(i.pxPortInitialiseStack)
    i.uxListRemove                           0x08004160   Section        0  list.o(i.uxListRemove)
    i.uxTaskGetNumberOfTasks                 0x08004188   Section        0  tasks.o(i.uxTaskGetNumberOfTasks)
    i.vListInitialise                        0x08004194   Section        0  list.o(i.vListInitialise)
    i.vListInitialiseItem                    0x080041ae   Section        0  list.o(i.vListInitialiseItem)
    i.vListInsert                            0x080041b4   Section        0  list.o(i.vListInsert)
    i.vPortEnterCritical                     0x080041e8   Section        0  port.o(i.vPortEnterCritical)
    i.vPortExitCritical                      0x0800420c   Section        0  port.o(i.vPortExitCritical)
    i.vPortFree                              0x0800422c   Section        0  heap_4.o(i.vPortFree)
    i.vPortSetupTimerInterrupt               0x08004278   Section        0  port.o(i.vPortSetupTimerInterrupt)
    i.vTaskDelay                             0x08004290   Section        0  tasks.o(i.vTaskDelay)
    i.vTaskInternalSetTimeOutState           0x080042c4   Section        0  tasks.o(i.vTaskInternalSetTimeOutState)
    i.vTaskMissedYield                       0x080042dc   Section        0  tasks.o(i.vTaskMissedYield)
    i.vTaskPlaceOnEventList                  0x080042e8   Section        0  tasks.o(i.vTaskPlaceOnEventList)
    i.vTaskPriorityDisinheritAfterTimeout    0x08004308   Section        0  tasks.o(i.vTaskPriorityDisinheritAfterTimeout)
    i.vTaskStartScheduler                    0x080043e0   Section        0  tasks.o(i.vTaskStartScheduler)
    i.vTaskSuspendAll                        0x0800442c   Section        0  tasks.o(i.vTaskSuspendAll)
    i.vTaskSwitchContext                     0x0800443c   Section        0  tasks.o(i.vTaskSwitchContext)
    i.vTask_KeyProcess                       0x080044a4   Section        0  main.o(i.vTask_KeyProcess)
    i.vTask_OLED                             0x0800452c   Section        0  main.o(i.vTask_OLED)
    i.vTask_Thermal                          0x080046a8   Section        0  main.o(i.vTask_Thermal)
    i.vTask_UART                             0x08004700   Section        0  main.o(i.vTask_UART)
    i.xPortStartScheduler                    0x0800475c   Section        0  port.o(i.xPortStartScheduler)
    i.xQueueCreateMutex                      0x08004790   Section        0  queue.o(i.xQueueCreateMutex)
    i.xQueueGenericCreate                    0x080047b2   Section        0  queue.o(i.xQueueGenericCreate)
    i.xQueueGenericReset                     0x08004800   Section        0  queue.o(i.xQueueGenericReset)
    i.xQueueGenericSend                      0x080048a0   Section        0  queue.o(i.xQueueGenericSend)
    i.xQueueGiveFromISR                      0x080049b8   Section        0  queue.o(i.xQueueGiveFromISR)
    i.xQueueReceive                          0x08004a40   Section        0  queue.o(i.xQueueReceive)
    i.xQueueSemaphoreTake                    0x08004b44   Section        0  queue.o(i.xQueueSemaphoreTake)
    i.xTaskCheckForTimeOut                   0x08004c74   Section        0  tasks.o(i.xTaskCheckForTimeOut)
    i.xTaskCreate                            0x08004cd4   Section        0  tasks.o(i.xTaskCreate)
    i.xTaskGetTickCount                      0x08004d0c   Section        0  tasks.o(i.xTaskGetTickCount)
    i.xTaskIncrementTick                     0x08004d18   Section        0  tasks.o(i.xTaskIncrementTick)
    i.xTaskPriorityDisinherit                0x08004eb8   Section        0  tasks.o(i.xTaskPriorityDisinherit)
    i.xTaskPriorityInherit                   0x08004f6c   Section        0  tasks.o(i.xTaskPriorityInherit)
    i.xTaskRemoveFromEventList               0x08005060   Section        0  tasks.o(i.xTaskRemoveFromEventList)
    i.xTaskResumeAll                         0x08005178   Section        0  tasks.o(i.xTaskResumeAll)
    .constdata                               0x080052f0   Section     1520  oled.o(.constdata)
    .constdata                               0x080058e0   Section       22  temperature.o(.constdata)
    NTC_ADC_Table                            0x080058e0   Data          22  temperature.o(.constdata)
    .constdata                               0x080058f6   Section      167  usb_desc.o(.constdata)
    .data                                    0x20000000   Section       20  stm32f10x_rcc.o(.data)
    APBAHBPrescTable                         0x20000000   Data          16  stm32f10x_rcc.o(.data)
    ADCPrescTable                            0x20000010   Data           4  stm32f10x_rcc.o(.data)
    .data                                    0x20000014   Section       49  main.o(.data)
    .data                                    0x20000048   Section       64  tasks.o(.data)
    pxDelayedTaskList                        0x2000004c   Data           4  tasks.o(.data)
    pxOverflowDelayedTaskList                0x20000050   Data           4  tasks.o(.data)
    uxDeletedTasksWaitingCleanUp             0x20000054   Data           4  tasks.o(.data)
    uxCurrentNumberOfTasks                   0x20000058   Data           4  tasks.o(.data)
    xTickCount                               0x2000005c   Data           4  tasks.o(.data)
    uxTopReadyPriority                       0x20000060   Data           4  tasks.o(.data)
    xSchedulerRunning                        0x20000064   Data           4  tasks.o(.data)
    xPendedTicks                             0x20000068   Data           4  tasks.o(.data)
    xYieldPendings                           0x2000006c   Data           4  tasks.o(.data)
    xNumOfOverflows                          0x20000070   Data           4  tasks.o(.data)
    uxTaskNumber                             0x20000074   Data           4  tasks.o(.data)
    xNextTaskUnblockTime                     0x20000078   Data           4  tasks.o(.data)
    xIdleTaskHandles                         0x2000007c   Data           4  tasks.o(.data)
    uxTopUsedPriority                        0x20000080   Data           4  tasks.o(.data)
    uxSchedulerSuspended                     0x20000084   Data           4  tasks.o(.data)
    .data                                    0x20000088   Section       28  heap_4.o(.data)
    xStart                                   0x20000088   Data           8  heap_4.o(.data)
    pxEnd                                    0x20000090   Data           4  heap_4.o(.data)
    xFreeBytesRemaining                      0x20000094   Data           4  heap_4.o(.data)
    xMinimumEverFreeBytesRemaining           0x20000098   Data           4  heap_4.o(.data)
    xNumberOfSuccessfulAllocations           0x2000009c   Data           4  heap_4.o(.data)
    xNumberOfSuccessfulFrees                 0x200000a0   Data           4  heap_4.o(.data)
    .data                                    0x200000a4   Section        4  port.o(.data)
    uxCriticalNesting                        0x200000a4   Data           4  port.o(.data)
    .data                                    0x200000a8   Section        3  usb_core.o(.data)
    .data                                    0x200000ab   Section       26  usb_desc.o(.data)
    .data                                    0x200000c8   Section       20  usb_init.o(.data)
    .data                                    0x200000dc   Section        4  usb_int.o(.data)
    .data                                    0x200000e0   Section       60  usb_istr.o(.data)
    .data                                    0x2000011c   Section      156  usb_prop.o(.data)
    .data                                    0x200001b8   Section        7  usb_pwr.o(.data)
    .data                                    0x200001c0   Section        4  stdout.o(.data)
    .bss                                     0x200001c4   Section      200  tasks.o(.bss)
    pxReadyTasksLists                        0x200001c4   Data         100  tasks.o(.bss)
    xDelayedTaskList1                        0x20000228   Data          20  tasks.o(.bss)
    xDelayedTaskList2                        0x2000023c   Data          20  tasks.o(.bss)
    xPendingReadyList                        0x20000250   Data          20  tasks.o(.bss)
    xTasksWaitingTermination                 0x20000264   Data          20  tasks.o(.bss)
    xSuspendedTaskList                       0x20000278   Data          20  tasks.o(.bss)
    .bss                                     0x2000028c   Section    17408  heap_4.o(.bss)
    ucHeap                                   0x2000028c   Data       17408  heap_4.o(.bss)
    .bss                                     0x2000468c   Section       28  usb_init.o(.bss)
    STACK                                    0x200046a8   Section     1024  startup_stm32f10x_md.o(STACK)

    Global Symbols

    Symbol Name                              Value     Ov Type        Size  Object(Section)

    BuildAttributes$$THM_ISAv4$P$D$K$B$S$PE$A:L22UL41UL21$X:L11$S22US41US21$IEEE1$IW$USESV6$~STKCKD$USESV7$~SHL$OSPACE$ROPI$EBA8$MICROLIB$REQ8$PRES8$EABIv2 0x00000000   Number         0  anon$$obj.o ABSOLUTE
    __ARM_use_no_argv                        0x00000000   Number         0  main.o ABSOLUTE
    __cpp_initialize__aeabi_                  - Undefined Weak Reference
    __cxa_finalize                            - Undefined Weak Reference
    _clock_init                               - Undefined Weak Reference
    _microlib_exit                            - Undefined Weak Reference
    __Vectors_Size                           0x000000ec   Number         0  startup_stm32f10x_md.o ABSOLUTE
    __Vectors                                0x08000000   Data           4  startup_stm32f10x_md.o(RESET)
    __Vectors_End                            0x080000ec   Data           0  startup_stm32f10x_md.o(RESET)
    __main                                   0x080000ed   Thumb Code     0  entry.o(.ARM.Collect$$$$00000000)
    _main_stk                                0x080000ed   Thumb Code     0  entry2.o(.ARM.Collect$$$$00000001)
    _main_scatterload                        0x080000f1   Thumb Code     0  entry5.o(.ARM.Collect$$$$00000004)
    __main_after_scatterload                 0x080000f5   Thumb Code     0  entry5.o(.ARM.Collect$$$$00000004)
    _main_clock                              0x080000f5   Thumb Code     0  entry7b.o(.ARM.Collect$$$$00000008)
    _main_cpp_init                           0x080000f5   Thumb Code     0  entry8b.o(.ARM.Collect$$$$0000000A)
    _main_init                               0x080000f5   Thumb Code     0  entry9a.o(.ARM.Collect$$$$0000000B)
    __rt_final_cpp                           0x080000fd   Thumb Code     0  entry10a.o(.ARM.Collect$$$$0000000D)
    __rt_final_exit                          0x080000fd   Thumb Code     0  entry11a.o(.ARM.Collect$$$$0000000F)
    SVC_Handler                              0x08000101   Thumb Code    32  port.o(.emb_text)
    __asm___6_port_c_39a90d8d__prvStartFirstTask 0x08000125   Thumb Code    28  port.o(.emb_text)
    PendSV_Handler                           0x08000145   Thumb Code    72  port.o(.emb_text)
    vPortGetIPSR                             0x08000191   Thumb Code     6  port.o(.emb_text)
    Reset_Handler                            0x08000199   Thumb Code     8  startup_stm32f10x_md.o(.text)
    ADC1_2_IRQHandler                        0x080001b3   Thumb Code     0  startup_stm32f10x_md.o(.text)
    CAN1_RX1_IRQHandler                      0x080001b3   Thumb Code     0  startup_stm32f10x_md.o(.text)
    CAN1_SCE_IRQHandler                      0x080001b3   Thumb Code     0  startup_stm32f10x_md.o(.text)
    DMA1_Channel1_IRQHandler                 0x080001b3   Thumb Code     0  startup_stm32f10x_md.o(.text)
    DMA1_Channel2_IRQHandler                 0x080001b3   Thumb Code     0  startup_stm32f10x_md.o(.text)
    DMA1_Channel3_IRQHandler                 0x080001b3   Thumb Code     0  startup_stm32f10x_md.o(.text)
    DMA1_Channel4_IRQHandler                 0x080001b3   Thumb Code     0  startup_stm32f10x_md.o(.text)
    DMA1_Channel5_IRQHandler                 0x080001b3   Thumb Code     0  startup_stm32f10x_md.o(.text)
    DMA1_Channel6_IRQHandler                 0x080001b3   Thumb Code     0  startup_stm32f10x_md.o(.text)
    DMA1_Channel7_IRQHandler                 0x080001b3   Thumb Code     0  startup_stm32f10x_md.o(.text)
    EXTI0_IRQHandler                         0x080001b3   Thumb Code     0  startup_stm32f10x_md.o(.text)
    EXTI15_10_IRQHandler                     0x080001b3   Thumb Code     0  startup_stm32f10x_md.o(.text)
    EXTI1_IRQHandler                         0x080001b3   Thumb Code     0  startup_stm32f10x_md.o(.text)
    EXTI2_IRQHandler                         0x080001b3   Thumb Code     0  startup_stm32f10x_md.o(.text)
    EXTI3_IRQHandler                         0x080001b3   Thumb Code     0  startup_stm32f10x_md.o(.text)
    EXTI9_5_IRQHandler                       0x080001b3   Thumb Code     0  startup_stm32f10x_md.o(.text)
    FLASH_IRQHandler                         0x080001b3   Thumb Code     0  startup_stm32f10x_md.o(.text)
    I2C1_ER_IRQHandler                       0x080001b3   Thumb Code     0  startup_stm32f10x_md.o(.text)
    I2C1_EV_IRQHandler                       0x080001b3   Thumb Code     0  startup_stm32f10x_md.o(.text)
    I2C2_ER_IRQHandler                       0x080001b3   Thumb Code     0  startup_stm32f10x_md.o(.text)
    I2C2_EV_IRQHandler                       0x080001b3   Thumb Code     0  startup_stm32f10x_md.o(.text)
    PVD_IRQHandler                           0x080001b3   Thumb Code     0  startup_stm32f10x_md.o(.text)
    RCC_IRQHandler                           0x080001b3   Thumb Code     0  startup_stm32f10x_md.o(.text)
    RTCAlarm_IRQHandler                      0x080001b3   Thumb Code     0  startup_stm32f10x_md.o(.text)
    RTC_IRQHandler                           0x080001b3   Thumb Code     0  startup_stm32f10x_md.o(.text)
    SPI1_IRQHandler                          0x080001b3   Thumb Code     0  startup_stm32f10x_md.o(.text)
    SPI2_IRQHandler                          0x080001b3   Thumb Code     0  startup_stm32f10x_md.o(.text)
    TAMPER_IRQHandler                        0x080001b3   Thumb Code     0  startup_stm32f10x_md.o(.text)
    TIM1_BRK_IRQHandler                      0x080001b3   Thumb Code     0  startup_stm32f10x_md.o(.text)
    TIM1_CC_IRQHandler                       0x080001b3   Thumb Code     0  startup_stm32f10x_md.o(.text)
    TIM1_TRG_COM_IRQHandler                  0x080001b3   Thumb Code     0  startup_stm32f10x_md.o(.text)
    TIM1_UP_IRQHandler                       0x080001b3   Thumb Code     0  startup_stm32f10x_md.o(.text)
    TIM2_IRQHandler                          0x080001b3   Thumb Code     0  startup_stm32f10x_md.o(.text)
    TIM3_IRQHandler                          0x080001b3   Thumb Code     0  startup_stm32f10x_md.o(.text)
    TIM4_IRQHandler                          0x080001b3   Thumb Code     0  startup_stm32f10x_md.o(.text)
    USART1_IRQHandler                        0x080001b3   Thumb Code     0  startup_stm32f10x_md.o(.text)
    USART2_IRQHandler                        0x080001b3   Thumb Code     0  startup_stm32f10x_md.o(.text)
    USART3_IRQHandler                        0x080001b3   Thumb Code     0  startup_stm32f10x_md.o(.text)
    USBWakeUp_IRQHandler                     0x080001b3   Thumb Code     0  startup_stm32f10x_md.o(.text)
    USB_HP_CAN1_TX_IRQHandler                0x080001b3   Thumb Code     0  startup_stm32f10x_md.o(.text)
    WWDG_IRQHandler                          0x080001b3   Thumb Code     0  startup_stm32f10x_md.o(.text)
    __aeabi_memcpy                           0x080001bd   Thumb Code    36  memcpya.o(.text)
    __aeabi_memcpy4                          0x080001bd   Thumb Code     0  memcpya.o(.text)
    __aeabi_memcpy8                          0x080001bd   Thumb Code     0  memcpya.o(.text)
    __aeabi_memset                           0x080001e1   Thumb Code    14  memseta.o(.text)
    __aeabi_memset4                          0x080001e1   Thumb Code     0  memseta.o(.text)
    __aeabi_memset8                          0x080001e1   Thumb Code     0  memseta.o(.text)
    __aeabi_memclr                           0x080001ef   Thumb Code     4  memseta.o(.text)
    __aeabi_memclr4                          0x080001ef   Thumb Code     0  memseta.o(.text)
    __aeabi_memclr8                          0x080001ef   Thumb Code     0  memseta.o(.text)
    _memset$wrapper                          0x080001f3   Thumb Code    18  memseta.o(.text)
    __aeabi_uidiv                            0x08000205   Thumb Code     0  uidiv.o(.text)
    __aeabi_uidivmod                         0x08000205   Thumb Code    44  uidiv.o(.text)
    __aeabi_uldivmod                         0x08000231   Thumb Code    98  uldiv.o(.text)
    __I$use$fp                               0x08000293   Thumb Code     0  iusefp.o(.text)
    __aeabi_dadd                             0x08000293   Thumb Code   322  dadd.o(.text)
    __aeabi_dsub                             0x080003d5   Thumb Code     6  dadd.o(.text)
    __aeabi_drsub                            0x080003db   Thumb Code     6  dadd.o(.text)
    __aeabi_dmul                             0x080003e1   Thumb Code   228  dmul.o(.text)
    __aeabi_ddiv                             0x080004c5   Thumb Code   222  ddiv.o(.text)
    __aeabi_d2ulz                            0x080005a3   Thumb Code    48  dfixul.o(.text)
    __aeabi_cdrcmple                         0x080005d5   Thumb Code    48  cdrcmple.o(.text)
    __scatterload                            0x08000605   Thumb Code    28  init.o(.text)
    __scatterload_rt2                        0x08000605   Thumb Code     0  init.o(.text)
    __aeabi_llsl                             0x08000629   Thumb Code    30  llshl.o(.text)
    _ll_shift_l                              0x08000629   Thumb Code     0  llshl.o(.text)
    __aeabi_llsr                             0x08000647   Thumb Code    32  llushr.o(.text)
    _ll_ushift_r                             0x08000647   Thumb Code     0  llushr.o(.text)
    __aeabi_lasr                             0x08000667   Thumb Code    36  llsshr.o(.text)
    _ll_sshift_r                             0x08000667   Thumb Code     0  llsshr.o(.text)
    _double_round                            0x0800068b   Thumb Code    30  depilogue.o(.text)
    _double_epilogue                         0x080006a9   Thumb Code   156  depilogue.o(.text)
    __decompress                             0x08000745   Thumb Code     0  __dczerorl2.o(.text)
    __decompress1                            0x08000745   Thumb Code    86  __dczerorl2.o(.text)
    ADC_Cmd                                  0x0800079b   Thumb Code    22  stm32f10x_adc.o(i.ADC_Cmd)
    ADC_GetCalibrationStatus                 0x080007b1   Thumb Code    20  stm32f10x_adc.o(i.ADC_GetCalibrationStatus)
    ADC_GetConversionValue                   0x080007c5   Thumb Code     8  stm32f10x_adc.o(i.ADC_GetConversionValue)
    ADC_GetFlagStatus                        0x080007cd   Thumb Code    18  stm32f10x_adc.o(i.ADC_GetFlagStatus)
    ADC_GetResetCalibrationStatus            0x080007df   Thumb Code    20  stm32f10x_adc.o(i.ADC_GetResetCalibrationStatus)
    ADC_Init                                 0x080007f5   Thumb Code    70  stm32f10x_adc.o(i.ADC_Init)
    ADC_RegularChannelConfig                 0x08000845   Thumb Code   184  stm32f10x_adc.o(i.ADC_RegularChannelConfig)
    ADC_ResetCalibration                     0x080008fd   Thumb Code    10  stm32f10x_adc.o(i.ADC_ResetCalibration)
    ADC_SoftwareStartConvCmd                 0x08000907   Thumb Code    22  stm32f10x_adc.o(i.ADC_SoftwareStartConvCmd)
    ADC_StartCalibration                     0x0800091d   Thumb Code    10  stm32f10x_adc.o(i.ADC_StartCalibration)
    BusFault_Handler                         0x08000927   Thumb Code     4  stm32f10x_it.o(i.BusFault_Handler)
    ByteSwap                                 0x0800092b   Thumb Code    12  usb_regs.o(i.ByteSwap)
    CTR_LP                                   0x08000939   Thumb Code   616  usb_int.o(i.CTR_LP)
    ClearDTOG_RX                             0x08000bc1   Thumb Code    48  usb_regs.o(i.ClearDTOG_RX)
    ClearDTOG_TX                             0x08000bf5   Thumb Code    48  usb_regs.o(i.ClearDTOG_TX)
    Clear_Status_Out                         0x08000c29   Thumb Code    34  usb_regs.o(i.Clear_Status_Out)
    CustomHID_Data_Setup                     0x08000c51   Thumb Code   108  usb_prop.o(i.CustomHID_Data_Setup)
    CustomHID_GetConfigDescriptor            0x08000ccd   Thumb Code    14  usb_prop.o(i.CustomHID_GetConfigDescriptor)
    CustomHID_GetDeviceDescriptor            0x08000ce1   Thumb Code    14  usb_prop.o(i.CustomHID_GetDeviceDescriptor)
    CustomHID_GetHIDDescriptor               0x08000cf5   Thumb Code    14  usb_prop.o(i.CustomHID_GetHIDDescriptor)
    CustomHID_GetProtocolValue               0x08000d09   Thumb Code    20  usb_prop.o(i.CustomHID_GetProtocolValue)
    CustomHID_GetReportDescriptor            0x08000d25   Thumb Code    14  usb_prop.o(i.CustomHID_GetReportDescriptor)
    CustomHID_GetStringDescriptor            0x08000d39   Thumb Code    32  usb_prop.o(i.CustomHID_GetStringDescriptor)
    CustomHID_Get_Interface_Setting          0x08000d61   Thumb Code    22  usb_prop.o(i.CustomHID_Get_Interface_Setting)
    CustomHID_NoData_Setup                   0x08000d79   Thumb Code    32  usb_prop.o(i.CustomHID_NoData_Setup)
    CustomHID_Reset                          0x08000d9d   Thumb Code   146  usb_prop.o(i.CustomHID_Reset)
    CustomHID_SetConfiguration               0x08000e41   Thumb Code    14  usb_prop.o(i.CustomHID_SetConfiguration)
    CustomHID_SetDeviceAddress               0x08000e59   Thumb Code     8  usb_prop.o(i.CustomHID_SetDeviceAddress)
    CustomHID_SetProtocol                    0x08000e65   Thumb Code    14  usb_prop.o(i.CustomHID_SetProtocol)
    CustomHID_Status_In                      0x08000e7d   Thumb Code     2  usb_prop.o(i.CustomHID_Status_In)
    CustomHID_Status_Out                     0x08000e7f   Thumb Code     2  usb_prop.o(i.CustomHID_Status_Out)
    CustomHID_init                           0x08000e81   Thumb Code    30  usb_prop.o(i.CustomHID_init)
    DebugMon_Handler                         0x080012bd   Thumb Code     2  stm32f10x_it.o(i.DebugMon_Handler)
    EP1_IN_Callback                          0x080012bf   Thumb Code     2  usb_endp.o(i.EP1_IN_Callback)
    EP1_OUT_Callback                         0x080012c1   Thumb Code     2  usb_endp.o(i.EP1_OUT_Callback)
    EP2_IN_Callback                          0x080012c3   Thumb Code     2  usb_endp.o(i.EP2_IN_Callback)
    EXTI4_IRQHandler                         0x080012c5   Thumb Code    56  main.o(i.EXTI4_IRQHandler)
    EXTI_ClearITPendingBit                   0x08001305   Thumb Code     6  stm32f10x_exti.o(i.EXTI_ClearITPendingBit)
    EXTI_GetITStatus                         0x08001311   Thumb Code    34  stm32f10x_exti.o(i.EXTI_GetITStatus)
    EXTI_Init                                0x08001339   Thumb Code   142  stm32f10x_exti.o(i.EXTI_Init)
    GPIO_EXTILineConfig                      0x080013cd   Thumb Code    60  stm32f10x_gpio.o(i.GPIO_EXTILineConfig)
    GPIO_Init                                0x0800140d   Thumb Code   278  stm32f10x_gpio.o(i.GPIO_Init)
    GPIO_WriteBit                            0x08001523   Thumb Code    10  stm32f10x_gpio.o(i.GPIO_WriteBit)
    GetEPRxAddr                              0x0800152d   Thumb Code    24  usb_regs.o(i.GetEPRxAddr)
    GetEPTxAddr                              0x0800154d   Thumb Code    22  usb_regs.o(i.GetEPTxAddr)
    Get_SerialNum                            0x0800156d   Thumb Code    42  usb_prop.o(i.Get_SerialNum)
    HardFault_Handler                        0x080015a1   Thumb Code     4  stm32f10x_it.o(i.HardFault_Handler)
    In0_Process                              0x080015a5   Thumb Code    98  usb_core.o(i.In0_Process)
    Key_EXTI_Init                            0x08001655   Thumb Code    96  key.o(i.Key_EXTI_Init)
    MemManage_Handler                        0x080016b9   Thumb Code     4  stm32f10x_it.o(i.MemManage_Handler)
    NMI_Handler                              0x080016bd   Thumb Code     2  stm32f10x_it.o(i.NMI_Handler)
    NOP_Process                              0x080016bf   Thumb Code     2  usb_core.o(i.NOP_Process)
    NTC_ADC_Init                             0x080016c1   Thumb Code   118  temperature.o(i.NTC_ADC_Init)
    NTC_ConvertToTemp_LUT                    0x08001741   Thumb Code   108  temperature.o(i.NTC_ConvertToTemp_LUT)
    NTC_GetFilteredADC                       0x080017b1   Thumb Code    36  temperature.o(i.NTC_GetFilteredADC)
    NVIC_Init                                0x08001809   Thumb Code   100  misc.o(i.NVIC_Init)
    NVIC_PriorityGroupConfig                 0x08001879   Thumb Code    10  misc.o(i.NVIC_PriorityGroupConfig)
    OLED_Clear                               0x080019c5   Thumb Code    42  oled.o(i.OLED_Clear)
    OLED_I2C_Init                            0x080019f1   Thumb Code    76  oled.o(i.OLED_I2C_Init)
    OLED_I2C_SendByte                        0x08001a41   Thumb Code    80  oled.o(i.OLED_I2C_SendByte)
    OLED_I2C_Start                           0x08001a95   Thumb Code    48  oled.o(i.OLED_I2C_Start)
    OLED_I2C_Stop                            0x08001ac9   Thumb Code    36  oled.o(i.OLED_I2C_Stop)
    OLED_Init                                0x08001af1   Thumb Code   174  oled.o(i.OLED_Init)
    OLED_Pow                                 0x08001b9f   Thumb Code    20  oled.o(i.OLED_Pow)
    OLED_SetCursor                           0x08001bb3   Thumb Code    34  oled.o(i.OLED_SetCursor)
    OLED_ShowChar                            0x08001bd5   Thumb Code   110  oled.o(i.OLED_ShowChar)
    OLED_ShowNum                             0x08001c49   Thumb Code    68  oled.o(i.OLED_ShowNum)
    OLED_ShowString                          0x08001c8d   Thumb Code    40  oled.o(i.OLED_ShowString)
    OLED_WriteCommand                        0x08001cb5   Thumb Code    32  oled.o(i.OLED_WriteCommand)
    OLED_WriteData                           0x08001cd5   Thumb Code    32  oled.o(i.OLED_WriteData)
    Out0_Process                             0x08001cf5   Thumb Code    70  usb_core.o(i.Out0_Process)
    PMAToUserBufferCopy                      0x08001d45   Thumb Code    34  usb_mem.o(i.PMAToUserBufferCopy)
    PWM_SG90_Init                            0x08001d6d   Thumb Code   124  pwm.o(i.PWM_SG90_Init)
    PWM_SG90_SetAngle                        0x08001df1   Thumb Code    38  pwm.o(i.PWM_SG90_SetAngle)
    Post0_Process                            0x08001e1d   Thumb Code    54  usb_core.o(i.Post0_Process)
    PowerOn                                  0x08001e65   Thumb Code    46  usb_pwr.o(i.PowerOn)
    RCC_APB1PeriphClockCmd                   0x08001e9d   Thumb Code    26  stm32f10x_rcc.o(i.RCC_APB1PeriphClockCmd)
    RCC_APB2PeriphClockCmd                   0x08001ebd   Thumb Code    26  stm32f10x_rcc.o(i.RCC_APB2PeriphClockCmd)
    RCC_GetClocksFreq                        0x08001edd   Thumb Code   192  stm32f10x_rcc.o(i.RCC_GetClocksFreq)
    RCC_USBCLKConfig                         0x08001fb1   Thumb Code     6  stm32f10x_rcc.o(i.RCC_USBCLKConfig)
    Resume                                   0x08001fbd   Thumb Code   168  usb_pwr.o(i.Resume)
    Resume_Init                              0x0800206d   Thumb Code    24  usb_pwr.o(i.Resume_Init)
    Safe_Printf                              0x08002089   Thumb Code    58  main.o(i.Safe_Printf)
    SetBTABLE                                0x080020c9   Thumb Code    12  usb_regs.o(i.SetBTABLE)
    SetDeviceAddress                         0x080020d9   Thumb Code    68  usb_core.o(i.SetDeviceAddress)
    SetEPRxAddr                              0x08002129   Thumb Code    26  usb_regs.o(i.SetEPRxAddr)
    SetEPRxCount                             0x0800214d   Thumb Code    68  usb_regs.o(i.SetEPRxCount)
    SetEPRxStatus                            0x08002199   Thumb Code    60  usb_regs.o(i.SetEPRxStatus)
    SetEPRxValid                             0x080021d9   Thumb Code    48  usb_regs.o(i.SetEPRxValid)
    SetEPTxAddr                              0x0800220d   Thumb Code    24  usb_regs.o(i.SetEPTxAddr)
    SetEPTxCount                             0x0800222d   Thumb Code    20  usb_regs.o(i.SetEPTxCount)
    SetEPTxStatus                            0x08002249   Thumb Code    60  usb_regs.o(i.SetEPTxStatus)
    SetEPTxValid                             0x08002289   Thumb Code    48  usb_regs.o(i.SetEPTxValid)
    SetEPType                                0x080022bd   Thumb Code    32  usb_regs.o(i.SetEPType)
    Setup0_Process                           0x080023c9   Thumb Code   170  usb_core.o(i.Setup0_Process)
    Standard_ClearFeature                    0x08002481   Thumb Code   342  usb_core.o(i.Standard_ClearFeature)
    Standard_GetConfiguration                0x080025ed   Thumb Code    34  usb_core.o(i.Standard_GetConfiguration)
    Standard_GetDescriptorData               0x08002619   Thumb Code    32  usb_core.o(i.Standard_GetDescriptorData)
    Standard_GetInterface                    0x0800263d   Thumb Code    34  usb_core.o(i.Standard_GetInterface)
    Standard_GetStatus                       0x08002669   Thumb Code   238  usb_core.o(i.Standard_GetStatus)
    Standard_SetConfiguration                0x08002769   Thumb Code    60  usb_core.o(i.Standard_SetConfiguration)
    Standard_SetDeviceFeature                0x080027b1   Thumb Code    30  usb_core.o(i.Standard_SetDeviceFeature)
    Standard_SetEndPointFeature              0x080027d9   Thumb Code   192  usb_core.o(i.Standard_SetEndPointFeature)
    Standard_SetInterface                    0x080028a9   Thumb Code    96  usb_core.o(i.Standard_SetInterface)
    Suspend                                  0x08002915   Thumb Code    28  usb_pwr.o(i.Suspend)
    SysTick_Handler                          0x08002935   Thumb Code    46  port.o(i.SysTick_Handler)
    SystemInit                               0x08002969   Thumb Code    78  system_stm32f10x.o(i.SystemInit)
    TIM_Cmd                                  0x080029c9   Thumb Code    24  stm32f10x_tim.o(i.TIM_Cmd)
    TIM_OC1Init                              0x080029e1   Thumb Code   132  stm32f10x_tim.o(i.TIM_OC1Init)
    TIM_SetCompare1                          0x08002a79   Thumb Code     4  stm32f10x_tim.o(i.TIM_SetCompare1)
    TIM_TimeBaseInit                         0x08002a7d   Thumb Code   122  stm32f10x_tim.o(i.TIM_TimeBaseInit)
    UART_Init                                0x08002b21   Thumb Code   114  uart.o(i.UART_Init)
    USART_Cmd                                0x08002b9d   Thumb Code    24  stm32f10x_usart.o(i.USART_Cmd)
    USART_GetFlagStatus                      0x08002bb5   Thumb Code    26  stm32f10x_usart.o(i.USART_GetFlagStatus)
    USART_Init                               0x08002bd1   Thumb Code   210  stm32f10x_usart.o(i.USART_Init)
    USART_SendData                           0x08002ca9   Thumb Code     8  stm32f10x_usart.o(i.USART_SendData)
    USB_IO_Init                              0x08002cb1   Thumb Code    54  usb_io.o(i.USB_IO_Init)
    USB_Init                                 0x08002ce9   Thumb Code    36  usb_init.o(i.USB_Init)
    USB_Istr                                 0x08002d25   Thumb Code   222  usb_istr.o(i.USB_Istr)
    USB_Keyboard_Send                        0x08002e1d   Thumb Code    34  usb_io.o(i.USB_Keyboard_Send)
    USB_LP_CAN1_RX0_IRQHandler               0x08002e45   Thumb Code     8  stm32f10x_it.o(i.USB_LP_CAN1_RX0_IRQHandler)
    USB_SIL_Init                             0x08002e4d   Thumb Code    28  usb_sil.o(i.USB_SIL_Init)
    UsageFault_Handler                       0x08002e71   Thumb Code     4  stm32f10x_it.o(i.UsageFault_Handler)
    UserToPMABufferCopy                      0x08002e75   Thumb Code    52  usb_mem.o(i.UserToPMABufferCopy)
    __0vprintf                               0x08002ead   Thumb Code     8  printfa.o(i.__0vprintf)
    __1vprintf                               0x08002ead   Thumb Code     0  printfa.o(i.__0vprintf)
    __2vprintf                               0x08002ead   Thumb Code     0  printfa.o(i.__0vprintf)
    __c89vprintf                             0x08002ead   Thumb Code     0  printfa.o(i.__0vprintf)
    vprintf                                  0x08002ead   Thumb Code     0  printfa.o(i.__0vprintf)
    __scatterload_copy                       0x08002ebd   Thumb Code    14  handlers.o(i.__scatterload_copy)
    __scatterload_null                       0x08002ecb   Thumb Code     2  handlers.o(i.__scatterload_null)
    __scatterload_zeroinit                   0x08002ecd   Thumb Code    14  handlers.o(i.__scatterload_zeroinit)
    fputc                                    0x08003791   Thumb Code    32  uart.o(i.fputc)
    main                                     0x080037b5   Thumb Code   274  main.o(i.main)
    pvPortMalloc                             0x08004025   Thumb Code   240  heap_4.o(i.pvPortMalloc)
    pvTaskIncrementMutexHeldCount            0x08004129   Thumb Code    14  tasks.o(i.pvTaskIncrementMutexHeldCount)
    pxPortInitialiseStack                    0x0800413d   Thumb Code    30  port.o(i.pxPortInitialiseStack)
    uxListRemove                             0x08004161   Thumb Code    40  list.o(i.uxListRemove)
    uxTaskGetNumberOfTasks                   0x08004189   Thumb Code     6  tasks.o(i.uxTaskGetNumberOfTasks)
    vListInitialise                          0x08004195   Thumb Code    26  list.o(i.vListInitialise)
    vListInitialiseItem                      0x080041af   Thumb Code     6  list.o(i.vListInitialiseItem)
    vListInsert                              0x080041b5   Thumb Code    52  list.o(i.vListInsert)
    vPortEnterCritical                       0x080041e9   Thumb Code    30  port.o(i.vPortEnterCritical)
    vPortExitCritical                        0x0800420d   Thumb Code    28  port.o(i.vPortExitCritical)
    vPortFree                                0x0800422d   Thumb Code    68  heap_4.o(i.vPortFree)
    vPortSetupTimerInterrupt                 0x08004279   Thumb Code    20  port.o(i.vPortSetupTimerInterrupt)
    vTaskDelay                               0x08004291   Thumb Code    46  tasks.o(i.vTaskDelay)
    vTaskInternalSetTimeOutState             0x080042c5   Thumb Code    14  tasks.o(i.vTaskInternalSetTimeOutState)
    vTaskMissedYield                         0x080042dd   Thumb Code     8  tasks.o(i.vTaskMissedYield)
    vTaskPlaceOnEventList                    0x080042e9   Thumb Code    28  tasks.o(i.vTaskPlaceOnEventList)
    vTaskPriorityDisinheritAfterTimeout      0x08004309   Thumb Code   208  tasks.o(i.vTaskPriorityDisinheritAfterTimeout)
    vTaskStartScheduler                      0x080043e1   Thumb Code    60  tasks.o(i.vTaskStartScheduler)
    vTaskSuspendAll                          0x0800442d   Thumb Code    12  tasks.o(i.vTaskSuspendAll)
    vTaskSwitchContext                       0x0800443d   Thumb Code    84  tasks.o(i.vTaskSwitchContext)
    vTask_KeyProcess                         0x080044a5   Thumb Code    82  main.o(i.vTask_KeyProcess)
    vTask_OLED                               0x0800452d   Thumb Code   246  main.o(i.vTask_OLED)
    vTask_Thermal                            0x080046a9   Thumb Code    78  main.o(i.vTask_Thermal)
    vTask_UART                               0x08004701   Thumb Code    40  main.o(i.vTask_UART)
    xPortStartScheduler                      0x0800475d   Thumb Code    42  port.o(i.xPortStartScheduler)
    xQueueCreateMutex                        0x08004791   Thumb Code    34  queue.o(i.xQueueCreateMutex)
    xQueueGenericCreate                      0x080047b3   Thumb Code    76  queue.o(i.xQueueGenericCreate)
    xQueueGenericReset                       0x08004801   Thumb Code   156  queue.o(i.xQueueGenericReset)
    xQueueGenericSend                        0x080048a1   Thumb Code   276  queue.o(i.xQueueGenericSend)
    xQueueGiveFromISR                        0x080049b9   Thumb Code   134  queue.o(i.xQueueGiveFromISR)
    xQueueReceive                            0x08004a41   Thumb Code   256  queue.o(i.xQueueReceive)
    xQueueSemaphoreTake                      0x08004b45   Thumb Code   300  queue.o(i.xQueueSemaphoreTake)
    xTaskCheckForTimeOut                     0x08004c75   Thumb Code    88  tasks.o(i.xTaskCheckForTimeOut)
    xTaskCreate                              0x08004cd5   Thumb Code    56  tasks.o(i.xTaskCreate)
    xTaskGetTickCount                        0x08004d0d   Thumb Code     6  tasks.o(i.xTaskGetTickCount)
    xTaskIncrementTick                       0x08004d19   Thumb Code   372  tasks.o(i.xTaskIncrementTick)
    xTaskPriorityDisinherit                  0x08004eb9   Thumb Code   170  tasks.o(i.xTaskPriorityDisinherit)
    xTaskPriorityInherit                     0x08004f6d   Thumb Code   230  tasks.o(i.xTaskPriorityInherit)
    xTaskRemoveFromEventList                 0x08005061   Thumb Code   256  tasks.o(i.xTaskRemoveFromEventList)
    xTaskResumeAll                           0x08005179   Thumb Code   340  tasks.o(i.xTaskResumeAll)
    OLED_F8x16                               0x080052f0   Data        1520  oled.o(.constdata)
    CustomHID_DeviceDescriptor               0x080058f6   Data          18  usb_desc.o(.constdata)
    CustomHID_ConfigDescriptor               0x08005908   Data          34  usb_desc.o(.constdata)
    CustomHID_ReportDescriptor               0x0800592a   Data          63  usb_desc.o(.constdata)
    CustomHID_StringLangID                   0x08005969   Data           4  usb_desc.o(.constdata)
    CustomHID_StringVendor                   0x0800596d   Data          20  usb_desc.o(.constdata)
    CustomHID_StringProduct                  0x08005981   Data          28  usb_desc.o(.constdata)
    Region$$Table$$Base                      0x080059a0   Number         0  anon$$obj.o(Region$$Table)
    Region$$Table$$Limit                     0x080059c0   Number         0  anon$$obj.o(Region$$Table)
    TempQueue_OLED                           0x20000014   Data           4  main.o(.data)
    TempQueue_UART                           0x20000018   Data           4  main.o(.data)
    UART_Mutex                               0x2000001c   Data           4  main.o(.data)
    Key_Semaphore                            0x20000020   Data           4  main.o(.data)
    key_A                                    0x20000024   Data           8  main.o(.data)
    key_Release                              0x2000002c   Data           8  main.o(.data)
    ThermalTask_Handler                      0x20000034   Data           4  main.o(.data)
    OLEDTask_Handler                         0x20000038   Data           4  main.o(.data)
    UARTTask_Handler                         0x2000003c   Data           4  main.o(.data)
    KeyProcessTask_Handler                   0x20000040   Data           4  main.o(.data)
    g_display_mode                           0x20000044   Data           1  main.o(.data)
    pxCurrentTCB                             0x20000048   Data           4  tasks.o(.data)
    StatusInfo                               0x200000a8   Data           2  usb_core.o(.data)
    Data_Mul_MaxPacketSize                   0x200000aa   Data           1  usb_core.o(.data)
    CustomHID_StringSerial                   0x200000ab   Data          26  usb_desc.o(.data)
    EPindex                                  0x200000c8   Data           1  usb_init.o(.data)
    pInformation                             0x200000cc   Data           4  usb_init.o(.data)
    pProperty                                0x200000d0   Data           4  usb_init.o(.data)
    SaveState                                0x200000d4   Data           2  usb_init.o(.data)
    wInterrupt_Mask                          0x200000d6   Data           2  usb_init.o(.data)
    pUser_Standard_Requests                  0x200000d8   Data           4  usb_init.o(.data)
    SaveRState                               0x200000dc   Data           2  usb_int.o(.data)
    SaveTState                               0x200000de   Data           2  usb_int.o(.data)
    wIstr                                    0x200000e0   Data           2  usb_istr.o(.data)
    bIntPackSOF                              0x200000e2   Data           1  usb_istr.o(.data)
    pEpInt_IN                                0x200000e4   Data          28  usb_istr.o(.data)
    pEpInt_OUT                               0x20000100   Data          28  usb_istr.o(.data)
    ProtocolValue                            0x2000011c   Data           4  usb_prop.o(.data)
    Device_Table                             0x20000120   Data           2  usb_prop.o(.data)
    Device_Property                          0x20000124   Data          48  usb_prop.o(.data)
    User_Standard_Requests                   0x20000154   Data          36  usb_prop.o(.data)
    Device_Descriptor                        0x20000178   Data           8  usb_prop.o(.data)
    Config_Descriptor                        0x20000180   Data           8  usb_prop.o(.data)
    CustomHID_Report_Descriptor              0x20000188   Data           8  usb_prop.o(.data)
    CustomHID_Descriptor                     0x20000190   Data           8  usb_prop.o(.data)
    String_Descriptor                        0x20000198   Data          32  usb_prop.o(.data)
    bDeviceState                             0x200001b8   Data           4  usb_pwr.o(.data)
    fSuspendEnabled                          0x200001bc   Data           1  usb_pwr.o(.data)
    ResumeS                                  0x200001bd   Data           2  usb_pwr.o(.data)
    __stdout                                 0x200001c0   Data           4  stdout.o(.data)
    Device_Info                              0x2000468c   Data          28  usb_init.o(.bss)
    __initial_sp                             0x20004aa8   Data           0  startup_stm32f10x_md.o(STACK)



==============================================================================

Memory Map of the image

  Image Entry point : 0x080000ed

  Load Region LR_IROM1 (Base: 0x08000000, Size: 0x00005b84, Max: 0x00010000, ABSOLUTE, COMPRESSED[0x00005a58])

    Execution Region ER_IROM1 (Exec base: 0x08000000, Load base: 0x08000000, Size: 0x000059c0, Max: 0x00010000, ABSOLUTE)

    Exec Addr    Load Addr    Size         Type   Attr      Idx    E Section Name        Object

    0x08000000   0x08000000   0x000000ec   Data   RO            3    RESET               startup_stm32f10x_md.o
    0x080000ec   0x080000ec   0x00000000   Code   RO         5199  * .ARM.Collect$$$$00000000  mc_w.l(entry.o)
    0x080000ec   0x080000ec   0x00000004   Code   RO         5236    .ARM.Collect$$$$00000001  mc_w.l(entry2.o)
    0x080000f0   0x080000f0   0x00000004   Code   RO         5239    .ARM.Collect$$$$00000004  mc_w.l(entry5.o)
    0x080000f4   0x080000f4   0x00000000   Code   RO         5241    .ARM.Collect$$$$00000008  mc_w.l(entry7b.o)
    0x080000f4   0x080000f4   0x00000000   Code   RO         5243    .ARM.Collect$$$$0000000A  mc_w.l(entry8b.o)
    0x080000f4   0x080000f4   0x00000008   Code   RO         5244    .ARM.Collect$$$$0000000B  mc_w.l(entry9a.o)
    0x080000fc   0x080000fc   0x00000000   Code   RO         5246    .ARM.Collect$$$$0000000D  mc_w.l(entry10a.o)
    0x080000fc   0x080000fc   0x00000000   Code   RO         5248    .ARM.Collect$$$$0000000F  mc_w.l(entry11a.o)
    0x080000fc   0x080000fc   0x00000004   Code   RO         5237    .ARM.Collect$$$$00002712  mc_w.l(entry2.o)
    0x08000100   0x08000100   0x00000096   Code   RO         4262    .emb_text           port.o
    0x08000196   0x08000196   0x00000002   PAD
    0x08000198   0x08000198   0x00000024   Code   RO            4    .text               startup_stm32f10x_md.o
    0x080001bc   0x080001bc   0x00000024   Code   RO         5202    .text               mc_w.l(memcpya.o)
    0x080001e0   0x080001e0   0x00000024   Code   RO         5204    .text               mc_w.l(memseta.o)
    0x08000204   0x08000204   0x0000002c   Code   RO         5251    .text               mc_w.l(uidiv.o)
    0x08000230   0x08000230   0x00000062   Code   RO         5253    .text               mc_w.l(uldiv.o)
    0x08000292   0x08000292   0x00000000   Code   RO         5255    .text               mc_w.l(iusefp.o)
    0x08000292   0x08000292   0x0000014e   Code   RO         5256    .text               mf_w.l(dadd.o)
    0x080003e0   0x080003e0   0x000000e4   Code   RO         5258    .text               mf_w.l(dmul.o)
    0x080004c4   0x080004c4   0x000000de   Code   RO         5260    .text               mf_w.l(ddiv.o)
    0x080005a2   0x080005a2   0x00000030   Code   RO         5262    .text               mf_w.l(dfixul.o)
    0x080005d2   0x080005d2   0x00000002   PAD
    0x080005d4   0x080005d4   0x00000030   Code   RO         5264    .text               mf_w.l(cdrcmple.o)
    0x08000604   0x08000604   0x00000024   Code   RO         5266    .text               mc_w.l(init.o)
    0x08000628   0x08000628   0x0000001e   Code   RO         5268    .text               mc_w.l(llshl.o)
    0x08000646   0x08000646   0x00000020   Code   RO         5270    .text               mc_w.l(llushr.o)
    0x08000666   0x08000666   0x00000024   Code   RO         5272    .text               mc_w.l(llsshr.o)
    0x0800068a   0x0800068a   0x000000ba   Code   RO         5274    .text               mf_w.l(depilogue.o)
    0x08000744   0x08000744   0x00000056   Code   RO         5284    .text               mc_w.l(__dczerorl2.o)
    0x0800079a   0x0800079a   0x00000016   Code   RO          202    i.ADC_Cmd           stm32f10x_adc.o
    0x080007b0   0x080007b0   0x00000014   Code   RO          210    i.ADC_GetCalibrationStatus  stm32f10x_adc.o
    0x080007c4   0x080007c4   0x00000008   Code   RO          211    i.ADC_GetConversionValue  stm32f10x_adc.o
    0x080007cc   0x080007cc   0x00000012   Code   RO          213    i.ADC_GetFlagStatus  stm32f10x_adc.o
    0x080007de   0x080007de   0x00000014   Code   RO          216    i.ADC_GetResetCalibrationStatus  stm32f10x_adc.o
    0x080007f2   0x080007f2   0x00000002   PAD
    0x080007f4   0x080007f4   0x00000050   Code   RO          220    i.ADC_Init          stm32f10x_adc.o
    0x08000844   0x08000844   0x000000b8   Code   RO          224    i.ADC_RegularChannelConfig  stm32f10x_adc.o
    0x080008fc   0x080008fc   0x0000000a   Code   RO          225    i.ADC_ResetCalibration  stm32f10x_adc.o
    0x08000906   0x08000906   0x00000016   Code   RO          227    i.ADC_SoftwareStartConvCmd  stm32f10x_adc.o
    0x0800091c   0x0800091c   0x0000000a   Code   RO          229    i.ADC_StartCalibration  stm32f10x_adc.o
    0x08000926   0x08000926   0x00000004   Code   RO         3305    i.BusFault_Handler  stm32f10x_it.o
    0x0800092a   0x0800092a   0x0000000c   Code   RO         4815    i.ByteSwap          usb_regs.o
    0x08000936   0x08000936   0x00000002   PAD
    0x08000938   0x08000938   0x00000288   Code   RO         4559    i.CTR_LP            usb_int.o
    0x08000bc0   0x08000bc0   0x00000034   Code   RO         4816    i.ClearDTOG_RX      usb_regs.o
    0x08000bf4   0x08000bf4   0x00000034   Code   RO         4817    i.ClearDTOG_TX      usb_regs.o
    0x08000c28   0x08000c28   0x00000028   Code   RO         4822    i.Clear_Status_Out  usb_regs.o
    0x08000c50   0x08000c50   0x0000007c   Code   RO         4649    i.CustomHID_Data_Setup  usb_prop.o
    0x08000ccc   0x08000ccc   0x00000014   Code   RO         4650    i.CustomHID_GetConfigDescriptor  usb_prop.o
    0x08000ce0   0x08000ce0   0x00000014   Code   RO         4651    i.CustomHID_GetDeviceDescriptor  usb_prop.o
    0x08000cf4   0x08000cf4   0x00000014   Code   RO         4652    i.CustomHID_GetHIDDescriptor  usb_prop.o
    0x08000d08   0x08000d08   0x0000001c   Code   RO         4653    i.CustomHID_GetProtocolValue  usb_prop.o
    0x08000d24   0x08000d24   0x00000014   Code   RO         4654    i.CustomHID_GetReportDescriptor  usb_prop.o
    0x08000d38   0x08000d38   0x00000028   Code   RO         4655    i.CustomHID_GetStringDescriptor  usb_prop.o
    0x08000d60   0x08000d60   0x00000016   Code   RO         4656    i.CustomHID_Get_Interface_Setting  usb_prop.o
    0x08000d76   0x08000d76   0x00000002   PAD
    0x08000d78   0x08000d78   0x00000024   Code   RO         4657    i.CustomHID_NoData_Setup  usb_prop.o
    0x08000d9c   0x08000d9c   0x000000a4   Code   RO         4658    i.CustomHID_Reset   usb_prop.o
    0x08000e40   0x08000e40   0x00000018   Code   RO         4659    i.CustomHID_SetConfiguration  usb_prop.o
    0x08000e58   0x08000e58   0x0000000c   Code   RO         4660    i.CustomHID_SetDeviceAddress  usb_prop.o
    0x08000e64   0x08000e64   0x00000018   Code   RO         4661    i.CustomHID_SetProtocol  usb_prop.o
    0x08000e7c   0x08000e7c   0x00000002   Code   RO         4662    i.CustomHID_Status_In  usb_prop.o
    0x08000e7e   0x08000e7e   0x00000002   Code   RO         4663    i.CustomHID_Status_Out  usb_prop.o
    0x08000e80   0x08000e80   0x00000028   Code   RO         4664    i.CustomHID_init    usb_prop.o
    0x08000ea8   0x08000ea8   0x000000c0   Code   RO         4333    i.DataStageIn       usb_core.o
    0x08000f68   0x08000f68   0x000000bc   Code   RO         4334    i.DataStageOut      usb_core.o
    0x08001024   0x08001024   0x00000298   Code   RO         4335    i.Data_Setup0       usb_core.o
    0x080012bc   0x080012bc   0x00000002   Code   RO         3306    i.DebugMon_Handler  stm32f10x_it.o
    0x080012be   0x080012be   0x00000002   Code   RO         4498    i.EP1_IN_Callback   usb_endp.o
    0x080012c0   0x080012c0   0x00000002   Code   RO         4499    i.EP1_OUT_Callback  usb_endp.o
    0x080012c2   0x080012c2   0x00000002   Code   RO         4500    i.EP2_IN_Callback   usb_endp.o
    0x080012c4   0x080012c4   0x00000040   Code   RO         3196    i.EXTI4_IRQHandler  main.o
    0x08001304   0x08001304   0x0000000c   Code   RO          985    i.EXTI_ClearITPendingBit  stm32f10x_exti.o
    0x08001310   0x08001310   0x00000028   Code   RO          989    i.EXTI_GetITStatus  stm32f10x_exti.o
    0x08001338   0x08001338   0x00000094   Code   RO          990    i.EXTI_Init         stm32f10x_exti.o
    0x080013cc   0x080013cc   0x00000040   Code   RO         1344    i.GPIO_EXTILineConfig  stm32f10x_gpio.o
    0x0800140c   0x0800140c   0x00000116   Code   RO         1347    i.GPIO_Init         stm32f10x_gpio.o
    0x08001522   0x08001522   0x0000000a   Code   RO         1358    i.GPIO_WriteBit     stm32f10x_gpio.o
    0x0800152c   0x0800152c   0x00000020   Code   RO         4834    i.GetEPRxAddr       usb_regs.o
    0x0800154c   0x0800154c   0x00000020   Code   RO         4837    i.GetEPTxAddr       usb_regs.o
    0x0800156c   0x0800156c   0x00000034   Code   RO         4665    i.Get_SerialNum     usb_prop.o
    0x080015a0   0x080015a0   0x00000004   Code   RO         3307    i.HardFault_Handler  stm32f10x_it.o
    0x080015a4   0x080015a4   0x00000070   Code   RO         4336    i.In0_Process       usb_core.o
    0x08001614   0x08001614   0x0000003e   Code   RO         4666    i.IntToUnicode      usb_prop.o
    0x08001652   0x08001652   0x00000002   PAD
    0x08001654   0x08001654   0x00000064   Code   RO         3589    i.Key_EXTI_Init     key.o
    0x080016b8   0x080016b8   0x00000004   Code   RO         3308    i.MemManage_Handler  stm32f10x_it.o
    0x080016bc   0x080016bc   0x00000002   Code   RO         3309    i.NMI_Handler       stm32f10x_it.o
    0x080016be   0x080016be   0x00000002   Code   RO         4337    i.NOP_Process       usb_core.o
    0x080016c0   0x080016c0   0x00000080   Code   RO         3509    i.NTC_ADC_Init      temperature.o
    0x08001740   0x08001740   0x00000070   Code   RO         3510    i.NTC_ConvertToTemp_LUT  temperature.o
    0x080017b0   0x080017b0   0x00000024   Code   RO         3511    i.NTC_GetFilteredADC  temperature.o
    0x080017d4   0x080017d4   0x00000034   Code   RO         3512    i.NTC_ReadRawADC    temperature.o
    0x08001808   0x08001808   0x00000070   Code   RO          137    i.NVIC_Init         misc.o
    0x08001878   0x08001878   0x00000014   Code   RO          138    i.NVIC_PriorityGroupConfig  misc.o
    0x0800188c   0x0800188c   0x00000138   Code   RO         4338    i.NoData_Setup0     usb_core.o
    0x080019c4   0x080019c4   0x0000002a   Code   RO         3377    i.OLED_Clear        oled.o
    0x080019ee   0x080019ee   0x00000002   PAD
    0x080019f0   0x080019f0   0x00000050   Code   RO         3378    i.OLED_I2C_Init     oled.o
    0x08001a40   0x08001a40   0x00000054   Code   RO         3379    i.OLED_I2C_SendByte  oled.o
    0x08001a94   0x08001a94   0x00000034   Code   RO         3380    i.OLED_I2C_Start    oled.o
    0x08001ac8   0x08001ac8   0x00000028   Code   RO         3381    i.OLED_I2C_Stop     oled.o
    0x08001af0   0x08001af0   0x000000ae   Code   RO         3382    i.OLED_Init         oled.o
    0x08001b9e   0x08001b9e   0x00000014   Code   RO         3383    i.OLED_Pow          oled.o
    0x08001bb2   0x08001bb2   0x00000022   Code   RO         3384    i.OLED_SetCursor    oled.o
    0x08001bd4   0x08001bd4   0x00000074   Code   RO         3386    i.OLED_ShowChar     oled.o
    0x08001c48   0x08001c48   0x00000044   Code   RO         3388    i.OLED_ShowNum      oled.o
    0x08001c8c   0x08001c8c   0x00000028   Code   RO         3390    i.OLED_ShowString   oled.o
    0x08001cb4   0x08001cb4   0x00000020   Code   RO         3391    i.OLED_WriteCommand  oled.o
    0x08001cd4   0x08001cd4   0x00000020   Code   RO         3392    i.OLED_WriteData    oled.o
    0x08001cf4   0x08001cf4   0x00000050   Code   RO         4339    i.Out0_Process      usb_core.o
    0x08001d44   0x08001d44   0x00000028   Code   RO         4631    i.PMAToUserBufferCopy  usb_mem.o
    0x08001d6c   0x08001d6c   0x00000084   Code   RO         3543    i.PWM_SG90_Init     pwm.o
    0x08001df0   0x08001df0   0x0000002c   Code   RO         3544    i.PWM_SG90_SetAngle  pwm.o
    0x08001e1c   0x08001e1c   0x00000048   Code   RO         4340    i.Post0_Process     usb_core.o
    0x08001e64   0x08001e64   0x00000038   Code   RO         4774    i.PowerOn           usb_pwr.o
    0x08001e9c   0x08001e9c   0x00000020   Code   RO         1775    i.RCC_APB1PeriphClockCmd  stm32f10x_rcc.o
    0x08001ebc   0x08001ebc   0x00000020   Code   RO         1777    i.RCC_APB2PeriphClockCmd  stm32f10x_rcc.o
    0x08001edc   0x08001edc   0x000000d4   Code   RO         1785    i.RCC_GetClocksFreq  stm32f10x_rcc.o
    0x08001fb0   0x08001fb0   0x0000000c   Code   RO         1803    i.RCC_USBCLKConfig  stm32f10x_rcc.o
    0x08001fbc   0x08001fbc   0x000000b0   Code   RO         4775    i.Resume            usb_pwr.o
    0x0800206c   0x0800206c   0x0000001c   Code   RO         4776    i.Resume_Init       usb_pwr.o
    0x08002088   0x08002088   0x00000040   Code   RO         3197    i.Safe_Printf       main.o
    0x080020c8   0x080020c8   0x00000010   Code   RO         4845    i.SetBTABLE         usb_regs.o
    0x080020d8   0x080020d8   0x00000050   Code   RO         4341    i.SetDeviceAddress  usb_core.o
    0x08002128   0x08002128   0x00000024   Code   RO         4859    i.SetEPRxAddr       usb_regs.o
    0x0800214c   0x0800214c   0x0000004c   Code   RO         4860    i.SetEPRxCount      usb_regs.o
    0x08002198   0x08002198   0x00000040   Code   RO         4861    i.SetEPRxStatus     usb_regs.o
    0x080021d8   0x080021d8   0x00000034   Code   RO         4862    i.SetEPRxValid      usb_regs.o
    0x0800220c   0x0800220c   0x00000020   Code   RO         4863    i.SetEPTxAddr       usb_regs.o
    0x0800222c   0x0800222c   0x0000001c   Code   RO         4864    i.SetEPTxCount      usb_regs.o
    0x08002248   0x08002248   0x00000040   Code   RO         4865    i.SetEPTxStatus     usb_regs.o
    0x08002288   0x08002288   0x00000034   Code   RO         4866    i.SetEPTxValid      usb_regs.o
    0x080022bc   0x080022bc   0x00000024   Code   RO         4867    i.SetEPType         usb_regs.o
    0x080022e0   0x080022e0   0x00000008   Code   RO           24    i.SetSysClock       system_stm32f10x.o
    0x080022e8   0x080022e8   0x000000e0   Code   RO           25    i.SetSysClockTo72   system_stm32f10x.o
    0x080023c8   0x080023c8   0x000000b8   Code   RO         4342    i.Setup0_Process    usb_core.o
    0x08002480   0x08002480   0x0000016c   Code   RO         4343    i.Standard_ClearFeature  usb_core.o
    0x080025ec   0x080025ec   0x0000002c   Code   RO         4344    i.Standard_GetConfiguration  usb_core.o
    0x08002618   0x08002618   0x00000024   Code   RO         4345    i.Standard_GetDescriptorData  usb_core.o
    0x0800263c   0x0800263c   0x0000002c   Code   RO         4346    i.Standard_GetInterface  usb_core.o
    0x08002668   0x08002668   0x00000100   Code   RO         4347    i.Standard_GetStatus  usb_core.o
    0x08002768   0x08002768   0x00000048   Code   RO         4348    i.Standard_SetConfiguration  usb_core.o
    0x080027b0   0x080027b0   0x00000028   Code   RO         4349    i.Standard_SetDeviceFeature  usb_core.o
    0x080027d8   0x080027d8   0x000000d0   Code   RO         4350    i.Standard_SetEndPointFeature  usb_core.o
    0x080028a8   0x080028a8   0x0000006c   Code   RO         4351    i.Standard_SetInterface  usb_core.o
    0x08002914   0x08002914   0x00000020   Code   RO         4777    i.Suspend           usb_pwr.o
    0x08002934   0x08002934   0x00000034   Code   RO         4263    i.SysTick_Handler   port.o
    0x08002968   0x08002968   0x00000060   Code   RO           27    i.SystemInit        system_stm32f10x.o
    0x080029c8   0x080029c8   0x00000018   Code   RO         2421    i.TIM_Cmd           stm32f10x_tim.o
    0x080029e0   0x080029e0   0x00000098   Code   RO         2450    i.TIM_OC1Init       stm32f10x_tim.o
    0x08002a78   0x08002a78   0x00000004   Code   RO         2482    i.TIM_SetCompare1   stm32f10x_tim.o
    0x08002a7c   0x08002a7c   0x000000a4   Code   RO         2492    i.TIM_TimeBaseInit  stm32f10x_tim.o
    0x08002b20   0x08002b20   0x0000007c   Code   RO         3564    i.UART_Init         uart.o
    0x08002b9c   0x08002b9c   0x00000018   Code   RO         2960    i.USART_Cmd         stm32f10x_usart.o
    0x08002bb4   0x08002bb4   0x0000001a   Code   RO         2963    i.USART_GetFlagStatus  stm32f10x_usart.o
    0x08002bce   0x08002bce   0x00000002   PAD
    0x08002bd0   0x08002bd0   0x000000d8   Code   RO         2967    i.USART_Init        stm32f10x_usart.o
    0x08002ca8   0x08002ca8   0x00000008   Code   RO         2977    i.USART_SendData    stm32f10x_usart.o
    0x08002cb0   0x08002cb0   0x00000036   Code   RO         4588    i.USB_IO_Init       usb_io.o
    0x08002ce6   0x08002ce6   0x00000002   PAD
    0x08002ce8   0x08002ce8   0x0000003c   Code   RO         4535    i.USB_Init          usb_init.o
    0x08002d24   0x08002d24   0x000000f8   Code   RO         4610    i.USB_Istr          usb_istr.o
    0x08002e1c   0x08002e1c   0x00000028   Code   RO         4589    i.USB_Keyboard_Send  usb_io.o
    0x08002e44   0x08002e44   0x00000008   Code   RO         3310    i.USB_LP_CAN1_RX0_IRQHandler  stm32f10x_it.o
    0x08002e4c   0x08002e4c   0x00000024   Code   RO         5175    i.USB_SIL_Init      usb_sil.o
    0x08002e70   0x08002e70   0x00000004   Code   RO         3311    i.UsageFault_Handler  stm32f10x_it.o
    0x08002e74   0x08002e74   0x00000038   Code   RO         4632    i.UserToPMABufferCopy  usb_mem.o
    0x08002eac   0x08002eac   0x00000010   Code   RO         5213    i.__0vprintf        mc_w.l(printfa.o)
    0x08002ebc   0x08002ebc   0x0000000e   Code   RO         5278    i.__scatterload_copy  mc_w.l(handlers.o)
    0x08002eca   0x08002eca   0x00000002   Code   RO         5279    i.__scatterload_null  mc_w.l(handlers.o)
    0x08002ecc   0x08002ecc   0x0000000e   Code   RO         5280    i.__scatterload_zeroinit  mc_w.l(handlers.o)
    0x08002eda   0x08002eda   0x00000002   PAD
    0x08002edc   0x08002edc   0x00000184   Code   RO         5216    i._fp_digits        mc_w.l(printfa.o)
    0x08003060   0x08003060   0x000006dc   Code   RO         5217    i._printf_core      mc_w.l(printfa.o)
    0x0800373c   0x0800373c   0x00000024   Code   RO         5218    i._printf_post_padding  mc_w.l(printfa.o)
    0x08003760   0x08003760   0x0000002e   Code   RO         5219    i._printf_pre_padding  mc_w.l(printfa.o)
    0x0800378e   0x0800378e   0x00000002   PAD
    0x08003790   0x08003790   0x00000024   Code   RO         3565    i.fputc             uart.o
    0x080037b4   0x080037b4   0x000001ac   Code   RO         3198    i.main              main.o
    0x08003960   0x08003960   0x000000cc   Code   RO         3831    i.prvAddCurrentTaskToDelayedList  tasks.o
    0x08003a2c   0x08003a2c   0x000000f0   Code   RO         3832    i.prvAddNewTaskToReadyList  tasks.o
    0x08003b1c   0x08003b1c   0x00000048   Code   RO         3833    i.prvCheckTasksWaitingTermination  tasks.o
    0x08003b64   0x08003b64   0x0000002a   Code   RO         3652    i.prvCopyDataFromQueue  queue.o
    0x08003b8e   0x08003b8e   0x0000007e   Code   RO         3653    i.prvCopyDataToQueue  queue.o
    0x08003c0c   0x08003c0c   0x00000078   Code   RO         3834    i.prvCreateIdleTasks  tasks.o
    0x08003c84   0x08003c84   0x0000005a   Code   RO         3835    i.prvCreateTask     tasks.o
    0x08003cde   0x08003cde   0x00000012   Code   RO         3836    i.prvDeleteTCB      tasks.o
    0x08003cf0   0x08003cf0   0x00000014   Code   RO         3654    i.prvGetHighestPriorityOfWaitToReceiveList  queue.o
    0x08003d04   0x08003d04   0x0000006c   Code   RO         4189    i.prvHeapInit       heap_4.o
    0x08003d70   0x08003d70   0x00000028   Code   RO         3837    i.prvIdleTask       tasks.o
    0x08003d98   0x08003d98   0x0000001e   Code   RO         3655    i.prvInitialiseMutex  queue.o
    0x08003db6   0x08003db6   0x00000026   Code   RO         3656    i.prvInitialiseNewQueue  queue.o
    0x08003ddc   0x08003ddc   0x0000007c   Code   RO         3838    i.prvInitialiseNewTask  tasks.o
    0x08003e58   0x08003e58   0x00000068   Code   RO         3839    i.prvInitialiseTaskLists  tasks.o
    0x08003ec0   0x08003ec0   0x00000068   Code   RO         4190    i.prvInsertBlockIntoFreeList  heap_4.o
    0x08003f28   0x08003f28   0x0000001a   Code   RO         3657    i.prvIsQueueEmpty   queue.o
    0x08003f42   0x08003f42   0x0000001e   Code   RO         3658    i.prvIsQueueFull    queue.o
    0x08003f60   0x08003f60   0x00000030   Code   RO         3840    i.prvResetNextTaskUnblockTime  tasks.o
    0x08003f90   0x08003f90   0x00000016   Code   RO         4264    i.prvTaskExitError  port.o
    0x08003fa6   0x08003fa6   0x0000007e   Code   RO         3659    i.prvUnlockQueue    queue.o
    0x08004024   0x08004024   0x00000104   Code   RO         4192    i.pvPortMalloc      heap_4.o
    0x08004128   0x08004128   0x00000014   Code   RO         3842    i.pvTaskIncrementMutexHeldCount  tasks.o
    0x0800413c   0x0800413c   0x00000024   Code   RO         4265    i.pxPortInitialiseStack  port.o
    0x08004160   0x08004160   0x00000028   Code   RO         3604    i.uxListRemove      list.o
    0x08004188   0x08004188   0x0000000c   Code   RO         3847    i.uxTaskGetNumberOfTasks  tasks.o
    0x08004194   0x08004194   0x0000001a   Code   RO         3605    i.vListInitialise   list.o
    0x080041ae   0x080041ae   0x00000006   Code   RO         3606    i.vListInitialiseItem  list.o
    0x080041b4   0x080041b4   0x00000034   Code   RO         3607    i.vListInsert       list.o
    0x080041e8   0x080041e8   0x00000024   Code   RO         4267    i.vPortEnterCritical  port.o
    0x0800420c   0x0800420c   0x00000020   Code   RO         4268    i.vPortExitCritical  port.o
    0x0800422c   0x0800422c   0x0000004c   Code   RO         4193    i.vPortFree         heap_4.o
    0x08004278   0x08004278   0x00000018   Code   RO         4269    i.vPortSetupTimerInterrupt  port.o
    0x08004290   0x08004290   0x00000034   Code   RO         3851    i.vTaskDelay        tasks.o
    0x080042c4   0x080042c4   0x00000018   Code   RO         3855    i.vTaskInternalSetTimeOutState  tasks.o
    0x080042dc   0x080042dc   0x0000000c   Code   RO         3856    i.vTaskMissedYield  tasks.o
    0x080042e8   0x080042e8   0x00000020   Code   RO         3857    i.vTaskPlaceOnEventList  tasks.o
    0x08004308   0x08004308   0x000000d8   Code   RO         3859    i.vTaskPriorityDisinheritAfterTimeout  tasks.o
    0x080043e0   0x080043e0   0x0000004c   Code   RO         3865    i.vTaskStartScheduler  tasks.o
    0x0800442c   0x0800442c   0x00000010   Code   RO         3867    i.vTaskSuspendAll   tasks.o
    0x0800443c   0x0800443c   0x00000068   Code   RO         3868    i.vTaskSwitchContext  tasks.o
    0x080044a4   0x080044a4   0x00000088   Code   RO         3199    i.vTask_KeyProcess  main.o
    0x0800452c   0x0800452c   0x0000017c   Code   RO         3200    i.vTask_OLED        main.o
    0x080046a8   0x080046a8   0x00000058   Code   RO         3201    i.vTask_Thermal     main.o
    0x08004700   0x08004700   0x0000005c   Code   RO         3202    i.vTask_UART        main.o
    0x0800475c   0x0800475c   0x00000034   Code   RO         4270    i.xPortStartScheduler  port.o
    0x08004790   0x08004790   0x00000022   Code   RO         3666    i.xQueueCreateMutex  queue.o
    0x080047b2   0x080047b2   0x0000004c   Code   RO         3667    i.xQueueGenericCreate  queue.o
    0x080047fe   0x080047fe   0x00000002   PAD
    0x08004800   0x08004800   0x000000a0   Code   RO         3668    i.xQueueGenericReset  queue.o
    0x080048a0   0x080048a0   0x00000118   Code   RO         3669    i.xQueueGenericSend  queue.o
    0x080049b8   0x080049b8   0x00000086   Code   RO         3671    i.xQueueGiveFromISR  queue.o
    0x08004a3e   0x08004a3e   0x00000002   PAD
    0x08004a40   0x08004a40   0x00000104   Code   RO         3676    i.xQueueReceive     queue.o
    0x08004b44   0x08004b44   0x00000130   Code   RO         3678    i.xQueueSemaphoreTake  queue.o
    0x08004c74   0x08004c74   0x00000060   Code   RO         3870    i.xTaskCheckForTimeOut  tasks.o
    0x08004cd4   0x08004cd4   0x00000038   Code   RO         3871    i.xTaskCreate       tasks.o
    0x08004d0c   0x08004d0c   0x0000000c   Code   RO         3879    i.xTaskGetTickCount  tasks.o
    0x08004d18   0x08004d18   0x000001a0   Code   RO         3881    i.xTaskIncrementTick  tasks.o
    0x08004eb8   0x08004eb8   0x000000b4   Code   RO         3882    i.xTaskPriorityDisinherit  tasks.o
    0x08004f6c   0x08004f6c   0x000000f4   Code   RO         3883    i.xTaskPriorityInherit  tasks.o
    0x08005060   0x08005060   0x00000118   Code   RO         3884    i.xTaskRemoveFromEventList  tasks.o
    0x08005178   0x08005178   0x00000178   Code   RO         3885    i.xTaskResumeAll    tasks.o
    0x080052f0   0x080052f0   0x000005f0   Data   RO         3393    .constdata          oled.o
    0x080058e0   0x080058e0   0x00000016   Data   RO         3513    .constdata          temperature.o
    0x080058f6   0x080058f6   0x000000a7   Data   RO         4485    .constdata          usb_desc.o
    0x0800599d   0x0800599d   0x00000003   PAD
    0x080059a0   0x080059a0   0x00000020   Data   RO         5276    Region$$Table       anon$$obj.o


    Execution Region RW_IRAM1 (Exec base: 0x20000000, Load base: 0x080059c0, Size: 0x00004aa8, Max: 0x00005000, ABSOLUTE, COMPRESSED[0x00000098])

    Exec Addr    Load Addr    Size         Type   Attr      Idx    E Section Name        Object

    0x20000000   COMPRESSED   0x00000014   Data   RW         1805    .data               stm32f10x_rcc.o
    0x20000014   COMPRESSED   0x00000031   Data   RW         3203    .data               main.o
    0x20000045   COMPRESSED   0x00000003   PAD
    0x20000048   COMPRESSED   0x00000040   Data   RW         3888    .data               tasks.o
    0x20000088   COMPRESSED   0x0000001c   Data   RW         4201    .data               heap_4.o
    0x200000a4   COMPRESSED   0x00000004   Data   RW         4271    .data               port.o
    0x200000a8   COMPRESSED   0x00000003   Data   RW         4352    .data               usb_core.o
    0x200000ab   COMPRESSED   0x0000001a   Data   RW         4486    .data               usb_desc.o
    0x200000c5   COMPRESSED   0x00000003   PAD
    0x200000c8   COMPRESSED   0x00000014   Data   RW         4537    .data               usb_init.o
    0x200000dc   COMPRESSED   0x00000004   Data   RW         4560    .data               usb_int.o
    0x200000e0   COMPRESSED   0x0000003c   Data   RW         4611    .data               usb_istr.o
    0x2000011c   COMPRESSED   0x0000009c   Data   RW         4667    .data               usb_prop.o
    0x200001b8   COMPRESSED   0x00000007   Data   RW         4778    .data               usb_pwr.o
    0x200001bf   COMPRESSED   0x00000001   PAD
    0x200001c0   COMPRESSED   0x00000004   Data   RW         5250    .data               mc_w.l(stdout.o)
    0x200001c4        -       0x000000c8   Zero   RW         3887    .bss                tasks.o
    0x2000028c        -       0x00004400   Zero   RW         4200    .bss                heap_4.o
    0x2000468c        -       0x0000001c   Zero   RW         4536    .bss                usb_init.o
    0x200046a8        -       0x00000400   Zero   RW            1    STACK               startup_stm32f10x_md.o


==============================================================================

Image component sizes


      Code (inc. data)   RO Data    RW Data    ZI Data      Debug   Object Name

         0          0          0          0          0       4500   core_cm3.o
       548         56          0         28      17408       4631   heap_4.o
       100          4          0          0          0        544   key.o
       124          0          0          0          0       5025   list.o
      1252        418          0         49          0      24884   main.o
       132         22          0          0          0     215747   misc.o
       814         22       1520          0          0       7209   oled.o
       404         48          0          4          0       8552   port.o
       176         14          0          0          0       1096   pwm.o
      1686         16          0          0          0      28261   queue.o
        36          8        236          0       1024        792   startup_stm32f10x_md.o
       394         10          0          0          0      17993   stm32f10x_adc.o
       200         18          0          0          0       3976   stm32f10x_exti.o
       352          4          0          0          0      11214   stm32f10x_gpio.o
        28          0          0          0          0       2814   stm32f10x_it.o
       288         38          0         20          0      13285   stm32f10x_rcc.o
       344         62          0          0          0      22997   stm32f10x_tim.o
       274          6          0          0          0       9696   stm32f10x_usart.o
       328         28          0          0          0      45033   system_stm32f10x.o
      3284        362          0         64        200      35365   tasks.o
       328         20         22          0          0       2984   temperature.o
       160         14          0          0          0       2296   uart.o
      3058        288          0          3          0      15907   usb_core.o
         0          0        167         26          0        944   usb_desc.o
         6          0          0          0          0       1147   usb_endp.o
        60         24          0         20         28       3798   usb_init.o
       648         32          0          4          0       1500   usb_int.o
        94          6          0          0          0       1206   usb_io.o
       248         26          0         60          0       1156   usb_istr.o
        96         10          0          0          0       1512   usb_mem.o
       712        122          0        156          0      12629   usb_prop.o
       292         34          0          7          0       2986   usb_pwr.o
       676         90          0          0          0       7936   usb_regs.o
        36          8          0          0          0        415   usb_sil.o

    ----------------------------------------------------------------------
     17198       1810       1980        448      18660     520030   Object Totals
         0          0         32          0          0          0   (incl. Generated)
        20          0          3          7          0          0   (incl. Padding)

    ----------------------------------------------------------------------

      Code (inc. data)   RO Data    RW Data    ZI Data      Debug   Library Member Name

        86          0          0          0          0          0   __dczerorl2.o
         0          0          0          0          0          0   entry.o
         0          0          0          0          0          0   entry10a.o
         0          0          0          0          0          0   entry11a.o
         8          4          0          0          0          0   entry2.o
         4          0          0          0          0          0   entry5.o
         0          0          0          0          0          0   entry7b.o
         0          0          0          0          0          0   entry8b.o
         8          4          0          0          0          0   entry9a.o
        30          0          0          0          0          0   handlers.o
        36          8          0          0          0         68   init.o
         0          0          0          0          0          0   iusefp.o
        30          0          0          0          0         68   llshl.o
        36          0          0          0          0         68   llsshr.o
        32          0          0          0          0         68   llushr.o
        36          0          0          0          0         68   memcpya.o
        36          0          0          0          0        108   memseta.o
      2242         88          0          0          0        436   printfa.o
         0          0          0          4          0          0   stdout.o
        44          0          0          0          0         80   uidiv.o
        98          0          0          0          0         92   uldiv.o
        48          0          0          0          0         68   cdrcmple.o
       334          0          0          0          0        148   dadd.o
       222          0          0          0          0        100   ddiv.o
       186          0          0          0          0        176   depilogue.o
        48          0          0          0          0         68   dfixul.o
       228          0          0          0          0         96   dmul.o

    ----------------------------------------------------------------------
      3798        104          0          4          0       1712   Library Totals
         6          0          0          0          0          0   (incl. Padding)

    ----------------------------------------------------------------------

      Code (inc. data)   RO Data    RW Data    ZI Data      Debug   Library Name

      2726        104          0          4          0       1056   mc_w.l
      1066          0          0          0          0        656   mf_w.l

    ----------------------------------------------------------------------
      3798        104          0          4          0       1712   Library Totals

    ----------------------------------------------------------------------

==============================================================================


      Code (inc. data)   RO Data    RW Data    ZI Data      Debug   

     20996       1914       1980        452      18660     511106   Grand Totals
     20996       1914       1980        152      18660     511106   ELF Image Totals (compressed)
     20996       1914       1980        152          0          0   ROM Totals

==============================================================================

    Total RO  Size (Code + RO Data)                22976 (  22.44kB)
    Total RW  Size (RW Data + ZI Data)             19112 (  18.66kB)
    Total ROM Size (Code + RO Data + RW Data)      23128 (  22.59kB)

==============================================================================

